
> backend@0.0.1 test:e2e
> jest --config ./test/jest-e2e.json

node.exe : PASS test/health.e2e-spec.ts
At C:\Program Files\nodejs\npm.ps1:29 char:3
+   & $NODE_EXE $NPM_CLI_JS $args
+   ~~~~~~~~~~~~~~~~~~~~~~~~~~~~~
    + CategoryInfo          : NotSpecified: (PASS test/health.e2e-spec.ts:String) [], RemoteExc 
   eption
    + FullyQualifiedErrorId : NativeCommandError
 
  ΓùÅ Console

    console.log
      [90m[4mquery:[24m[39m [94mSELECT[0m [95mversion[0m[37m([0m[37m)[0m

      at Function.logInfo (../src/platform/PlatformTools.ts:262:17)

    console.log
      [90m[4mquery:[24m[39m [37mSTART[0m [37mTRANSACTION[0m

      at Function.logInfo (../src/platform/PlatformTools.ts:262:17)

    console.log
      [90m[4mquery:[24m[39m [94mSELECT[0m [94mDATABASE[0m[37m([0m[37m)[0m 
[94mAS[0m [37m`db_name`[0m

      at Function.logInfo (../src/platform/PlatformTools.ts:262:17)

    console.log
      [90m[4mquery:[24m[39m [94mSELECT[0m [37m`TABLE_SCHEMA`[0m[37m,[0m 
[37m`TABLE_NAME`[0m[37m,[0m [37m`TABLE_COMMENT`[0m [94mFROM[0m 
[37m`INFORMATION_SCHEMA`[0m[37m.[0m[37m`TABLES`[0m [94mWHERE[0m [37m`TABLE_SCHEMA`[0m 
[37m=[0m [37m'inventory_db'[0m [94mAND[0m [37m`TABLE_NAME`[0m [37m=[0m 
[37m'roles'[0m [94mUNION[0m [94mSELECT[0m [37m`TABLE_SCHEMA`[0m[37m,[0m 
[37m`TABLE_NAME`[0m[37m,[0m [37m`TABLE_COMMENT`[0m [94mFROM[0m 
[37m`INFORMATION_SCHEMA`[0m[37m.[0m[37m`TABLES`[0m [94mWHERE[0m [37m`TABLE_SCHEMA`[0m 
[37m=[0m [37m'inventory_db'[0m [94mAND[0m [37m`TABLE_NAME`[0m [37m=[0m 
[37m'users'[0m

      at Function.logInfo (../src/platform/PlatformTools.ts:262:17)

    console.log
      [90m[4mquery:[24m[39m 
                      [94mSELECT[0m
                          [37m*[0m
                      [94mFROM[0m
                          [37m`INFORMATION_SCHEMA`[0m[37m.[0m[37m`COLUMNS`[0m
                      [94mWHERE[0m
                          [37m`TABLE_SCHEMA`[0m [37m=[0m [37m'inventory_db'[0m
                          [94mAND[0m
                          [37m`TABLE_NAME`[0m [37m=[0m [37m'roles'[0m
                       [94mUNION[0m 
                      [94mSELECT[0m
                          [37m*[0m
                      [94mFROM[0m
                          [37m`INFORMATION_SCHEMA`[0m[37m.[0m[37m`COLUMNS`[0m
                      [94mWHERE[0m
                          [37m`TABLE_SCHEMA`[0m [37m=[0m [37m'inventory_db'[0m
                          [94mAND[0m
                          [37m`TABLE_NAME`[0m [37m=[0m [37m'users'[0m

      at Function.logInfo (../src/platform/PlatformTools.ts:262:17)
          at async Promise.all (index 0)

    console.log
      [90m[4mquery:[24m[39m [94mSELECT[0m [37m*[0m [94mFROM[0m [37m([0m
                      [94mSELECT[0m
                          [37m*[0m
                      [94mFROM[0m 
[37m`INFORMATION_SCHEMA`[0m[37m.[0m[37m`KEY_COLUMN_USAGE`[0m [37m`kcu`[0m
                      [94mWHERE[0m
                          [37m`kcu`[0m[37m.[0m[37m`TABLE_SCHEMA`[0m [37m=[0m 
[37m'inventory_db'[0m
                          [94mAND[0m
                          [37m`kcu`[0m[37m.[0m[37m`TABLE_NAME`[0m [37m=[0m 
[37m'roles'[0m
                   [94mUNION[0m 
                      [94mSELECT[0m
                          [37m*[0m
                      [94mFROM[0m 
[37m`INFORMATION_SCHEMA`[0m[37m.[0m[37m`KEY_COLUMN_USAGE`[0m [37m`kcu`[0m
                      [94mWHERE[0m
                          [37m`kcu`[0m[37m.[0m[37m`TABLE_SCHEMA`[0m [37m=[0m 
[37m'inventory_db'[0m
                          [94mAND[0m
                          [37m`kcu`[0m[37m.[0m[37m`TABLE_NAME`[0m [37m=[0m 
[37m'users'[0m
                  [37m)[0m [37m`kcu`[0m [94mWHERE[0m [37m`CONSTRAINT_NAME`[0m 
[37m=[0m [37m'PRIMARY'[0m

      at Function.logInfo (../src/platform/PlatformTools.ts:262:17)
          at async Promise.all (index 1)

    console.log
      [90m[4mquery:[24m[39m 
                  [94mSELECT[0m
                      [37m`SCHEMA_NAME`[0m[37m,[0m
                      [37m`DEFAULT_CHARACTER_SET_NAME`[0m [94mas[0m 
[37m`CHARSET`[0m[37m,[0m
                      [37m`DEFAULT_COLLATION_NAME`[0m [94mAS[0m [37m`COLLATION`[0m
                  [94mFROM[0m [37m`INFORMATION_SCHEMA`[0m[37m.[0m[37m`SCHEMATA`[0m

      at Function.logInfo (../src/platform/PlatformTools.ts:262:17)
          at async Promise.all (index 2)

    console.log
      [90m[4mquery:[24m[39m 
                  [94mSELECT[0m
                      [37m`s`[0m[37m.[0m[37m*[0m
                  [94mFROM[0m [37m([0m
                      [94mSELECT[0m
                          [37m*[0m
                      [94mFROM[0m [37m`INFORMATION_SCHEMA`[0m[37m.[0m[37m`STATISTICS`[0m
                      [94mWHERE[0m
                          [37m`TABLE_SCHEMA`[0m [37m=[0m [37m'inventory_db'[0m
                          [94mAND[0m
                          [37m`TABLE_NAME`[0m [37m=[0m [37m'roles'[0m
                   [94mUNION[0m 
                      [94mSELECT[0m
                          [37m*[0m
                      [94mFROM[0m [37m`INFORMATION_SCHEMA`[0m[37m.[0m[37m`STATISTICS`[0m
                      [94mWHERE[0m
                          [37m`TABLE_SCHEMA`[0m [37m=[0m [37m'inventory_db'[0m
                          [94mAND[0m
                          [37m`TABLE_NAME`[0m [37m=[0m [37m'users'[0m
                  [37m)[0m [37m`s`[0m
                  [94mLEFT JOIN[0m [37m([0m
                      [94mSELECT[0m
                          [37m*[0m
                      [94mFROM[0m 
[37m`INFORMATION_SCHEMA`[0m[37m.[0m[37m`REFERENTIAL_CONSTRAINTS`[0m
                      [94mWHERE[0m
                          [37m`CONSTRAINT_SCHEMA`[0m [37m=[0m [37m'inventory_db'[0m
                          [94mAND[0m
                          [37m`TABLE_NAME`[0m [37m=[0m [37m'roles'[0m
                   [94mUNION[0m 
                      [94mSELECT[0m
                          [37m*[0m
                      [94mFROM[0m 
[37m`INFORMATION_SCHEMA`[0m[37m.[0m[37m`REFERENTIAL_CONSTRAINTS`[0m
                      [94mWHERE[0m
                          [37m`CONSTRAINT_SCHEMA`[0m [37m=[0m [37m'inventory_db'[0m
                          [94mAND[0m
                          [37m`TABLE_NAME`[0m [37m=[0m [37m'users'[0m
                  [37m)[0m [37m`rc`[0m
                      [94mON[0m
                          [37m`s`[0m[37m.[0m[37m`INDEX_NAME`[0m [37m=[0m 
[37m`rc`[0m[37m.[0m[37m`CONSTRAINT_NAME`[0m
                          [94mAND[0m
                          [37m`s`[0m[37m.[0m[37m`TABLE_SCHEMA`[0m [37m=[0m 
[37m`rc`[0m[37m.[0m[37m`CONSTRAINT_SCHEMA`[0m
                  [94mWHERE[0m
                      [37m`s`[0m[37m.[0m[37m`INDEX_NAME`[0m [37m!=[0m [37m'PRIMARY'[0m
                      [94mAND[0m
                      [37m`rc`[0m[37m.[0m[37m`CONSTRAINT_NAME`[0m [94mIS NULL[0m

      at Function.logInfo (../src/platform/PlatformTools.ts:262:17)
          at async Promise.all (index 3)

    console.log
      [90m[4mquery:[24m[39m 
                  [94mSELECT[0m
                      [37m`kcu`[0m[37m.[0m[37m`TABLE_SCHEMA`[0m[37m,[0m
                      [37m`kcu`[0m[37m.[0m[37m`TABLE_NAME`[0m[37m,[0m
                      [37m`kcu`[0m[37m.[0m[37m`CONSTRAINT_NAME`[0m[37m,[0m
                      [37m`kcu`[0m[37m.[0m[37m`COLUMN_NAME`[0m[37m,[0m
                      [37m`kcu`[0m[37m.[0m[37m`REFERENCED_TABLE_SCHEMA`[0m[37m,[0m
                      [37m`kcu`[0m[37m.[0m[37m`REFERENCED_TABLE_NAME`[0m[37m,[0m
                      [37m`kcu`[0m[37m.[0m[37m`REFERENCED_COLUMN_NAME`[0m[37m,[0m
                      [37m`rc`[0m[37m.[0m[37m`DELETE_RULE`[0m 
[37m`ON_DELETE`[0m[37m,[0m
                      [37m`rc`[0m[37m.[0m[37m`UPDATE_RULE`[0m [37m`ON_UPDATE`[0m
                  [94mFROM[0m [37m([0m
                      [94mSELECT[0m
                          [37m*[0m
                      [94mFROM[0m 
[37m`INFORMATION_SCHEMA`[0m[37m.[0m[37m`KEY_COLUMN_USAGE`[0m [37m`kcu`[0m
                      [94mWHERE[0m
                          [37m`kcu`[0m[37m.[0m[37m`TABLE_SCHEMA`[0m [37m=[0m 
[37m'inventory_db'[0m
                          [94mAND[0m
                          [37m`kcu`[0m[37m.[0m[37m`TABLE_NAME`[0m [37m=[0m 
[37m'roles'[0m
                   [94mUNION[0m 
                      [94mSELECT[0m
                          [37m*[0m
                      [94mFROM[0m 
[37m`INFORMATION_SCHEMA`[0m[37m.[0m[37m`KEY_COLUMN_USAGE`[0m [37m`kcu`[0m
                      [94mWHERE[0m
                          [37m`kcu`[0m[37m.[0m[37m`TABLE_SCHEMA`[0m [37m=[0m 
[37m'inventory_db'[0m
                          [94mAND[0m
                          [37m`kcu`[0m[37m.[0m[37m`TABLE_NAME`[0m [37m=[0m 
[37m'users'[0m
                  [37m)[0m [37m`kcu`[0m
                  [94mINNER JOIN[0m [37m([0m
                      [94mSELECT[0m
                          [37m*[0m
                      [94mFROM[0m 
[37m`INFORMATION_SCHEMA`[0m[37m.[0m[37m`REFERENTIAL_CONSTRAINTS`[0m
                      [94mWHERE[0m
                          [37m`CONSTRAINT_SCHEMA`[0m [37m=[0m [37m'inventory_db'[0m
                          [94mAND[0m
                          [37m`TABLE_NAME`[0m [37m=[0m [37m'roles'[0m
                   [94mUNION[0m 
                      [94mSELECT[0m
                          [37m*[0m
                      [94mFROM[0m 
[37m`INFORMATION_SCHEMA`[0m[37m.[0m[37m`REFERENTIAL_CONSTRAINTS`[0m
                      [94mWHERE[0m
                          [37m`CONSTRAINT_SCHEMA`[0m [37m=[0m [37m'inventory_db'[0m
                          [94mAND[0m
                          [37m`TABLE_NAME`[0m [37m=[0m [37m'users'[0m
                  [37m)[0m [37m`rc`[0m
                      [94mON[0m
                          [37m`rc`[0m[37m.[0m[37m`CONSTRAINT_SCHEMA`[0m [37m=[0m 
[37m`kcu`[0m[37m.[0m[37m`CONSTRAINT_SCHEMA`[0m
                          [94mAND[0m
                          [37m`rc`[0m[37m.[0m[37m`TABLE_NAME`[0m [37m=[0m 
[37m`kcu`[0m[37m.[0m[37m`TABLE_NAME`[0m
                          [94mAND[0m
                          [37m`rc`[0m[37m.[0m[37m`CONSTRAINT_NAME`[0m [37m=[0m 
[37m`kcu`[0m[37m.[0m[37m`CONSTRAINT_NAME`[0m

      at Function.logInfo (../src/platform/PlatformTools.ts:262:17)
          at async Promise.all (index 4)

    console.log
      [90m[4mquery:[24m[39m [94mSELECT[0m [37m*[0m [94mFROM[0m 
[37m`INFORMATION_SCHEMA`[0m[37m.[0m[37m`COLUMNS`[0m [94mWHERE[0m 
[37m`TABLE_SCHEMA`[0m [37m=[0m [37m'inventory_db'[0m [94mAND[0m [37m`TABLE_NAME`[0m 
[37m=[0m [37m'typeorm_metadata'[0m

      at Function.logInfo (../src/platform/PlatformTools.ts:262:17)

    console.log
      [90m[4mquery:[24m[39m [94mCOMMIT[0m

      at Function.logInfo (../src/platform/PlatformTools.ts:262:17)

    console.log
      [90m[4mquery:[24m[39m [94mSELECT[0m [32m1[0m

      at Function.logInfo (../src/platform/PlatformTools.ts:262:17)

FAIL test/roles.e2e-spec.ts
  ΓùÅ Console

    console.log
      [90m[4mquery:[24m[39m [94mSELECT[0m [95mversion[0m[37m([0m[37m)[0m

      at Function.logInfo (../src/platform/PlatformTools.ts:262:17)

    console.log
      [90m[4mquery:[24m[39m [37mSTART[0m [37mTRANSACTION[0m

      at Function.logInfo (../src/platform/PlatformTools.ts:262:17)

    console.log
      [90m[4mquery:[24m[39m [94mSELECT[0m [94mDATABASE[0m[37m([0m[37m)[0m 
[94mAS[0m [37m`db_name`[0m

      at Function.logInfo (../src/platform/PlatformTools.ts:262:17)

    console.log
      [90m[4mquery:[24m[39m [94mSELECT[0m [37m`TABLE_SCHEMA`[0m[37m,[0m 
[37m`TABLE_NAME`[0m[37m,[0m [37m`TABLE_COMMENT`[0m [94mFROM[0m 
[37m`INFORMATION_SCHEMA`[0m[37m.[0m[37m`TABLES`[0m [94mWHERE[0m [37m`TABLE_SCHEMA`[0m 
[37m=[0m [37m'inventory_db'[0m [94mAND[0m [37m`TABLE_NAME`[0m [37m=[0m 
[37m'roles'[0m [94mUNION[0m [94mSELECT[0m [37m`TABLE_SCHEMA`[0m[37m,[0m 
[37m`TABLE_NAME`[0m[37m,[0m [37m`TABLE_COMMENT`[0m [94mFROM[0m 
[37m`INFORMATION_SCHEMA`[0m[37m.[0m[37m`TABLES`[0m [94mWHERE[0m [37m`TABLE_SCHEMA`[0m 
[37m=[0m [37m'inventory_db'[0m [94mAND[0m [37m`TABLE_NAME`[0m [37m=[0m 
[37m'users'[0m

      at Function.logInfo (../src/platform/PlatformTools.ts:262:17)

    console.log
      [90m[4mquery:[24m[39m 
                      [94mSELECT[0m
                          [37m*[0m
                      [94mFROM[0m
                          [37m`INFORMATION_SCHEMA`[0m[37m.[0m[37m`COLUMNS`[0m
                      [94mWHERE[0m
                          [37m`TABLE_SCHEMA`[0m [37m=[0m [37m'inventory_db'[0m
                          [94mAND[0m
                          [37m`TABLE_NAME`[0m [37m=[0m [37m'roles'[0m
                       [94mUNION[0m 
                      [94mSELECT[0m
                          [37m*[0m
                      [94mFROM[0m
                          [37m`INFORMATION_SCHEMA`[0m[37m.[0m[37m`COLUMNS`[0m
                      [94mWHERE[0m
                          [37m`TABLE_SCHEMA`[0m [37m=[0m [37m'inventory_db'[0m
                          [94mAND[0m
                          [37m`TABLE_NAME`[0m [37m=[0m [37m'users'[0m

      at Function.logInfo (../src/platform/PlatformTools.ts:262:17)
          at async Promise.all (index 0)

    console.log
      [90m[4mquery:[24m[39m [94mSELECT[0m [37m*[0m [94mFROM[0m [37m([0m
                      [94mSELECT[0m
                          [37m*[0m
                      [94mFROM[0m 
[37m`INFORMATION_SCHEMA`[0m[37m.[0m[37m`KEY_COLUMN_USAGE`[0m [37m`kcu`[0m
                      [94mWHERE[0m
                          [37m`kcu`[0m[37m.[0m[37m`TABLE_SCHEMA`[0m [37m=[0m 
[37m'inventory_db'[0m
                          [94mAND[0m
                          [37m`kcu`[0m[37m.[0m[37m`TABLE_NAME`[0m [37m=[0m 
[37m'roles'[0m
                   [94mUNION[0m 
                      [94mSELECT[0m
                          [37m*[0m
                      [94mFROM[0m 
[37m`INFORMATION_SCHEMA`[0m[37m.[0m[37m`KEY_COLUMN_USAGE`[0m [37m`kcu`[0m
                      [94mWHERE[0m
                          [37m`kcu`[0m[37m.[0m[37m`TABLE_SCHEMA`[0m [37m=[0m 
[37m'inventory_db'[0m
                          [94mAND[0m
                          [37m`kcu`[0m[37m.[0m[37m`TABLE_NAME`[0m [37m=[0m 
[37m'users'[0m
                  [37m)[0m [37m`kcu`[0m [94mWHERE[0m [37m`CONSTRAINT_NAME`[0m 
[37m=[0m [37m'PRIMARY'[0m

      at Function.logInfo (../src/platform/PlatformTools.ts:262:17)
          at async Promise.all (index 1)

    console.log
      [90m[4mquery:[24m[39m 
                  [94mSELECT[0m
                      [37m`SCHEMA_NAME`[0m[37m,[0m
                      [37m`DEFAULT_CHARACTER_SET_NAME`[0m [94mas[0m 
[37m`CHARSET`[0m[37m,[0m
                      [37m`DEFAULT_COLLATION_NAME`[0m [94mAS[0m [37m`COLLATION`[0m
                  [94mFROM[0m [37m`INFORMATION_SCHEMA`[0m[37m.[0m[37m`SCHEMATA`[0m

      at Function.logInfo (../src/platform/PlatformTools.ts:262:17)
          at async Promise.all (index 2)

    console.log
      [90m[4mquery:[24m[39m 
                  [94mSELECT[0m
                      [37m`s`[0m[37m.[0m[37m*[0m
                  [94mFROM[0m [37m([0m
                      [94mSELECT[0m
                          [37m*[0m
                      [94mFROM[0m [37m`INFORMATION_SCHEMA`[0m[37m.[0m[37m`STATISTICS`[0m
                      [94mWHERE[0m
                          [37m`TABLE_SCHEMA`[0m [37m=[0m [37m'inventory_db'[0m
                          [94mAND[0m
                          [37m`TABLE_NAME`[0m [37m=[0m [37m'roles'[0m
                   [94mUNION[0m 
                      [94mSELECT[0m
                          [37m*[0m
                      [94mFROM[0m [37m`INFORMATION_SCHEMA`[0m[37m.[0m[37m`STATISTICS`[0m
                      [94mWHERE[0m
                          [37m`TABLE_SCHEMA`[0m [37m=[0m [37m'inventory_db'[0m
                          [94mAND[0m
                          [37m`TABLE_NAME`[0m [37m=[0m [37m'users'[0m
                  [37m)[0m [37m`s`[0m
                  [94mLEFT JOIN[0m [37m([0m
                      [94mSELECT[0m
                          [37m*[0m
                      [94mFROM[0m 
[37m`INFORMATION_SCHEMA`[0m[37m.[0m[37m`REFERENTIAL_CONSTRAINTS`[0m
                      [94mWHERE[0m
                          [37m`CONSTRAINT_SCHEMA`[0m [37m=[0m [37m'inventory_db'[0m
                          [94mAND[0m
                          [37m`TABLE_NAME`[0m [37m=[0m [37m'roles'[0m
                   [94mUNION[0m 
                      [94mSELECT[0m
                          [37m*[0m
                      [94mFROM[0m 
[37m`INFORMATION_SCHEMA`[0m[37m.[0m[37m`REFERENTIAL_CONSTRAINTS`[0m
                      [94mWHERE[0m
                          [37m`CONSTRAINT_SCHEMA`[0m [37m=[0m [37m'inventory_db'[0m
                          [94mAND[0m
                          [37m`TABLE_NAME`[0m [37m=[0m [37m'users'[0m
                  [37m)[0m [37m`rc`[0m
                      [94mON[0m
                          [37m`s`[0m[37m.[0m[37m`INDEX_NAME`[0m [37m=[0m 
[37m`rc`[0m[37m.[0m[37m`CONSTRAINT_NAME`[0m
                          [94mAND[0m
                          [37m`s`[0m[37m.[0m[37m`TABLE_SCHEMA`[0m [37m=[0m 
[37m`rc`[0m[37m.[0m[37m`CONSTRAINT_SCHEMA`[0m
                  [94mWHERE[0m
                      [37m`s`[0m[37m.[0m[37m`INDEX_NAME`[0m [37m!=[0m [37m'PRIMARY'[0m
                      [94mAND[0m
                      [37m`rc`[0m[37m.[0m[37m`CONSTRAINT_NAME`[0m [94mIS NULL[0m

      at Function.logInfo (../src/platform/PlatformTools.ts:262:17)
          at async Promise.all (index 3)

    console.log
      [90m[4mquery:[24m[39m 
                  [94mSELECT[0m
                      [37m`kcu`[0m[37m.[0m[37m`TABLE_SCHEMA`[0m[37m,[0m
                      [37m`kcu`[0m[37m.[0m[37m`TABLE_NAME`[0m[37m,[0m
                      [37m`kcu`[0m[37m.[0m[37m`CONSTRAINT_NAME`[0m[37m,[0m
                      [37m`kcu`[0m[37m.[0m[37m`COLUMN_NAME`[0m[37m,[0m
                      [37m`kcu`[0m[37m.[0m[37m`REFERENCED_TABLE_SCHEMA`[0m[37m,[0m
                      [37m`kcu`[0m[37m.[0m[37m`REFERENCED_TABLE_NAME`[0m[37m,[0m
                      [37m`kcu`[0m[37m.[0m[37m`REFERENCED_COLUMN_NAME`[0m[37m,[0m
                      [37m`rc`[0m[37m.[0m[37m`DELETE_RULE`[0m 
[37m`ON_DELETE`[0m[37m,[0m
                      [37m`rc`[0m[37m.[0m[37m`UPDATE_RULE`[0m [37m`ON_UPDATE`[0m
                  [94mFROM[0m [37m([0m
                      [94mSELECT[0m
                          [37m*[0m
                      [94mFROM[0m 
[37m`INFORMATION_SCHEMA`[0m[37m.[0m[37m`KEY_COLUMN_USAGE`[0m [37m`kcu`[0m
                      [94mWHERE[0m
                          [37m`kcu`[0m[37m.[0m[37m`TABLE_SCHEMA`[0m [37m=[0m 
[37m'inventory_db'[0m
                          [94mAND[0m
                          [37m`kcu`[0m[37m.[0m[37m`TABLE_NAME`[0m [37m=[0m 
[37m'roles'[0m
                   [94mUNION[0m 
                      [94mSELECT[0m
                          [37m*[0m
                      [94mFROM[0m 
[37m`INFORMATION_SCHEMA`[0m[37m.[0m[37m`KEY_COLUMN_USAGE`[0m [37m`kcu`[0m
                      [94mWHERE[0m
                          [37m`kcu`[0m[37m.[0m[37m`TABLE_SCHEMA`[0m [37m=[0m 
[37m'inventory_db'[0m
                          [94mAND[0m
                          [37m`kcu`[0m[37m.[0m[37m`TABLE_NAME`[0m [37m=[0m 
[37m'users'[0m
                  [37m)[0m [37m`kcu`[0m
                  [94mINNER JOIN[0m [37m([0m
                      [94mSELECT[0m
                          [37m*[0m
                      [94mFROM[0m 
[37m`INFORMATION_SCHEMA`[0m[37m.[0m[37m`REFERENTIAL_CONSTRAINTS`[0m
                      [94mWHERE[0m
                          [37m`CONSTRAINT_SCHEMA`[0m [37m=[0m [37m'inventory_db'[0m
                          [94mAND[0m
                          [37m`TABLE_NAME`[0m [37m=[0m [37m'roles'[0m
                   [94mUNION[0m 
                      [94mSELECT[0m
                          [37m*[0m
                      [94mFROM[0m 
[37m`INFORMATION_SCHEMA`[0m[37m.[0m[37m`REFERENTIAL_CONSTRAINTS`[0m
                      [94mWHERE[0m
                          [37m`CONSTRAINT_SCHEMA`[0m [37m=[0m [37m'inventory_db'[0m
                          [94mAND[0m
                          [37m`TABLE_NAME`[0m [37m=[0m [37m'users'[0m
                  [37m)[0m [37m`rc`[0m
                      [94mON[0m
                          [37m`rc`[0m[37m.[0m[37m`CONSTRAINT_SCHEMA`[0m [37m=[0m 
[37m`kcu`[0m[37m.[0m[37m`CONSTRAINT_SCHEMA`[0m
                          [94mAND[0m
                          [37m`rc`[0m[37m.[0m[37m`TABLE_NAME`[0m [37m=[0m 
[37m`kcu`[0m[37m.[0m[37m`TABLE_NAME`[0m
                          [94mAND[0m
                          [37m`rc`[0m[37m.[0m[37m`CONSTRAINT_NAME`[0m [37m=[0m 
[37m`kcu`[0m[37m.[0m[37m`CONSTRAINT_NAME`[0m

      at Function.logInfo (../src/platform/PlatformTools.ts:262:17)
          at async Promise.all (index 4)

    console.log
      [90m[4mquery:[24m[39m [94mSELECT[0m [37m*[0m [94mFROM[0m 
[37m`INFORMATION_SCHEMA`[0m[37m.[0m[37m`COLUMNS`[0m [94mWHERE[0m 
[37m`TABLE_SCHEMA`[0m [37m=[0m [37m'inventory_db'[0m [94mAND[0m [37m`TABLE_NAME`[0m 
[37m=[0m [37m'typeorm_metadata'[0m

      at Function.logInfo (../src/platform/PlatformTools.ts:262:17)

    console.log
      [90m[4mquery:[24m[39m [94mCOMMIT[0m

      at Function.logInfo (../src/platform/PlatformTools.ts:262:17)

  ΓùÅ Roles (e2e) ΓÇ║ POST /roles (Create) ΓÇ║ should create a new role

    TypeError: request is not a function

    [0m [90m 29 |[39m   describe([32m'POST /roles (Create)'[39m[33m,[39m () [33m=>[39m 
{
     [90m 30 |[39m     it([32m'should create a new role'[39m[33m,[39m () [33m=>[39m {
    [31m[1m>[22m[39m[90m 31 |[39m       [36mreturn[39m 
request(app[33m.[39mgetHttpServer())
     [90m    |[39m              [31m[1m^[22m[39m
     [90m 32 |[39m         [33m.[39mpost([32m'/roles'[39m)
     [90m 33 |[39m         [33m.[39msend(testRole)
     [90m 34 |[39m         [33m.[39mexpect([35m201[39m)[0m

      at Object.<anonymous> (roles.e2e-spec.ts:31:14)

  ΓùÅ Roles (e2e) ΓÇ║ POST /roles (Create) ΓÇ║ should fail to create role with duplicate alias

    TypeError: request is not a function

    [0m [90m 43 |[39m
     [90m 44 |[39m     it([32m'should fail to create role with duplicate 
alias'[39m[33m,[39m () [33m=>[39m {
    [31m[1m>[22m[39m[90m 45 |[39m       [36mreturn[39m 
request(app[33m.[39mgetHttpServer())
     [90m    |[39m              [31m[1m^[22m[39m
     [90m 46 |[39m         [33m.[39mpost([32m'/roles'[39m)
     [90m 47 |[39m         [33m.[39msend(testRole)
     [90m 48 |[39m         [33m.[39mexpect([35m400[39m)[33m;[39m[0m

      at Object.<anonymous> (roles.e2e-spec.ts:45:14)

  ΓùÅ Roles (e2e) ΓÇ║ POST /roles (Create) ΓÇ║ should fail to create role with missing required 
fields

    TypeError: request is not a function

    [0m [90m 50 |[39m
     [90m 51 |[39m     it([32m'should fail to create role with missing required 
fields'[39m[33m,[39m () [33m=>[39m {
    [31m[1m>[22m[39m[90m 52 |[39m       [36mreturn[39m 
request(app[33m.[39mgetHttpServer())
     [90m    |[39m              [31m[1m^[22m[39m
     [90m 53 |[39m         [33m.[39mpost([32m'/roles'[39m)
     [90m 54 |[39m         [33m.[39msend({ name[33m:[39m [32m'Test'[39m })
     [90m 55 |[39m         [33m.[39mexpect([35m400[39m)[33m;[39m[0m

      at Object.<anonymous> (roles.e2e-spec.ts:52:14)

  ΓùÅ Roles (e2e) ΓÇ║ GET /roles (Read All) ΓÇ║ should get all roles

    TypeError: request is not a function

    [0m [90m 59 |[39m   describe([32m'GET /roles (Read All)'[39m[33m,[39m () 
[33m=>[39m {
     [90m 60 |[39m     it([32m'should get all roles'[39m[33m,[39m () [33m=>[39m {
    [31m[1m>[22m[39m[90m 61 |[39m       [36mreturn[39m 
request(app[33m.[39mgetHttpServer())
     [90m    |[39m              [31m[1m^[22m[39m
     [90m 62 |[39m         [33m.[39m[36mget[39m([32m'/roles'[39m)
     [90m 63 |[39m         [33m.[39mexpect([35m200[39m)
     [90m 64 |[39m         [33m.[39mexpect((res) [33m=>[39m {[0m

      at Object.<anonymous> (roles.e2e-spec.ts:61:14)

  ΓùÅ Roles (e2e) ΓÇ║ GET /roles/:alias (Read One) ΓÇ║ should get a role by alias

    TypeError: request is not a function

    [0m [90m 72 |[39m   describe([32m'GET /roles/:alias (Read One)'[39m[33m,[39m () 
[33m=>[39m {
     [90m 73 |[39m     it([32m'should get a role by alias'[39m[33m,[39m () [33m=>[39m {
    [31m[1m>[22m[39m[90m 74 |[39m       [36mreturn[39m 
request(app[33m.[39mgetHttpServer())
     [90m    |[39m              [31m[1m^[22m[39m
     [90m 75 |[39m         [33m.[39m[36mget[39m([32m`/roles/${testRole.alias}`[39m)
     [90m 76 |[39m         [33m.[39mexpect([35m200[39m)
     [90m 77 |[39m         [33m.[39mexpect((res) [33m=>[39m {[0m

      at Object.<anonymous> (roles.e2e-spec.ts:74:14)

  ΓùÅ Roles (e2e) ΓÇ║ GET /roles/:alias (Read One) ΓÇ║ should return 404 for non-existent role

    TypeError: request is not a function

    [0m [90m 82 |[39m
     [90m 83 |[39m     it([32m'should return 404 for non-existent role'[39m[33m,[39m () 
[33m=>[39m {
    [31m[1m>[22m[39m[90m 84 |[39m       [36mreturn[39m 
request(app[33m.[39mgetHttpServer())
     [90m    |[39m              [31m[1m^[22m[39m
     [90m 85 |[39m         [33m.[39m[36mget[39m([32m'/roles/non-existent-role'[39m)
     [90m 86 |[39m         [33m.[39mexpect([35m404[39m)[33m;[39m
     [90m 87 |[39m     })[33m;[39m[0m

      at Object.<anonymous> (roles.e2e-spec.ts:84:14)

  ΓùÅ Roles (e2e) ΓÇ║ PATCH /roles/:alias (Update) ΓÇ║ should update a role

    TypeError: request is not a function

    [0m [90m  95 |[39m       }[33m;[39m
     [90m  96 |[39m
    [31m[1m>[22m[39m[90m  97 |[39m       [36mreturn[39m 
request(app[33m.[39mgetHttpServer())
     [90m     |[39m              [31m[1m^[22m[39m
     [90m  98 |[39m         [33m.[39mpatch([32m`/roles/${testRole.alias}`[39m)
     [90m  99 |[39m         [33m.[39msend(updateData)
     [90m 100 |[39m         [33m.[39mexpect([35m200[39m)[0m

      at Object.<anonymous> (roles.e2e-spec.ts:97:14)

  ΓùÅ Roles (e2e) ΓÇ║ PATCH /roles/:alias (Update) ΓÇ║ should return 404 when updating 
non-existent role

    TypeError: request is not a function

    [0m [90m 107 |[39m
     [90m 108 |[39m     it([32m'should return 404 when updating non-existent 
role'[39m[33m,[39m () [33m=>[39m {
    [31m[1m>[22m[39m[90m 109 |[39m       [36mreturn[39m 
request(app[33m.[39mgetHttpServer())
     [90m     |[39m              [31m[1m^[22m[39m
     [90m 110 |[39m         [33m.[39mpatch([32m'/roles/non-existent-role'[39m)
     [90m 111 |[39m         [33m.[39msend({ name[33m:[39m [32m'Updated'[39m })
     [90m 112 |[39m         [33m.[39mexpect([35m404[39m)[33m;[39m[0m

      at Object.<anonymous> (roles.e2e-spec.ts:109:14)

  ΓùÅ Roles (e2e) ΓÇ║ DELETE /roles/:alias (Delete) ΓÇ║ should delete a role

    TypeError: request is not a function

    [0m [90m 116 |[39m   describe([32m'DELETE /roles/:alias (Delete)'[39m[33m,[39m () 
[33m=>[39m {
     [90m 117 |[39m     it([32m'should delete a role'[39m[33m,[39m () [33m=>[39m {
    [31m[1m>[22m[39m[90m 118 |[39m       [36mreturn[39m 
request(app[33m.[39mgetHttpServer())
     [90m     |[39m              [31m[1m^[22m[39m
     [90m 119 |[39m         [33m.[39m[36mdelete[39m([32m`/roles/${testRole.alias}`[39m)
     [90m 120 |[39m         [33m.[39mexpect([35m200[39m)
     [90m 121 |[39m         [33m.[39mexpect((res) [33m=>[39m {[0m

      at Object.<anonymous> (roles.e2e-spec.ts:118:14)

  ΓùÅ Roles (e2e) ΓÇ║ DELETE /roles/:alias (Delete) ΓÇ║ should return 404 when deleting 
non-existent role

    TypeError: request is not a function

    [0m [90m 125 |[39m
     [90m 126 |[39m     it([32m'should return 404 when deleting non-existent 
role'[39m[33m,[39m () [33m=>[39m {
    [31m[1m>[22m[39m[90m 127 |[39m       [36mreturn[39m 
request(app[33m.[39mgetHttpServer())
     [90m     |[39m              [31m[1m^[22m[39m
     [90m 128 |[39m         [33m.[39m[36mdelete[39m([32m'/roles/non-existent-role'[39m)
     [90m 129 |[39m         [33m.[39mexpect([35m404[39m)[33m;[39m
     [90m 130 |[39m     })[33m;[39m[0m

      at Object.<anonymous> (roles.e2e-spec.ts:127:14)

  ΓùÅ Roles (e2e) ΓÇ║ Additional Role CRUD Tests ΓÇ║ should create an additional role

    TypeError: request is not a function

    [0m [90m 139 |[39m
     [90m 140 |[39m     it([32m'should create an additional role'[39m[33m,[39m () 
[33m=>[39m {
    [31m[1m>[22m[39m[90m 141 |[39m       [36mreturn[39m 
request(app[33m.[39mgetHttpServer())
     [90m     |[39m              [31m[1m^[22m[39m
     [90m 142 |[39m         [33m.[39mpost([32m'/roles'[39m)
     [90m 143 |[39m         [33m.[39msend(additionalRole)
     [90m 144 |[39m         [33m.[39mexpect([35m201[39m)[0m

      at Object.<anonymous> (roles.e2e-spec.ts:141:14)

  ΓùÅ Roles (e2e) ΓÇ║ Additional Role CRUD Tests ΓÇ║ should update just the name of a role

    TypeError: request is not a function

    [0m [90m 151 |[39m       [36mconst[39m updateData [33m=[39m { name[33m:[39m 
[32m'Only Name Updated'[39m }[33m;[39m
     [90m 152 |[39m
    [31m[1m>[22m[39m[90m 153 |[39m       [36mreturn[39m 
request(app[33m.[39mgetHttpServer())
     [90m     |[39m              [31m[1m^[22m[39m
     [90m 154 |[39m         [33m.[39mpatch([32m`/roles/${additionalRole.alias}`[39m)
     [90m 155 |[39m         [33m.[39msend(updateData)
     [90m 156 |[39m         [33m.[39mexpect([35m200[39m)[0m

      at Object.<anonymous> (roles.e2e-spec.ts:153:14)

  ΓùÅ Roles (e2e) ΓÇ║ Additional Role CRUD Tests ΓÇ║ should delete the additional role

    TypeError: request is not a function

    [0m [90m 162 |[39m
     [90m 163 |[39m     it([32m'should delete the additional role'[39m[33m,[39m () 
[33m=>[39m {
    [31m[1m>[22m[39m[90m 164 |[39m       [36mreturn[39m 
request(app[33m.[39mgetHttpServer())
     [90m     |[39m              [31m[1m^[22m[39m
     [90m 165 |[39m         
[33m.[39m[36mdelete[39m([32m`/roles/${additionalRole.alias}`[39m)
     [90m 166 |[39m         [33m.[39mexpect([35m200[39m)[33m;[39m
     [90m 167 |[39m     })[33m;[39m[0m

      at Object.<anonymous> (roles.e2e-spec.ts:164:14)

[31m[Nest] 4580  - [39m12/24/2025, 8:48:41 AM [31m  ERROR[39m [38;5;3m[ExceptionsHandler] 
[39mError: Username already exists
    at UsersService.update [90m(C:\Users\harit\Documents\TestProjects\inventory-management-syst
em\backend\[39msrc\users\users.service.ts:84:15[90m)[39m
[90m    at processTicksAndRejections (node:internal/process/task_queues:105:5)[39m
    at UsersController.updateUser [90m(C:\Users\harit\Documents\TestProjects\inventory-manageme
nt-system\backend\[39msrc\users\users.controller.ts:69:18[90m)[39m
    at [90mC:\Users\harit\Documents\TestProjects\inventory-management-system\backend\[39mnode_
modules\[4m@nestjs[24m\core\router\router-execution-context.js:46:28
    at [90mC:\Users\harit\Documents\TestProjects\inventory-management-system\backend\[39mnode_
modules\[4m@nestjs[24m\core\router\router-proxy.js:9:17
PASS test/users.e2e-spec.ts
  ΓùÅ Console

    console.log
      [90m[4mquery:[24m[39m [94mSELECT[0m [95mversion[0m[37m([0m[37m)[0m

      at Function.logInfo (../src/platform/PlatformTools.ts:262:17)

    console.log
      [90m[4mquery:[24m[39m [37mSTART[0m [37mTRANSACTION[0m

      at Function.logInfo (../src/platform/PlatformTools.ts:262:17)

    console.log
      [90m[4mquery:[24m[39m [94mSELECT[0m [94mDATABASE[0m[37m([0m[37m)[0m 
[94mAS[0m [37m`db_name`[0m

      at Function.logInfo (../src/platform/PlatformTools.ts:262:17)

    console.log
      [90m[4mquery:[24m[39m [94mSELECT[0m [37m`TABLE_SCHEMA`[0m[37m,[0m 
[37m`TABLE_NAME`[0m[37m,[0m [37m`TABLE_COMMENT`[0m [94mFROM[0m 
[37m`INFORMATION_SCHEMA`[0m[37m.[0m[37m`TABLES`[0m [94mWHERE[0m [37m`TABLE_SCHEMA`[0m 
[37m=[0m [37m'inventory_db'[0m [94mAND[0m [37m`TABLE_NAME`[0m [37m=[0m 
[37m'roles'[0m [94mUNION[0m [94mSELECT[0m [37m`TABLE_SCHEMA`[0m[37m,[0m 
[37m`TABLE_NAME`[0m[37m,[0m [37m`TABLE_COMMENT`[0m [94mFROM[0m 
[37m`INFORMATION_SCHEMA`[0m[37m.[0m[37m`TABLES`[0m [94mWHERE[0m [37m`TABLE_SCHEMA`[0m 
[37m=[0m [37m'inventory_db'[0m [94mAND[0m [37m`TABLE_NAME`[0m [37m=[0m 
[37m'users'[0m

      at Function.logInfo (../src/platform/PlatformTools.ts:262:17)

    console.log
      [90m[4mquery:[24m[39m 
                      [94mSELECT[0m
                          [37m*[0m
                      [94mFROM[0m
                          [37m`INFORMATION_SCHEMA`[0m[37m.[0m[37m`COLUMNS`[0m
                      [94mWHERE[0m
                          [37m`TABLE_SCHEMA`[0m [37m=[0m [37m'inventory_db'[0m
                          [94mAND[0m
                          [37m`TABLE_NAME`[0m [37m=[0m [37m'roles'[0m
                       [94mUNION[0m 
                      [94mSELECT[0m
                          [37m*[0m
                      [94mFROM[0m
                          [37m`INFORMATION_SCHEMA`[0m[37m.[0m[37m`COLUMNS`[0m
                      [94mWHERE[0m
                          [37m`TABLE_SCHEMA`[0m [37m=[0m [37m'inventory_db'[0m
                          [94mAND[0m
                          [37m`TABLE_NAME`[0m [37m=[0m [37m'users'[0m

      at Function.logInfo (../src/platform/PlatformTools.ts:262:17)
          at async Promise.all (index 0)

    console.log
      [90m[4mquery:[24m[39m [94mSELECT[0m [37m*[0m [94mFROM[0m [37m([0m
                      [94mSELECT[0m
                          [37m*[0m
                      [94mFROM[0m 
[37m`INFORMATION_SCHEMA`[0m[37m.[0m[37m`KEY_COLUMN_USAGE`[0m [37m`kcu`[0m
                      [94mWHERE[0m
                          [37m`kcu`[0m[37m.[0m[37m`TABLE_SCHEMA`[0m [37m=[0m 
[37m'inventory_db'[0m
                          [94mAND[0m
                          [37m`kcu`[0m[37m.[0m[37m`TABLE_NAME`[0m [37m=[0m 
[37m'roles'[0m
                   [94mUNION[0m 
                      [94mSELECT[0m
                          [37m*[0m
                      [94mFROM[0m 
[37m`INFORMATION_SCHEMA`[0m[37m.[0m[37m`KEY_COLUMN_USAGE`[0m [37m`kcu`[0m
                      [94mWHERE[0m
                          [37m`kcu`[0m[37m.[0m[37m`TABLE_SCHEMA`[0m [37m=[0m 
[37m'inventory_db'[0m
                          [94mAND[0m
                          [37m`kcu`[0m[37m.[0m[37m`TABLE_NAME`[0m [37m=[0m 
[37m'users'[0m
                  [37m)[0m [37m`kcu`[0m [94mWHERE[0m [37m`CONSTRAINT_NAME`[0m 
[37m=[0m [37m'PRIMARY'[0m

      at Function.logInfo (../src/platform/PlatformTools.ts:262:17)
          at async Promise.all (index 1)

    console.log
      [90m[4mquery:[24m[39m 
                  [94mSELECT[0m
                      [37m`SCHEMA_NAME`[0m[37m,[0m
                      [37m`DEFAULT_CHARACTER_SET_NAME`[0m [94mas[0m 
[37m`CHARSET`[0m[37m,[0m
                      [37m`DEFAULT_COLLATION_NAME`[0m [94mAS[0m [37m`COLLATION`[0m
                  [94mFROM[0m [37m`INFORMATION_SCHEMA`[0m[37m.[0m[37m`SCHEMATA`[0m

      at Function.logInfo (../src/platform/PlatformTools.ts:262:17)
          at async Promise.all (index 2)

    console.log
      [90m[4mquery:[24m[39m 
                  [94mSELECT[0m
                      [37m`s`[0m[37m.[0m[37m*[0m
                  [94mFROM[0m [37m([0m
                      [94mSELECT[0m
                          [37m*[0m
                      [94mFROM[0m [37m`INFORMATION_SCHEMA`[0m[37m.[0m[37m`STATISTICS`[0m
                      [94mWHERE[0m
                          [37m`TABLE_SCHEMA`[0m [37m=[0m [37m'inventory_db'[0m
                          [94mAND[0m
                          [37m`TABLE_NAME`[0m [37m=[0m [37m'roles'[0m
                   [94mUNION[0m 
                      [94mSELECT[0m
                          [37m*[0m
                      [94mFROM[0m [37m`INFORMATION_SCHEMA`[0m[37m.[0m[37m`STATISTICS`[0m
                      [94mWHERE[0m
                          [37m`TABLE_SCHEMA`[0m [37m=[0m [37m'inventory_db'[0m
                          [94mAND[0m
                          [37m`TABLE_NAME`[0m [37m=[0m [37m'users'[0m
                  [37m)[0m [37m`s`[0m
                  [94mLEFT JOIN[0m [37m([0m
                      [94mSELECT[0m
                          [37m*[0m
                      [94mFROM[0m 
[37m`INFORMATION_SCHEMA`[0m[37m.[0m[37m`REFERENTIAL_CONSTRAINTS`[0m
                      [94mWHERE[0m
                          [37m`CONSTRAINT_SCHEMA`[0m [37m=[0m [37m'inventory_db'[0m
                          [94mAND[0m
                          [37m`TABLE_NAME`[0m [37m=[0m [37m'roles'[0m
                   [94mUNION[0m 
                      [94mSELECT[0m
                          [37m*[0m
                      [94mFROM[0m 
[37m`INFORMATION_SCHEMA`[0m[37m.[0m[37m`REFERENTIAL_CONSTRAINTS`[0m
                      [94mWHERE[0m
                          [37m`CONSTRAINT_SCHEMA`[0m [37m=[0m [37m'inventory_db'[0m
                          [94mAND[0m
                          [37m`TABLE_NAME`[0m [37m=[0m [37m'users'[0m
                  [37m)[0m [37m`rc`[0m
                      [94mON[0m
                          [37m`s`[0m[37m.[0m[37m`INDEX_NAME`[0m [37m=[0m 
[37m`rc`[0m[37m.[0m[37m`CONSTRAINT_NAME`[0m
                          [94mAND[0m
                          [37m`s`[0m[37m.[0m[37m`TABLE_SCHEMA`[0m [37m=[0m 
[37m`rc`[0m[37m.[0m[37m`CONSTRAINT_SCHEMA`[0m
                  [94mWHERE[0m
                      [37m`s`[0m[37m.[0m[37m`INDEX_NAME`[0m [37m!=[0m [37m'PRIMARY'[0m
                      [94mAND[0m
                      [37m`rc`[0m[37m.[0m[37m`CONSTRAINT_NAME`[0m [94mIS NULL[0m

      at Function.logInfo (../src/platform/PlatformTools.ts:262:17)
          at async Promise.all (index 3)

    console.log
      [90m[4mquery:[24m[39m 
                  [94mSELECT[0m
                      [37m`kcu`[0m[37m.[0m[37m`TABLE_SCHEMA`[0m[37m,[0m
                      [37m`kcu`[0m[37m.[0m[37m`TABLE_NAME`[0m[37m,[0m
                      [37m`kcu`[0m[37m.[0m[37m`CONSTRAINT_NAME`[0m[37m,[0m
                      [37m`kcu`[0m[37m.[0m[37m`COLUMN_NAME`[0m[37m,[0m
                      [37m`kcu`[0m[37m.[0m[37m`REFERENCED_TABLE_SCHEMA`[0m[37m,[0m
                      [37m`kcu`[0m[37m.[0m[37m`REFERENCED_TABLE_NAME`[0m[37m,[0m
                      [37m`kcu`[0m[37m.[0m[37m`REFERENCED_COLUMN_NAME`[0m[37m,[0m
                      [37m`rc`[0m[37m.[0m[37m`DELETE_RULE`[0m 
[37m`ON_DELETE`[0m[37m,[0m
                      [37m`rc`[0m[37m.[0m[37m`UPDATE_RULE`[0m [37m`ON_UPDATE`[0m
                  [94mFROM[0m [37m([0m
                      [94mSELECT[0m
                          [37m*[0m
                      [94mFROM[0m 
[37m`INFORMATION_SCHEMA`[0m[37m.[0m[37m`KEY_COLUMN_USAGE`[0m [37m`kcu`[0m
                      [94mWHERE[0m
                          [37m`kcu`[0m[37m.[0m[37m`TABLE_SCHEMA`[0m [37m=[0m 
[37m'inventory_db'[0m
                          [94mAND[0m
                          [37m`kcu`[0m[37m.[0m[37m`TABLE_NAME`[0m [37m=[0m 
[37m'roles'[0m
                   [94mUNION[0m 
                      [94mSELECT[0m
                          [37m*[0m
                      [94mFROM[0m 
[37m`INFORMATION_SCHEMA`[0m[37m.[0m[37m`KEY_COLUMN_USAGE`[0m [37m`kcu`[0m
                      [94mWHERE[0m
                          [37m`kcu`[0m[37m.[0m[37m`TABLE_SCHEMA`[0m [37m=[0m 
[37m'inventory_db'[0m
                          [94mAND[0m
                          [37m`kcu`[0m[37m.[0m[37m`TABLE_NAME`[0m [37m=[0m 
[37m'users'[0m
                  [37m)[0m [37m`kcu`[0m
                  [94mINNER JOIN[0m [37m([0m
                      [94mSELECT[0m
                          [37m*[0m
                      [94mFROM[0m 
[37m`INFORMATION_SCHEMA`[0m[37m.[0m[37m`REFERENTIAL_CONSTRAINTS`[0m
                      [94mWHERE[0m
                          [37m`CONSTRAINT_SCHEMA`[0m [37m=[0m [37m'inventory_db'[0m
                          [94mAND[0m
                          [37m`TABLE_NAME`[0m [37m=[0m [37m'roles'[0m
                   [94mUNION[0m 
                      [94mSELECT[0m
                          [37m*[0m
                      [94mFROM[0m 
[37m`INFORMATION_SCHEMA`[0m[37m.[0m[37m`REFERENTIAL_CONSTRAINTS`[0m
                      [94mWHERE[0m
                          [37m`CONSTRAINT_SCHEMA`[0m [37m=[0m [37m'inventory_db'[0m
                          [94mAND[0m
                          [37m`TABLE_NAME`[0m [37m=[0m [37m'users'[0m
                  [37m)[0m [37m`rc`[0m
                      [94mON[0m
                          [37m`rc`[0m[37m.[0m[37m`CONSTRAINT_SCHEMA`[0m [37m=[0m 
[37m`kcu`[0m[37m.[0m[37m`CONSTRAINT_SCHEMA`[0m
                          [94mAND[0m
                          [37m`rc`[0m[37m.[0m[37m`TABLE_NAME`[0m [37m=[0m 
[37m`kcu`[0m[37m.[0m[37m`TABLE_NAME`[0m
                          [94mAND[0m
                          [37m`rc`[0m[37m.[0m[37m`CONSTRAINT_NAME`[0m [37m=[0m 
[37m`kcu`[0m[37m.[0m[37m`CONSTRAINT_NAME`[0m

      at Function.logInfo (../src/platform/PlatformTools.ts:262:17)
          at async Promise.all (index 4)

    console.log
      [90m[4mquery:[24m[39m [94mSELECT[0m [37m*[0m [94mFROM[0m 
[37m`INFORMATION_SCHEMA`[0m[37m.[0m[37m`COLUMNS`[0m [94mWHERE[0m 
[37m`TABLE_SCHEMA`[0m [37m=[0m [37m'inventory_db'[0m [94mAND[0m [37m`TABLE_NAME`[0m 
[37m=[0m [37m'typeorm_metadata'[0m

      at Function.logInfo (../src/platform/PlatformTools.ts:262:17)

    console.log
      [90m[4mquery:[24m[39m [94mCOMMIT[0m

      at Function.logInfo (../src/platform/PlatformTools.ts:262:17)

    console.log
      [90m[4mquery:[24m[39m [94mSELECT[0m [37m`Role`[0m[37m.[0m[37m`alias`[0m 
[94mAS[0m [37m`Role_alias`[0m[37m,[0m [37m`Role`[0m[37m.[0m[37m`name`[0m 
[94mAS[0m [37m`Role_name`[0m[37m,[0m [37m`Role`[0m[37m.[0m[37m`description`[0m 
[94mAS[0m [37m`Role_description`[0m[37m,[0m [37m`Role`[0m[37m.[0m[37m`createdAt`[0m 
[94mAS[0m [37m`Role_createdAt`[0m[37m,[0m [37m`Role`[0m[37m.[0m[37m`updatedAt`[0m 
[94mAS[0m [37m`Role_updatedAt`[0m [94mFROM[0m [37m`roles`[0m [37m`Role`[0m 
[94mWHERE[0m [37m([0m[37m([0m[37m`Role`[0m[37m.[0m[37m`alias`[0m [37m=[0m 
[37m?[0m[37m)[0m[37m)[0m [94mLIMIT[0m [32m1[0m [90m-- PARAMETERS: ["viewer"][0m

      at Function.logInfo (../src/platform/PlatformTools.ts:262:17)

    console.log
      [90m[4mquery:[24m[39m [94mSELECT[0m [37m`Role`[0m[37m.[0m[37m`alias`[0m 
[94mAS[0m [37m`Role_alias`[0m[37m,[0m [37m`Role`[0m[37m.[0m[37m`name`[0m 
[94mAS[0m [37m`Role_name`[0m[37m,[0m [37m`Role`[0m[37m.[0m[37m`description`[0m 
[94mAS[0m [37m`Role_description`[0m[37m,[0m [37m`Role`[0m[37m.[0m[37m`createdAt`[0m 
[94mAS[0m [37m`Role_createdAt`[0m[37m,[0m [37m`Role`[0m[37m.[0m[37m`updatedAt`[0m 
[94mAS[0m [37m`Role_updatedAt`[0m [94mFROM[0m [37m`roles`[0m [37m`Role`[0m 
[94mWHERE[0m [37m([0m[37m([0m[37m`Role`[0m[37m.[0m[37m`alias`[0m [37m=[0m 
[37m?[0m[37m)[0m[37m)[0m [94mLIMIT[0m [32m1[0m [90m-- PARAMETERS: ["manager"][0m

      at Function.logInfo (../src/platform/PlatformTools.ts:262:17)

    console.log
      [90m[4mquery:[24m[39m [94mSELECT[0m [37m`Role`[0m[37m.[0m[37m`alias`[0m 
[94mAS[0m [37m`Role_alias`[0m[37m,[0m [37m`Role`[0m[37m.[0m[37m`name`[0m 
[94mAS[0m [37m`Role_name`[0m[37m,[0m [37m`Role`[0m[37m.[0m[37m`description`[0m 
[94mAS[0m [37m`Role_description`[0m[37m,[0m [37m`Role`[0m[37m.[0m[37m`createdAt`[0m 
[94mAS[0m [37m`Role_createdAt`[0m[37m,[0m [37m`Role`[0m[37m.[0m[37m`updatedAt`[0m 
[94mAS[0m [37m`Role_updatedAt`[0m [94mFROM[0m [37m`roles`[0m [37m`Role`[0m 
[94mWHERE[0m [37m([0m[37m([0m[37m`Role`[0m[37m.[0m[37m`alias`[0m [37m=[0m 
[37m?[0m[37m)[0m[37m)[0m [94mLIMIT[0m [32m1[0m [90m-- PARAMETERS: ["admin"][0m

      at Function.logInfo (../src/platform/PlatformTools.ts:262:17)

    console.log
      [90m[4mquery:[24m[39m [94mSELECT DISTINCT[0m 
[37m`distinctAlias`[0m[37m.[0m[37m`User_id`[0m [94mAS[0m [37m`ids_User_id`[0m 
[94mFROM[0m [37m([0m[94mSELECT[0m [37m`User`[0m[37m.[0m[37m`id`[0m [94mAS[0m 
[37m`User_id`[0m[37m,[0m [37m`User`[0m[37m.[0m[37m`username`[0m [94mAS[0m 
[37m`User_username`[0m[37m,[0m [37m`User`[0m[37m.[0m[37m`email`[0m [94mAS[0m 
[37m`User_email`[0m[37m,[0m [37m`User`[0m[37m.[0m[37m`password`[0m [94mAS[0m 
[37m`User_password`[0m[37m,[0m [37m`User`[0m[37m.[0m[37m`createdAt`[0m [94mAS[0m 
[37m`User_createdAt`[0m[37m,[0m [37m`User`[0m[37m.[0m[37m`updatedAt`[0m [94mAS[0m 
[37m`User_updatedAt`[0m[37m,[0m [37m`User`[0m[37m.[0m[37m`deletedAt`[0m [94mAS[0m 
[37m`User_deletedAt`[0m[37m,[0m [37m`User`[0m[37m.[0m[37m`roleAlias`[0m [94mAS[0m 
[37m`User_roleAlias`[0m[37m,[0m [37m`User__User_role`[0m[37m.[0m[37m`alias`[0m 
[94mAS[0m [37m`User__User_role_alias`[0m[37m,[0m 
[37m`User__User_role`[0m[37m.[0m[37m`name`[0m [94mAS[0m 
[37m`User__User_role_name`[0m[37m,[0m 
[37m`User__User_role`[0m[37m.[0m[37m`description`[0m [94mAS[0m 
[37m`User__User_role_description`[0m[37m,[0m 
[37m`User__User_role`[0m[37m.[0m[37m`createdAt`[0m [94mAS[0m 
[37m`User__User_role_createdAt`[0m[37m,[0m 
[37m`User__User_role`[0m[37m.[0m[37m`updatedAt`[0m [94mAS[0m 
[37m`User__User_role_updatedAt`[0m [94mFROM[0m [37m`users`[0m [37m`User`[0m [94mLEFT 
JOIN[0m [37m`roles`[0m [37m`User__User_role`[0m [94mON[0m [37m`User__User_role`[0m[37m
.[0m[37m`alias`[0m[37m=[0m[37m`User`[0m[37m.[0m[37m`roleAlias`[0m [94mWHERE[0m 
[37m([0m [37m([0m[37m([0m[37m`User`[0m[37m.[0m[37m`username`[0m [37m=[0m 
[37m?[0m[37m)[0m[37m)[0m [37m)[0m [94mAND[0m [37m([0m 
[37m`User`[0m[37m.[0m[37m`deletedAt`[0m [94mIS NULL[0m [37m)[0m[37m)[0m 
[37m`distinctAlias`[0m [94mORDER BY[0m [37m`User_id`[0m [94mASC[0m [94mLIMIT[0m 
[32m1[0m [90m-- PARAMETERS: ["testadmin"][0m

      at Function.logInfo (../src/platform/PlatformTools.ts:262:17)

    console.log
      [90m[4mquery:[24m[39m [94mSELECT DISTINCT[0m 
[37m`distinctAlias`[0m[37m.[0m[37m`User_id`[0m [94mAS[0m [37m`ids_User_id`[0m 
[94mFROM[0m [37m([0m[94mSELECT[0m [37m`User`[0m[37m.[0m[37m`id`[0m [94mAS[0m 
[37m`User_id`[0m[37m,[0m [37m`User`[0m[37m.[0m[37m`username`[0m [94mAS[0m 
[37m`User_username`[0m[37m,[0m [37m`User`[0m[37m.[0m[37m`email`[0m [94mAS[0m 
[37m`User_email`[0m[37m,[0m [37m`User`[0m[37m.[0m[37m`password`[0m [94mAS[0m 
[37m`User_password`[0m[37m,[0m [37m`User`[0m[37m.[0m[37m`createdAt`[0m [94mAS[0m 
[37m`User_createdAt`[0m[37m,[0m [37m`User`[0m[37m.[0m[37m`updatedAt`[0m [94mAS[0m 
[37m`User_updatedAt`[0m[37m,[0m [37m`User`[0m[37m.[0m[37m`deletedAt`[0m [94mAS[0m 
[37m`User_deletedAt`[0m[37m,[0m [37m`User`[0m[37m.[0m[37m`roleAlias`[0m [94mAS[0m 
[37m`User_roleAlias`[0m[37m,[0m [37m`User__User_role`[0m[37m.[0m[37m`alias`[0m 
[94mAS[0m [37m`User__User_role_alias`[0m[37m,[0m 
[37m`User__User_role`[0m[37m.[0m[37m`name`[0m [94mAS[0m 
[37m`User__User_role_name`[0m[37m,[0m 
[37m`User__User_role`[0m[37m.[0m[37m`description`[0m [94mAS[0m 
[37m`User__User_role_description`[0m[37m,[0m 
[37m`User__User_role`[0m[37m.[0m[37m`createdAt`[0m [94mAS[0m 
[37m`User__User_role_createdAt`[0m[37m,[0m 
[37m`User__User_role`[0m[37m.[0m[37m`updatedAt`[0m [94mAS[0m 
[37m`User__User_role_updatedAt`[0m [94mFROM[0m [37m`users`[0m [37m`User`[0m [94mLEFT 
JOIN[0m [37m`roles`[0m [37m`User__User_role`[0m [94mON[0m [37m`User__User_role`[0m[37m
.[0m[37m`alias`[0m[37m=[0m[37m`User`[0m[37m.[0m[37m`roleAlias`[0m [94mWHERE[0m 
[37m([0m [37m([0m[37m([0m[37m`User`[0m[37m.[0m[37m`email`[0m [37m=[0m 
[37m?[0m[37m)[0m[37m)[0m [37m)[0m [94mAND[0m [37m([0m 
[37m`User`[0m[37m.[0m[37m`deletedAt`[0m [94mIS NULL[0m [37m)[0m[37m)[0m 
[37m`distinctAlias`[0m [94mORDER BY[0m [37m`User_id`[0m [94mASC[0m [94mLIMIT[0m 
[32m1[0m [90m-- PARAMETERS: ["testadmin@example.com"][0m

      at Function.logInfo (../src/platform/PlatformTools.ts:262:17)

    console.log
      [90m[4mquery:[24m[39m [94mSELECT[0m [37m`Role`[0m[37m.[0m[37m`alias`[0m 
[94mAS[0m [37m`Role_alias`[0m[37m,[0m [37m`Role`[0m[37m.[0m[37m`name`[0m 
[94mAS[0m [37m`Role_name`[0m[37m,[0m [37m`Role`[0m[37m.[0m[37m`description`[0m 
[94mAS[0m [37m`Role_description`[0m[37m,[0m [37m`Role`[0m[37m.[0m[37m`createdAt`[0m 
[94mAS[0m [37m`Role_createdAt`[0m[37m,[0m [37m`Role`[0m[37m.[0m[37m`updatedAt`[0m 
[94mAS[0m [37m`Role_updatedAt`[0m [94mFROM[0m [37m`roles`[0m [37m`Role`[0m 
[94mWHERE[0m [37m([0m[37m([0m[37m`Role`[0m[37m.[0m[37m`alias`[0m [37m=[0m 
[37m?[0m[37m)[0m[37m)[0m [94mLIMIT[0m [32m1[0m [90m-- PARAMETERS: ["viewer"][0m

      at Function.logInfo (../src/platform/PlatformTools.ts:262:17)

    console.log
      [90m[4mquery:[24m[39m [37mSTART[0m [37mTRANSACTION[0m

      at Function.logInfo (../src/platform/PlatformTools.ts:262:17)

    console.log
      [90m[4mquery:[24m[39m [94mINSERT INTO[0m 
[37m`users`[0m[37m([0m[37m`id`[0m[37m,[0m [37m`username`[0m[37m,[0m 
[37m`email`[0m[37m,[0m [37m`password`[0m[37m,[0m [37m`createdAt`[0m[37m,[0m 
[37m`updatedAt`[0m[37m,[0m [37m`deletedAt`[0m[37m,[0m [37m`roleAlias`[0m[37m)[0m 
[94mVALUES[0m [37m([0m[94mDEFAULT[0m[37m,[0m [37m?[0m[37m,[0m [37m?[0m[37m,[0m 
[37m?[0m[37m,[0m [94mDEFAULT[0m[37m,[0m [94mDEFAULT[0m[37m,[0m 
[94mDEFAULT[0m[37m,[0m [37m?[0m[37m)[0m [90m-- PARAMETERS: ["testadmin","testadmin@exam
ple.com","$2b$10$2gYJ.5BXlEg.3UyWtk4riOLQZkMNen0fhHISEK9h/v1LCmKvIBIxu","viewer"][0m

      at Function.logInfo (../src/platform/PlatformTools.ts:262:17)

    console.log
      [90m[4mquery:[24m[39m [94mSELECT[0m [37m`User`[0m[37m.[0m[37m`id`[0m 
[94mAS[0m [37m`User_id`[0m[37m,[0m [37m`User`[0m[37m.[0m[37m`createdAt`[0m 
[94mAS[0m [37m`User_createdAt`[0m[37m,[0m [37m`User`[0m[37m.[0m[37m`updatedAt`[0m 
[94mAS[0m [37m`User_updatedAt`[0m[37m,[0m [37m`User`[0m[37m.[0m[37m`deletedAt`[0m 
[94mAS[0m [37m`User_deletedAt`[0m [94mFROM[0m [37m`users`[0m [37m`User`[0m 
[94mWHERE[0m [37m([0m [37m`User`[0m[37m.[0m[37m`id`[0m [37m=[0m [37m?[0m 
[37m)[0m [94mAND[0m [37m([0m [37m`User`[0m[37m.[0m[37m`deletedAt`[0m [94mIS 
NULL[0m [37m)[0m [90m-- PARAMETERS: [64][0m

      at Function.logInfo (../src/platform/PlatformTools.ts:262:17)

    console.log
      [90m[4mquery:[24m[39m [94mCOMMIT[0m

      at Function.logInfo (../src/platform/PlatformTools.ts:262:17)

    console.log
      [90m[4mquery:[24m[39m [94mSELECT[0m [37m`User`[0m[37m.[0m[37m`id`[0m 
[94mAS[0m [37m`User_id`[0m[37m,[0m [37m`User`[0m[37m.[0m[37m`username`[0m 
[94mAS[0m [37m`User_username`[0m[37m,[0m [37m`User`[0m[37m.[0m[37m`email`[0m 
[94mAS[0m [37m`User_email`[0m[37m,[0m [37m`User`[0m[37m.[0m[37m`createdAt`[0m 
[94mAS[0m [37m`User_createdAt`[0m[37m,[0m [37m`User`[0m[37m.[0m[37m`updatedAt`[0m 
[94mAS[0m [37m`User_updatedAt`[0m[37m,[0m 
[37m`User__User_role`[0m[37m.[0m[37m`alias`[0m [94mAS[0m 
[37m`User__User_role_alias`[0m[37m,[0m [37m`User__User_role`[0m[37m.[0m[37m`name`[0m 
[94mAS[0m [37m`User__User_role_name`[0m[37m,[0m 
[37m`User__User_role`[0m[37m.[0m[37m`description`[0m [94mAS[0m 
[37m`User__User_role_description`[0m[37m,[0m 
[37m`User__User_role`[0m[37m.[0m[37m`createdAt`[0m [94mAS[0m 
[37m`User__User_role_createdAt`[0m[37m,[0m 
[37m`User__User_role`[0m[37m.[0m[37m`updatedAt`[0m [94mAS[0m 
[37m`User__User_role_updatedAt`[0m[37m,[0m 
[37m`User__User_role`[0m[37m.[0m[37m`alias`[0m [94mAS[0m 
[37m`User__User_role_alias`[0m[37m,[0m [37m`User__User_role`[0m[37m.[0m[37m`name`[0m 
[94mAS[0m [37m`User__User_role_name`[0m [94mFROM[0m [37m`users`[0m [37m`User`[0m 
[94mLEFT JOIN[0m [37m`roles`[0m [37m`User__User_role`[0m [94mON[0m [37m`User__User_role
`[0m[37m.[0m[37m`alias`[0m[37m=[0m[37m`User`[0m[37m.[0m[37m`roleAlias`[0m 
[94mWHERE[0m [37m`User`[0m[37m.[0m[37m`deletedAt`[0m [94mIS NULL[0m

      at Function.logInfo (../src/platform/PlatformTools.ts:262:17)

    console.log
      [90m[4mquery:[24m[39m [94mSELECT DISTINCT[0m 
[37m`distinctAlias`[0m[37m.[0m[37m`User_id`[0m [94mAS[0m [37m`ids_User_id`[0m 
[94mFROM[0m [37m([0m[94mSELECT[0m [37m`User`[0m[37m.[0m[37m`id`[0m [94mAS[0m 
[37m`User_id`[0m[37m,[0m [37m`User`[0m[37m.[0m[37m`username`[0m [94mAS[0m 
[37m`User_username`[0m[37m,[0m [37m`User`[0m[37m.[0m[37m`email`[0m [94mAS[0m 
[37m`User_email`[0m[37m,[0m [37m`User`[0m[37m.[0m[37m`password`[0m [94mAS[0m 
[37m`User_password`[0m[37m,[0m [37m`User`[0m[37m.[0m[37m`createdAt`[0m [94mAS[0m 
[37m`User_createdAt`[0m[37m,[0m [37m`User`[0m[37m.[0m[37m`updatedAt`[0m [94mAS[0m 
[37m`User_updatedAt`[0m[37m,[0m [37m`User`[0m[37m.[0m[37m`deletedAt`[0m [94mAS[0m 
[37m`User_deletedAt`[0m[37m,[0m [37m`User`[0m[37m.[0m[37m`roleAlias`[0m [94mAS[0m 
[37m`User_roleAlias`[0m[37m,[0m [37m`User__User_role`[0m[37m.[0m[37m`alias`[0m 
[94mAS[0m [37m`User__User_role_alias`[0m[37m,[0m 
[37m`User__User_role`[0m[37m.[0m[37m`name`[0m [94mAS[0m 
[37m`User__User_role_name`[0m[37m,[0m 
[37m`User__User_role`[0m[37m.[0m[37m`description`[0m [94mAS[0m 
[37m`User__User_role_description`[0m[37m,[0m 
[37m`User__User_role`[0m[37m.[0m[37m`createdAt`[0m [94mAS[0m 
[37m`User__User_role_createdAt`[0m[37m,[0m 
[37m`User__User_role`[0m[37m.[0m[37m`updatedAt`[0m [94mAS[0m 
[37m`User__User_role_updatedAt`[0m [94mFROM[0m [37m`users`[0m [37m`User`[0m [94mLEFT 
JOIN[0m [37m`roles`[0m [37m`User__User_role`[0m [94mON[0m [37m`User__User_role`[0m[37m
.[0m[37m`alias`[0m[37m=[0m[37m`User`[0m[37m.[0m[37m`roleAlias`[0m [94mWHERE[0m 
[37m([0m [37m([0m[37m([0m[37m`User`[0m[37m.[0m[37m`id`[0m [37m=[0m 
[37m?[0m[37m)[0m[37m)[0m [37m)[0m [94mAND[0m [37m([0m 
[37m`User`[0m[37m.[0m[37m`deletedAt`[0m [94mIS NULL[0m [37m)[0m[37m)[0m 
[37m`distinctAlias`[0m [94mORDER BY[0m [37m`User_id`[0m [94mASC[0m [94mLIMIT[0m 
[32m1[0m [90m-- PARAMETERS: [64][0m

      at Function.logInfo (../src/platform/PlatformTools.ts:262:17)

    console.log
      [90m[4mquery:[24m[39m [94mSELECT[0m [37m`User`[0m[37m.[0m[37m`id`[0m 
[94mAS[0m [37m`User_id`[0m[37m,[0m [37m`User`[0m[37m.[0m[37m`username`[0m 
[94mAS[0m [37m`User_username`[0m[37m,[0m [37m`User`[0m[37m.[0m[37m`email`[0m 
[94mAS[0m [37m`User_email`[0m[37m,[0m [37m`User`[0m[37m.[0m[37m`password`[0m 
[94mAS[0m [37m`User_password`[0m[37m,[0m [37m`User`[0m[37m.[0m[37m`createdAt`[0m 
[94mAS[0m [37m`User_createdAt`[0m[37m,[0m [37m`User`[0m[37m.[0m[37m`updatedAt`[0m 
[94mAS[0m [37m`User_updatedAt`[0m[37m,[0m [37m`User`[0m[37m.[0m[37m`deletedAt`[0m 
[94mAS[0m [37m`User_deletedAt`[0m[37m,[0m [37m`User`[0m[37m.[0m[37m`roleAlias`[0m 
[94mAS[0m [37m`User_roleAlias`[0m[37m,[0m 
[37m`User__User_role`[0m[37m.[0m[37m`alias`[0m [94mAS[0m 
[37m`User__User_role_alias`[0m[37m,[0m [37m`User__User_role`[0m[37m.[0m[37m`name`[0m 
[94mAS[0m [37m`User__User_role_name`[0m[37m,[0m 
[37m`User__User_role`[0m[37m.[0m[37m`description`[0m [94mAS[0m 
[37m`User__User_role_description`[0m[37m,[0m 
[37m`User__User_role`[0m[37m.[0m[37m`createdAt`[0m [94mAS[0m 
[37m`User__User_role_createdAt`[0m[37m,[0m 
[37m`User__User_role`[0m[37m.[0m[37m`updatedAt`[0m [94mAS[0m 
[37m`User__User_role_updatedAt`[0m [94mFROM[0m [37m`users`[0m [37m`User`[0m [94mLEFT 
JOIN[0m [37m`roles`[0m [37m`User__User_role`[0m [94mON[0m [37m`User__User_role`[0m[37m
.[0m[37m`alias`[0m[37m=[0m[37m`User`[0m[37m.[0m[37m`roleAlias`[0m [94mWHERE[0m 
[37m([0m [37m([0m[37m([0m[37m`User`[0m[37m.[0m[37m`id`[0m [37m=[0m 
[37m?[0m[37m)[0m[37m)[0m [37m)[0m [94mAND[0m [37m([0m 
[37m`User`[0m[37m.[0m[37m`deletedAt`[0m [94mIS NULL[0m [37m)[0m [94mAND[0m 
[37m([0m [37m`User`[0m[37m.[0m[37m`id`[0m [94mIN[0m [37m([0m[32m64[0m[37m)[0m 
[37m)[0m [90m-- PARAMETERS: [64][0m

      at Function.logInfo (../src/platform/PlatformTools.ts:262:17)

    console.log
      [90m[4mquery:[24m[39m [94mSELECT DISTINCT[0m 
[37m`distinctAlias`[0m[37m.[0m[37m`User_id`[0m [94mAS[0m [37m`ids_User_id`[0m 
[94mFROM[0m [37m([0m[94mSELECT[0m [37m`User`[0m[37m.[0m[37m`id`[0m [94mAS[0m 
[37m`User_id`[0m[37m,[0m [37m`User`[0m[37m.[0m[37m`username`[0m [94mAS[0m 
[37m`User_username`[0m[37m,[0m [37m`User`[0m[37m.[0m[37m`email`[0m [94mAS[0m 
[37m`User_email`[0m[37m,[0m [37m`User`[0m[37m.[0m[37m`password`[0m [94mAS[0m 
[37m`User_password`[0m[37m,[0m [37m`User`[0m[37m.[0m[37m`createdAt`[0m [94mAS[0m 
[37m`User_createdAt`[0m[37m,[0m [37m`User`[0m[37m.[0m[37m`updatedAt`[0m [94mAS[0m 
[37m`User_updatedAt`[0m[37m,[0m [37m`User`[0m[37m.[0m[37m`deletedAt`[0m [94mAS[0m 
[37m`User_deletedAt`[0m[37m,[0m [37m`User`[0m[37m.[0m[37m`roleAlias`[0m [94mAS[0m 
[37m`User_roleAlias`[0m[37m,[0m [37m`User__User_role`[0m[37m.[0m[37m`alias`[0m 
[94mAS[0m [37m`User__User_role_alias`[0m[37m,[0m 
[37m`User__User_role`[0m[37m.[0m[37m`name`[0m [94mAS[0m 
[37m`User__User_role_name`[0m[37m,[0m 
[37m`User__User_role`[0m[37m.[0m[37m`description`[0m [94mAS[0m 
[37m`User__User_role_description`[0m[37m,[0m 
[37m`User__User_role`[0m[37m.[0m[37m`createdAt`[0m [94mAS[0m 
[37m`User__User_role_createdAt`[0m[37m,[0m 
[37m`User__User_role`[0m[37m.[0m[37m`updatedAt`[0m [94mAS[0m 
[37m`User__User_role_updatedAt`[0m [94mFROM[0m [37m`users`[0m [37m`User`[0m [94mLEFT 
JOIN[0m [37m`roles`[0m [37m`User__User_role`[0m [94mON[0m [37m`User__User_role`[0m[37m
.[0m[37m`alias`[0m[37m=[0m[37m`User`[0m[37m.[0m[37m`roleAlias`[0m [94mWHERE[0m 
[37m([0m [37m([0m[37m([0m[37m`User`[0m[37m.[0m[37m`id`[0m [37m=[0m 
[37m?[0m[37m)[0m[37m)[0m [37m)[0m [94mAND[0m [37m([0m 
[37m`User`[0m[37m.[0m[37m`deletedAt`[0m [94mIS NULL[0m [37m)[0m[37m)[0m 
[37m`distinctAlias`[0m [94mORDER BY[0m [37m`User_id`[0m [94mASC[0m [94mLIMIT[0m 
[32m1[0m [90m-- PARAMETERS: [64][0m

      at Function.logInfo (../src/platform/PlatformTools.ts:262:17)

    console.log
      [90m[4mquery:[24m[39m [94mSELECT[0m [37m`User`[0m[37m.[0m[37m`id`[0m 
[94mAS[0m [37m`User_id`[0m[37m,[0m [37m`User`[0m[37m.[0m[37m`username`[0m 
[94mAS[0m [37m`User_username`[0m[37m,[0m [37m`User`[0m[37m.[0m[37m`email`[0m 
[94mAS[0m [37m`User_email`[0m[37m,[0m [37m`User`[0m[37m.[0m[37m`password`[0m 
[94mAS[0m [37m`User_password`[0m[37m,[0m [37m`User`[0m[37m.[0m[37m`createdAt`[0m 
[94mAS[0m [37m`User_createdAt`[0m[37m,[0m [37m`User`[0m[37m.[0m[37m`updatedAt`[0m 
[94mAS[0m [37m`User_updatedAt`[0m[37m,[0m [37m`User`[0m[37m.[0m[37m`deletedAt`[0m 
[94mAS[0m [37m`User_deletedAt`[0m[37m,[0m [37m`User`[0m[37m.[0m[37m`roleAlias`[0m 
[94mAS[0m [37m`User_roleAlias`[0m[37m,[0m 
[37m`User__User_role`[0m[37m.[0m[37m`alias`[0m [94mAS[0m 
[37m`User__User_role_alias`[0m[37m,[0m [37m`User__User_role`[0m[37m.[0m[37m`name`[0m 
[94mAS[0m [37m`User__User_role_name`[0m[37m,[0m 
[37m`User__User_role`[0m[37m.[0m[37m`description`[0m [94mAS[0m 
[37m`User__User_role_description`[0m[37m,[0m 
[37m`User__User_role`[0m[37m.[0m[37m`createdAt`[0m [94mAS[0m 
[37m`User__User_role_createdAt`[0m[37m,[0m 
[37m`User__User_role`[0m[37m.[0m[37m`updatedAt`[0m [94mAS[0m 
[37m`User__User_role_updatedAt`[0m [94mFROM[0m [37m`users`[0m [37m`User`[0m [94mLEFT 
JOIN[0m [37m`roles`[0m [37m`User__User_role`[0m [94mON[0m [37m`User__User_role`[0m[37m
.[0m[37m`alias`[0m[37m=[0m[37m`User`[0m[37m.[0m[37m`roleAlias`[0m [94mWHERE[0m 
[37m([0m [37m([0m[37m([0m[37m`User`[0m[37m.[0m[37m`id`[0m [37m=[0m 
[37m?[0m[37m)[0m[37m)[0m [37m)[0m [94mAND[0m [37m([0m 
[37m`User`[0m[37m.[0m[37m`deletedAt`[0m [94mIS NULL[0m [37m)[0m [94mAND[0m 
[37m([0m [37m`User`[0m[37m.[0m[37m`id`[0m [94mIN[0m [37m([0m[32m64[0m[37m)[0m 
[37m)[0m [90m-- PARAMETERS: [64][0m

      at Function.logInfo (../src/platform/PlatformTools.ts:262:17)

    console.log
      [90m[4mquery:[24m[39m [94mSELECT DISTINCT[0m 
[37m`distinctAlias`[0m[37m.[0m[37m`User_id`[0m [94mAS[0m [37m`ids_User_id`[0m 
[94mFROM[0m [37m([0m[94mSELECT[0m [37m`User`[0m[37m.[0m[37m`id`[0m [94mAS[0m 
[37m`User_id`[0m[37m,[0m [37m`User`[0m[37m.[0m[37m`username`[0m [94mAS[0m 
[37m`User_username`[0m[37m,[0m [37m`User`[0m[37m.[0m[37m`email`[0m [94mAS[0m 
[37m`User_email`[0m[37m,[0m [37m`User`[0m[37m.[0m[37m`password`[0m [94mAS[0m 
[37m`User_password`[0m[37m,[0m [37m`User`[0m[37m.[0m[37m`createdAt`[0m [94mAS[0m 
[37m`User_createdAt`[0m[37m,[0m [37m`User`[0m[37m.[0m[37m`updatedAt`[0m [94mAS[0m 
[37m`User_updatedAt`[0m[37m,[0m [37m`User`[0m[37m.[0m[37m`deletedAt`[0m [94mAS[0m 
[37m`User_deletedAt`[0m[37m,[0m [37m`User`[0m[37m.[0m[37m`roleAlias`[0m [94mAS[0m 
[37m`User_roleAlias`[0m[37m,[0m [37m`User__User_role`[0m[37m.[0m[37m`alias`[0m 
[94mAS[0m [37m`User__User_role_alias`[0m[37m,[0m 
[37m`User__User_role`[0m[37m.[0m[37m`name`[0m [94mAS[0m 
[37m`User__User_role_name`[0m[37m,[0m 
[37m`User__User_role`[0m[37m.[0m[37m`description`[0m [94mAS[0m 
[37m`User__User_role_description`[0m[37m,[0m 
[37m`User__User_role`[0m[37m.[0m[37m`createdAt`[0m [94mAS[0m 
[37m`User__User_role_createdAt`[0m[37m,[0m 
[37m`User__User_role`[0m[37m.[0m[37m`updatedAt`[0m [94mAS[0m 
[37m`User__User_role_updatedAt`[0m [94mFROM[0m [37m`users`[0m [37m`User`[0m [94mLEFT 
JOIN[0m [37m`roles`[0m [37m`User__User_role`[0m [94mON[0m [37m`User__User_role`[0m[37m
.[0m[37m`alias`[0m[37m=[0m[37m`User`[0m[37m.[0m[37m`roleAlias`[0m [94mWHERE[0m 
[37m([0m [37m([0m[37m([0m[37m`User`[0m[37m.[0m[37m`username`[0m [37m=[0m 
[37m?[0m[37m)[0m[37m)[0m [37m)[0m [94mAND[0m [37m([0m 
[37m`User`[0m[37m.[0m[37m`deletedAt`[0m [94mIS NULL[0m [37m)[0m[37m)[0m 
[37m`distinctAlias`[0m [94mORDER BY[0m [37m`User_id`[0m [94mASC[0m [94mLIMIT[0m 
[32m1[0m [90m-- PARAMETERS: ["updateuser"][0m

      at Function.logInfo (../src/platform/PlatformTools.ts:262:17)

    console.log
      [90m[4mquery:[24m[39m [94mSELECT[0m [37m`User`[0m[37m.[0m[37m`id`[0m 
[94mAS[0m [37m`User_id`[0m[37m,[0m [37m`User`[0m[37m.[0m[37m`username`[0m 
[94mAS[0m [37m`User_username`[0m[37m,[0m [37m`User`[0m[37m.[0m[37m`email`[0m 
[94mAS[0m [37m`User_email`[0m[37m,[0m [37m`User`[0m[37m.[0m[37m`password`[0m 
[94mAS[0m [37m`User_password`[0m[37m,[0m [37m`User`[0m[37m.[0m[37m`createdAt`[0m 
[94mAS[0m [37m`User_createdAt`[0m[37m,[0m [37m`User`[0m[37m.[0m[37m`updatedAt`[0m 
[94mAS[0m [37m`User_updatedAt`[0m[37m,[0m [37m`User`[0m[37m.[0m[37m`deletedAt`[0m 
[94mAS[0m [37m`User_deletedAt`[0m[37m,[0m [37m`User`[0m[37m.[0m[37m`roleAlias`[0m 
[94mAS[0m [37m`User_roleAlias`[0m [94mFROM[0m [37m`users`[0m [37m`User`[0m 
[94mWHERE[0m [37m`User`[0m[37m.[0m[37m`id`[0m [94mIN[0m 
[37m([0m[37m?[0m[37m)[0m [90m-- PARAMETERS: [64][0m

      at Function.logInfo (../src/platform/PlatformTools.ts:262:17)
          at async Promise.all (index 0)
          at async Promise.all (index 0)

    console.log
      [90m[4mquery:[24m[39m [37mSTART[0m [37mTRANSACTION[0m

      at Function.logInfo (../src/platform/PlatformTools.ts:262:17)

    console.log
      [90m[4mquery:[24m[39m [94mUPDATE[0m [37m`users`[0m [94mSET[0m 
[37m`username`[0m [37m=[0m [37m?[0m[37m,[0m [37m`updatedAt`[0m [37m=[0m 
[37mCURRENT_TIMESTAMP[0m [94mWHERE[0m [37m`id`[0m [94mIN[0m 
[37m([0m[37m?[0m[37m)[0m [90m-- PARAMETERS: ["updateuser",64][0m

      at Function.logInfo (../src/platform/PlatformTools.ts:262:17)
          at async Promise.all (index 0)

    console.log
      [90m[4mquery:[24m[39m [94mSELECT[0m [37m`User`[0m[37m.[0m[37m`id`[0m 
[94mAS[0m [37m`User_id`[0m[37m,[0m [37m`User`[0m[37m.[0m[37m`updatedAt`[0m 
[94mAS[0m [37m`User_updatedAt`[0m [94mFROM[0m [37m`users`[0m [37m`User`[0m 
[94mWHERE[0m [37m`User`[0m[37m.[0m[37m`id`[0m [37m=[0m [37m?[0m [90m-- PARAMETERS: 
[64][0m

      at Function.logInfo (../src/platform/PlatformTools.ts:262:17)
          at async Promise.all (index 0)
          at async Promise.all (index 0)

    console.log
      [90m[4mquery:[24m[39m [94mCOMMIT[0m

      at Function.logInfo (../src/platform/PlatformTools.ts:262:17)

    console.log
      [90m[4mquery:[24m[39m [94mSELECT DISTINCT[0m 
[37m`distinctAlias`[0m[37m.[0m[37m`User_id`[0m [94mAS[0m [37m`ids_User_id`[0m 
[94mFROM[0m [37m([0m[94mSELECT[0m [37m`User`[0m[37m.[0m[37m`id`[0m [94mAS[0m 
[37m`User_id`[0m[37m,[0m [37m`User`[0m[37m.[0m[37m`username`[0m [94mAS[0m 
[37m`User_username`[0m[37m,[0m [37m`User`[0m[37m.[0m[37m`email`[0m [94mAS[0m 
[37m`User_email`[0m[37m,[0m [37m`User`[0m[37m.[0m[37m`password`[0m [94mAS[0m 
[37m`User_password`[0m[37m,[0m [37m`User`[0m[37m.[0m[37m`createdAt`[0m [94mAS[0m 
[37m`User_createdAt`[0m[37m,[0m [37m`User`[0m[37m.[0m[37m`updatedAt`[0m [94mAS[0m 
[37m`User_updatedAt`[0m[37m,[0m [37m`User`[0m[37m.[0m[37m`deletedAt`[0m [94mAS[0m 
[37m`User_deletedAt`[0m[37m,[0m [37m`User`[0m[37m.[0m[37m`roleAlias`[0m [94mAS[0m 
[37m`User_roleAlias`[0m[37m,[0m [37m`User__User_role`[0m[37m.[0m[37m`alias`[0m 
[94mAS[0m [37m`User__User_role_alias`[0m[37m,[0m 
[37m`User__User_role`[0m[37m.[0m[37m`name`[0m [94mAS[0m 
[37m`User__User_role_name`[0m[37m,[0m 
[37m`User__User_role`[0m[37m.[0m[37m`description`[0m [94mAS[0m 
[37m`User__User_role_description`[0m[37m,[0m 
[37m`User__User_role`[0m[37m.[0m[37m`createdAt`[0m [94mAS[0m 
[37m`User__User_role_createdAt`[0m[37m,[0m 
[37m`User__User_role`[0m[37m.[0m[37m`updatedAt`[0m [94mAS[0m 
[37m`User__User_role_updatedAt`[0m [94mFROM[0m [37m`users`[0m [37m`User`[0m [94mLEFT 
JOIN[0m [37m`roles`[0m [37m`User__User_role`[0m [94mON[0m [37m`User__User_role`[0m[37m
.[0m[37m`alias`[0m[37m=[0m[37m`User`[0m[37m.[0m[37m`roleAlias`[0m [94mWHERE[0m 
[37m([0m [37m([0m[37m([0m[37m`User`[0m[37m.[0m[37m`username`[0m [37m=[0m 
[37m?[0m[37m)[0m[37m)[0m [37m)[0m [94mAND[0m [37m([0m 
[37m`User`[0m[37m.[0m[37m`deletedAt`[0m [94mIS NULL[0m [37m)[0m[37m)[0m 
[37m`distinctAlias`[0m [94mORDER BY[0m [37m`User_id`[0m [94mASC[0m [94mLIMIT[0m 
[32m1[0m [90m-- PARAMETERS: ["anotheruser"][0m

      at Function.logInfo (../src/platform/PlatformTools.ts:262:17)

    console.log
      [90m[4mquery:[24m[39m [94mSELECT DISTINCT[0m 
[37m`distinctAlias`[0m[37m.[0m[37m`User_id`[0m [94mAS[0m [37m`ids_User_id`[0m 
[94mFROM[0m [37m([0m[94mSELECT[0m [37m`User`[0m[37m.[0m[37m`id`[0m [94mAS[0m 
[37m`User_id`[0m[37m,[0m [37m`User`[0m[37m.[0m[37m`username`[0m [94mAS[0m 
[37m`User_username`[0m[37m,[0m [37m`User`[0m[37m.[0m[37m`email`[0m [94mAS[0m 
[37m`User_email`[0m[37m,[0m [37m`User`[0m[37m.[0m[37m`password`[0m [94mAS[0m 
[37m`User_password`[0m[37m,[0m [37m`User`[0m[37m.[0m[37m`createdAt`[0m [94mAS[0m 
[37m`User_createdAt`[0m[37m,[0m [37m`User`[0m[37m.[0m[37m`updatedAt`[0m [94mAS[0m 
[37m`User_updatedAt`[0m[37m,[0m [37m`User`[0m[37m.[0m[37m`deletedAt`[0m [94mAS[0m 
[37m`User_deletedAt`[0m[37m,[0m [37m`User`[0m[37m.[0m[37m`roleAlias`[0m [94mAS[0m 
[37m`User_roleAlias`[0m[37m,[0m [37m`User__User_role`[0m[37m.[0m[37m`alias`[0m 
[94mAS[0m [37m`User__User_role_alias`[0m[37m,[0m 
[37m`User__User_role`[0m[37m.[0m[37m`name`[0m [94mAS[0m 
[37m`User__User_role_name`[0m[37m,[0m 
[37m`User__User_role`[0m[37m.[0m[37m`description`[0m [94mAS[0m 
[37m`User__User_role_description`[0m[37m,[0m 
[37m`User__User_role`[0m[37m.[0m[37m`createdAt`[0m [94mAS[0m 
[37m`User__User_role_createdAt`[0m[37m,[0m 
[37m`User__User_role`[0m[37m.[0m[37m`updatedAt`[0m [94mAS[0m 
[37m`User__User_role_updatedAt`[0m [94mFROM[0m [37m`users`[0m [37m`User`[0m [94mLEFT 
JOIN[0m [37m`roles`[0m [37m`User__User_role`[0m [94mON[0m [37m`User__User_role`[0m[37m
.[0m[37m`alias`[0m[37m=[0m[37m`User`[0m[37m.[0m[37m`roleAlias`[0m [94mWHERE[0m 
[37m([0m [37m([0m[37m([0m[37m`User`[0m[37m.[0m[37m`email`[0m [37m=[0m 
[37m?[0m[37m)[0m[37m)[0m [37m)[0m [94mAND[0m [37m([0m 
[37m`User`[0m[37m.[0m[37m`deletedAt`[0m [94mIS NULL[0m [37m)[0m[37m)[0m 
[37m`distinctAlias`[0m [94mORDER BY[0m [37m`User_id`[0m [94mASC[0m [94mLIMIT[0m 
[32m1[0m [90m-- PARAMETERS: ["another@example.com"][0m

      at Function.logInfo (../src/platform/PlatformTools.ts:262:17)

    console.log
      [90m[4mquery:[24m[39m [94mSELECT[0m [37m`Role`[0m[37m.[0m[37m`alias`[0m 
[94mAS[0m [37m`Role_alias`[0m[37m,[0m [37m`Role`[0m[37m.[0m[37m`name`[0m 
[94mAS[0m [37m`Role_name`[0m[37m,[0m [37m`Role`[0m[37m.[0m[37m`description`[0m 
[94mAS[0m [37m`Role_description`[0m[37m,[0m [37m`Role`[0m[37m.[0m[37m`createdAt`[0m 
[94mAS[0m [37m`Role_createdAt`[0m[37m,[0m [37m`Role`[0m[37m.[0m[37m`updatedAt`[0m 
[94mAS[0m [37m`Role_updatedAt`[0m [94mFROM[0m [37m`roles`[0m [37m`Role`[0m 
[94mWHERE[0m [37m([0m[37m([0m[37m`Role`[0m[37m.[0m[37m`alias`[0m [37m=[0m 
[37m?[0m[37m)[0m[37m)[0m [94mLIMIT[0m [32m1[0m [90m-- PARAMETERS: ["viewer"][0m

      at Function.logInfo (../src/platform/PlatformTools.ts:262:17)

    console.log
      [90m[4mquery:[24m[39m [37mSTART[0m [37mTRANSACTION[0m

      at Function.logInfo (../src/platform/PlatformTools.ts:262:17)

    console.log
      [90m[4mquery:[24m[39m [94mINSERT INTO[0m 
[37m`users`[0m[37m([0m[37m`id`[0m[37m,[0m [37m`username`[0m[37m,[0m 
[37m`email`[0m[37m,[0m [37m`password`[0m[37m,[0m [37m`createdAt`[0m[37m,[0m 
[37m`updatedAt`[0m[37m,[0m [37m`deletedAt`[0m[37m,[0m [37m`roleAlias`[0m[37m)[0m 
[94mVALUES[0m [37m([0m[94mDEFAULT[0m[37m,[0m [37m?[0m[37m,[0m [37m?[0m[37m,[0m 
[37m?[0m[37m,[0m [94mDEFAULT[0m[37m,[0m [94mDEFAULT[0m[37m,[0m 
[94mDEFAULT[0m[37m,[0m [37m?[0m[37m)[0m [90m-- PARAMETERS: ["anotheruser","another@exam
ple.com","$2b$10$gKHdCyi4M.b.oJ4eEfjyY..tj4P/TJ0oYYpwbsEGf15NXKPr/usKW","viewer"][0m

      at Function.logInfo (../src/platform/PlatformTools.ts:262:17)

    console.log
      [90m[4mquery:[24m[39m [94mSELECT[0m [37m`User`[0m[37m.[0m[37m`id`[0m 
[94mAS[0m [37m`User_id`[0m[37m,[0m [37m`User`[0m[37m.[0m[37m`createdAt`[0m 
[94mAS[0m [37m`User_createdAt`[0m[37m,[0m [37m`User`[0m[37m.[0m[37m`updatedAt`[0m 
[94mAS[0m [37m`User_updatedAt`[0m[37m,[0m [37m`User`[0m[37m.[0m[37m`deletedAt`[0m 
[94mAS[0m [37m`User_deletedAt`[0m [94mFROM[0m [37m`users`[0m [37m`User`[0m 
[94mWHERE[0m [37m([0m [37m`User`[0m[37m.[0m[37m`id`[0m [37m=[0m [37m?[0m 
[37m)[0m [94mAND[0m [37m([0m [37m`User`[0m[37m.[0m[37m`deletedAt`[0m [94mIS 
NULL[0m [37m)[0m [90m-- PARAMETERS: [65][0m

      at Function.logInfo (../src/platform/PlatformTools.ts:262:17)

    console.log
      [90m[4mquery:[24m[39m [94mCOMMIT[0m

      at Function.logInfo (../src/platform/PlatformTools.ts:262:17)

    console.log
      [90m[4mquery:[24m[39m [94mSELECT DISTINCT[0m 
[37m`distinctAlias`[0m[37m.[0m[37m`User_id`[0m [94mAS[0m [37m`ids_User_id`[0m 
[94mFROM[0m [37m([0m[94mSELECT[0m [37m`User`[0m[37m.[0m[37m`id`[0m [94mAS[0m 
[37m`User_id`[0m[37m,[0m [37m`User`[0m[37m.[0m[37m`username`[0m [94mAS[0m 
[37m`User_username`[0m[37m,[0m [37m`User`[0m[37m.[0m[37m`email`[0m [94mAS[0m 
[37m`User_email`[0m[37m,[0m [37m`User`[0m[37m.[0m[37m`password`[0m [94mAS[0m 
[37m`User_password`[0m[37m,[0m [37m`User`[0m[37m.[0m[37m`createdAt`[0m [94mAS[0m 
[37m`User_createdAt`[0m[37m,[0m [37m`User`[0m[37m.[0m[37m`updatedAt`[0m [94mAS[0m 
[37m`User_updatedAt`[0m[37m,[0m [37m`User`[0m[37m.[0m[37m`deletedAt`[0m [94mAS[0m 
[37m`User_deletedAt`[0m[37m,[0m [37m`User`[0m[37m.[0m[37m`roleAlias`[0m [94mAS[0m 
[37m`User_roleAlias`[0m[37m,[0m [37m`User__User_role`[0m[37m.[0m[37m`alias`[0m 
[94mAS[0m [37m`User__User_role_alias`[0m[37m,[0m 
[37m`User__User_role`[0m[37m.[0m[37m`name`[0m [94mAS[0m 
[37m`User__User_role_name`[0m[37m,[0m 
[37m`User__User_role`[0m[37m.[0m[37m`description`[0m [94mAS[0m 
[37m`User__User_role_description`[0m[37m,[0m 
[37m`User__User_role`[0m[37m.[0m[37m`createdAt`[0m [94mAS[0m 
[37m`User__User_role_createdAt`[0m[37m,[0m 
[37m`User__User_role`[0m[37m.[0m[37m`updatedAt`[0m [94mAS[0m 
[37m`User__User_role_updatedAt`[0m [94mFROM[0m [37m`users`[0m [37m`User`[0m [94mLEFT 
JOIN[0m [37m`roles`[0m [37m`User__User_role`[0m [94mON[0m [37m`User__User_role`[0m[37m
.[0m[37m`alias`[0m[37m=[0m[37m`User`[0m[37m.[0m[37m`roleAlias`[0m [94mWHERE[0m 
[37m([0m [37m([0m[37m([0m[37m`User`[0m[37m.[0m[37m`id`[0m [37m=[0m 
[37m?[0m[37m)[0m[37m)[0m [37m)[0m [94mAND[0m [37m([0m 
[37m`User`[0m[37m.[0m[37m`deletedAt`[0m [94mIS NULL[0m [37m)[0m[37m)[0m 
[37m`distinctAlias`[0m [94mORDER BY[0m [37m`User_id`[0m [94mASC[0m [94mLIMIT[0m 
[32m1[0m [90m-- PARAMETERS: [65][0m

      at Function.logInfo (../src/platform/PlatformTools.ts:262:17)

    console.log
      [90m[4mquery:[24m[39m [94mSELECT[0m [37m`User`[0m[37m.[0m[37m`id`[0m 
[94mAS[0m [37m`User_id`[0m[37m,[0m [37m`User`[0m[37m.[0m[37m`username`[0m 
[94mAS[0m [37m`User_username`[0m[37m,[0m [37m`User`[0m[37m.[0m[37m`email`[0m 
[94mAS[0m [37m`User_email`[0m[37m,[0m [37m`User`[0m[37m.[0m[37m`password`[0m 
[94mAS[0m [37m`User_password`[0m[37m,[0m [37m`User`[0m[37m.[0m[37m`createdAt`[0m 
[94mAS[0m [37m`User_createdAt`[0m[37m,[0m [37m`User`[0m[37m.[0m[37m`updatedAt`[0m 
[94mAS[0m [37m`User_updatedAt`[0m[37m,[0m [37m`User`[0m[37m.[0m[37m`deletedAt`[0m 
[94mAS[0m [37m`User_deletedAt`[0m[37m,[0m [37m`User`[0m[37m.[0m[37m`roleAlias`[0m 
[94mAS[0m [37m`User_roleAlias`[0m[37m,[0m 
[37m`User__User_role`[0m[37m.[0m[37m`alias`[0m [94mAS[0m 
[37m`User__User_role_alias`[0m[37m,[0m [37m`User__User_role`[0m[37m.[0m[37m`name`[0m 
[94mAS[0m [37m`User__User_role_name`[0m[37m,[0m 
[37m`User__User_role`[0m[37m.[0m[37m`description`[0m [94mAS[0m 
[37m`User__User_role_description`[0m[37m,[0m 
[37m`User__User_role`[0m[37m.[0m[37m`createdAt`[0m [94mAS[0m 
[37m`User__User_role_createdAt`[0m[37m,[0m 
[37m`User__User_role`[0m[37m.[0m[37m`updatedAt`[0m [94mAS[0m 
[37m`User__User_role_updatedAt`[0m [94mFROM[0m [37m`users`[0m [37m`User`[0m [94mLEFT 
JOIN[0m [37m`roles`[0m [37m`User__User_role`[0m [94mON[0m [37m`User__User_role`[0m[37m
.[0m[37m`alias`[0m[37m=[0m[37m`User`[0m[37m.[0m[37m`roleAlias`[0m [94mWHERE[0m 
[37m([0m [37m([0m[37m([0m[37m`User`[0m[37m.[0m[37m`id`[0m [37m=[0m 
[37m?[0m[37m)[0m[37m)[0m [37m)[0m [94mAND[0m [37m([0m 
[37m`User`[0m[37m.[0m[37m`deletedAt`[0m [94mIS NULL[0m [37m)[0m [94mAND[0m 
[37m([0m [37m`User`[0m[37m.[0m[37m`id`[0m [94mIN[0m [37m([0m[32m65[0m[37m)[0m 
[37m)[0m [90m-- PARAMETERS: [65][0m

      at Function.logInfo (../src/platform/PlatformTools.ts:262:17)

    console.log
      [90m[4mquery:[24m[39m [94mSELECT DISTINCT[0m 
[37m`distinctAlias`[0m[37m.[0m[37m`User_id`[0m [94mAS[0m [37m`ids_User_id`[0m 
[94mFROM[0m [37m([0m[94mSELECT[0m [37m`User`[0m[37m.[0m[37m`id`[0m [94mAS[0m 
[37m`User_id`[0m[37m,[0m [37m`User`[0m[37m.[0m[37m`username`[0m [94mAS[0m 
[37m`User_username`[0m[37m,[0m [37m`User`[0m[37m.[0m[37m`email`[0m [94mAS[0m 
[37m`User_email`[0m[37m,[0m [37m`User`[0m[37m.[0m[37m`password`[0m [94mAS[0m 
[37m`User_password`[0m[37m,[0m [37m`User`[0m[37m.[0m[37m`createdAt`[0m [94mAS[0m 
[37m`User_createdAt`[0m[37m,[0m [37m`User`[0m[37m.[0m[37m`updatedAt`[0m [94mAS[0m 
[37m`User_updatedAt`[0m[37m,[0m [37m`User`[0m[37m.[0m[37m`deletedAt`[0m [94mAS[0m 
[37m`User_deletedAt`[0m[37m,[0m [37m`User`[0m[37m.[0m[37m`roleAlias`[0m [94mAS[0m 
[37m`User_roleAlias`[0m[37m,[0m [37m`User__User_role`[0m[37m.[0m[37m`alias`[0m 
[94mAS[0m [37m`User__User_role_alias`[0m[37m,[0m 
[37m`User__User_role`[0m[37m.[0m[37m`name`[0m [94mAS[0m 
[37m`User__User_role_name`[0m[37m,[0m 
[37m`User__User_role`[0m[37m.[0m[37m`description`[0m [94mAS[0m 
[37m`User__User_role_description`[0m[37m,[0m 
[37m`User__User_role`[0m[37m.[0m[37m`createdAt`[0m [94mAS[0m 
[37m`User__User_role_createdAt`[0m[37m,[0m 
[37m`User__User_role`[0m[37m.[0m[37m`updatedAt`[0m [94mAS[0m 
[37m`User__User_role_updatedAt`[0m [94mFROM[0m [37m`users`[0m [37m`User`[0m [94mLEFT 
JOIN[0m [37m`roles`[0m [37m`User__User_role`[0m [94mON[0m [37m`User__User_role`[0m[37m
.[0m[37m`alias`[0m[37m=[0m[37m`User`[0m[37m.[0m[37m`roleAlias`[0m [94mWHERE[0m 
[37m([0m [37m([0m[37m([0m[37m`User`[0m[37m.[0m[37m`username`[0m [37m=[0m 
[37m?[0m[37m)[0m[37m)[0m [37m)[0m [94mAND[0m [37m([0m 
[37m`User`[0m[37m.[0m[37m`deletedAt`[0m [94mIS NULL[0m [37m)[0m[37m)[0m 
[37m`distinctAlias`[0m [94mORDER BY[0m [37m`User_id`[0m [94mASC[0m [94mLIMIT[0m 
[32m1[0m [90m-- PARAMETERS: ["updateuser"][0m

      at Function.logInfo (../src/platform/PlatformTools.ts:262:17)

    console.log
      [90m[4mquery:[24m[39m [94mSELECT[0m [37m`User`[0m[37m.[0m[37m`id`[0m 
[94mAS[0m [37m`User_id`[0m[37m,[0m [37m`User`[0m[37m.[0m[37m`username`[0m 
[94mAS[0m [37m`User_username`[0m[37m,[0m [37m`User`[0m[37m.[0m[37m`email`[0m 
[94mAS[0m [37m`User_email`[0m[37m,[0m [37m`User`[0m[37m.[0m[37m`password`[0m 
[94mAS[0m [37m`User_password`[0m[37m,[0m [37m`User`[0m[37m.[0m[37m`createdAt`[0m 
[94mAS[0m [37m`User_createdAt`[0m[37m,[0m [37m`User`[0m[37m.[0m[37m`updatedAt`[0m 
[94mAS[0m [37m`User_updatedAt`[0m[37m,[0m [37m`User`[0m[37m.[0m[37m`deletedAt`[0m 
[94mAS[0m [37m`User_deletedAt`[0m[37m,[0m [37m`User`[0m[37m.[0m[37m`roleAlias`[0m 
[94mAS[0m [37m`User_roleAlias`[0m[37m,[0m 
[37m`User__User_role`[0m[37m.[0m[37m`alias`[0m [94mAS[0m 
[37m`User__User_role_alias`[0m[37m,[0m [37m`User__User_role`[0m[37m.[0m[37m`name`[0m 
[94mAS[0m [37m`User__User_role_name`[0m[37m,[0m 
[37m`User__User_role`[0m[37m.[0m[37m`description`[0m [94mAS[0m 
[37m`User__User_role_description`[0m[37m,[0m 
[37m`User__User_role`[0m[37m.[0m[37m`createdAt`[0m [94mAS[0m 
[37m`User__User_role_createdAt`[0m[37m,[0m 
[37m`User__User_role`[0m[37m.[0m[37m`updatedAt`[0m [94mAS[0m 
[37m`User__User_role_updatedAt`[0m [94mFROM[0m [37m`users`[0m [37m`User`[0m [94mLEFT 
JOIN[0m [37m`roles`[0m [37m`User__User_role`[0m [94mON[0m [37m`User__User_role`[0m[37m
.[0m[37m`alias`[0m[37m=[0m[37m`User`[0m[37m.[0m[37m`roleAlias`[0m [94mWHERE[0m 
[37m([0m [37m([0m[37m([0m[37m`User`[0m[37m.[0m[37m`username`[0m [37m=[0m 
[37m?[0m[37m)[0m[37m)[0m [37m)[0m [94mAND[0m [37m([0m 
[37m`User`[0m[37m.[0m[37m`deletedAt`[0m [94mIS NULL[0m [37m)[0m [94mAND[0m 
[37m([0m [37m`User`[0m[37m.[0m[37m`id`[0m [94mIN[0m [37m([0m[32m64[0m[37m)[0m 
[37m)[0m [90m-- PARAMETERS: ["updateuser"][0m

      at Function.logInfo (../src/platform/PlatformTools.ts:262:17)

    console.log
      [90m[4mquery:[24m[39m [94mDELETE[0m [94mFROM[0m [37musers[0m [94mWHERE[0m 
[37musername[0m [37m=[0m [37m'anotheruser'[0m

      at Function.logInfo (../src/platform/PlatformTools.ts:262:17)

    console.log
      [90m[4mquery:[24m[39m [94mSELECT DISTINCT[0m 
[37m`distinctAlias`[0m[37m.[0m[37m`User_id`[0m [94mAS[0m [37m`ids_User_id`[0m 
[94mFROM[0m [37m([0m[94mSELECT[0m [37m`User`[0m[37m.[0m[37m`id`[0m [94mAS[0m 
[37m`User_id`[0m[37m,[0m [37m`User`[0m[37m.[0m[37m`username`[0m [94mAS[0m 
[37m`User_username`[0m[37m,[0m [37m`User`[0m[37m.[0m[37m`email`[0m [94mAS[0m 
[37m`User_email`[0m[37m,[0m [37m`User`[0m[37m.[0m[37m`password`[0m [94mAS[0m 
[37m`User_password`[0m[37m,[0m [37m`User`[0m[37m.[0m[37m`createdAt`[0m [94mAS[0m 
[37m`User_createdAt`[0m[37m,[0m [37m`User`[0m[37m.[0m[37m`updatedAt`[0m [94mAS[0m 
[37m`User_updatedAt`[0m[37m,[0m [37m`User`[0m[37m.[0m[37m`deletedAt`[0m [94mAS[0m 
[37m`User_deletedAt`[0m[37m,[0m [37m`User`[0m[37m.[0m[37m`roleAlias`[0m [94mAS[0m 
[37m`User_roleAlias`[0m[37m,[0m [37m`User__User_role`[0m[37m.[0m[37m`alias`[0m 
[94mAS[0m [37m`User__User_role_alias`[0m[37m,[0m 
[37m`User__User_role`[0m[37m.[0m[37m`name`[0m [94mAS[0m 
[37m`User__User_role_name`[0m[37m,[0m 
[37m`User__User_role`[0m[37m.[0m[37m`description`[0m [94mAS[0m 
[37m`User__User_role_description`[0m[37m,[0m 
[37m`User__User_role`[0m[37m.[0m[37m`createdAt`[0m [94mAS[0m 
[37m`User__User_role_createdAt`[0m[37m,[0m 
[37m`User__User_role`[0m[37m.[0m[37m`updatedAt`[0m [94mAS[0m 
[37m`User__User_role_updatedAt`[0m [94mFROM[0m [37m`users`[0m [37m`User`[0m [94mLEFT 
JOIN[0m [37m`roles`[0m [37m`User__User_role`[0m [94mON[0m [37m`User__User_role`[0m[37m
.[0m[37m`alias`[0m[37m=[0m[37m`User`[0m[37m.[0m[37m`roleAlias`[0m [94mWHERE[0m 
[37m([0m [37m([0m[37m([0m[37m`User`[0m[37m.[0m[37m`id`[0m [37m=[0m 
[37m?[0m[37m)[0m[37m)[0m [37m)[0m [94mAND[0m [37m([0m 
[37m`User`[0m[37m.[0m[37m`deletedAt`[0m [94mIS NULL[0m [37m)[0m[37m)[0m 
[37m`distinctAlias`[0m [94mORDER BY[0m [37m`User_id`[0m [94mASC[0m [94mLIMIT[0m 
[32m1[0m [90m-- PARAMETERS: [64][0m

      at Function.logInfo (../src/platform/PlatformTools.ts:262:17)

    console.log
      [90m[4mquery:[24m[39m [94mSELECT[0m [37m`User`[0m[37m.[0m[37m`id`[0m 
[94mAS[0m [37m`User_id`[0m[37m,[0m [37m`User`[0m[37m.[0m[37m`username`[0m 
[94mAS[0m [37m`User_username`[0m[37m,[0m [37m`User`[0m[37m.[0m[37m`email`[0m 
[94mAS[0m [37m`User_email`[0m[37m,[0m [37m`User`[0m[37m.[0m[37m`password`[0m 
[94mAS[0m [37m`User_password`[0m[37m,[0m [37m`User`[0m[37m.[0m[37m`createdAt`[0m 
[94mAS[0m [37m`User_createdAt`[0m[37m,[0m [37m`User`[0m[37m.[0m[37m`updatedAt`[0m 
[94mAS[0m [37m`User_updatedAt`[0m[37m,[0m [37m`User`[0m[37m.[0m[37m`deletedAt`[0m 
[94mAS[0m [37m`User_deletedAt`[0m[37m,[0m [37m`User`[0m[37m.[0m[37m`roleAlias`[0m 
[94mAS[0m [37m`User_roleAlias`[0m[37m,[0m 
[37m`User__User_role`[0m[37m.[0m[37m`alias`[0m [94mAS[0m 
[37m`User__User_role_alias`[0m[37m,[0m [37m`User__User_role`[0m[37m.[0m[37m`name`[0m 
[94mAS[0m [37m`User__User_role_name`[0m[37m,[0m 
[37m`User__User_role`[0m[37m.[0m[37m`description`[0m [94mAS[0m 
[37m`User__User_role_description`[0m[37m,[0m 
[37m`User__User_role`[0m[37m.[0m[37m`createdAt`[0m [94mAS[0m 
[37m`User__User_role_createdAt`[0m[37m,[0m 
[37m`User__User_role`[0m[37m.[0m[37m`updatedAt`[0m [94mAS[0m 
[37m`User__User_role_updatedAt`[0m [94mFROM[0m [37m`users`[0m [37m`User`[0m [94mLEFT 
JOIN[0m [37m`roles`[0m [37m`User__User_role`[0m [94mON[0m [37m`User__User_role`[0m[37m
.[0m[37m`alias`[0m[37m=[0m[37m`User`[0m[37m.[0m[37m`roleAlias`[0m [94mWHERE[0m 
[37m([0m [37m([0m[37m([0m[37m`User`[0m[37m.[0m[37m`id`[0m [37m=[0m 
[37m?[0m[37m)[0m[37m)[0m [37m)[0m [94mAND[0m [37m([0m 
[37m`User`[0m[37m.[0m[37m`deletedAt`[0m [94mIS NULL[0m [37m)[0m [94mAND[0m 
[37m([0m [37m`User`[0m[37m.[0m[37m`id`[0m [94mIN[0m [37m([0m[32m64[0m[37m)[0m 
[37m)[0m [90m-- PARAMETERS: [64][0m

      at Function.logInfo (../src/platform/PlatformTools.ts:262:17)

    console.log
      [90m[4mquery:[24m[39m [94mSELECT[0m [37m`User`[0m[37m.[0m[37m`id`[0m 
[94mAS[0m [37m`User_id`[0m[37m,[0m [37m`User`[0m[37m.[0m[37m`username`[0m 
[94mAS[0m [37m`User_username`[0m[37m,[0m [37m`User`[0m[37m.[0m[37m`email`[0m 
[94mAS[0m [37m`User_email`[0m[37m,[0m [37m`User`[0m[37m.[0m[37m`password`[0m 
[94mAS[0m [37m`User_password`[0m[37m,[0m [37m`User`[0m[37m.[0m[37m`createdAt`[0m 
[94mAS[0m [37m`User_createdAt`[0m[37m,[0m [37m`User`[0m[37m.[0m[37m`updatedAt`[0m 
[94mAS[0m [37m`User_updatedAt`[0m[37m,[0m [37m`User`[0m[37m.[0m[37m`deletedAt`[0m 
[94mAS[0m [37m`User_deletedAt`[0m[37m,[0m [37m`User`[0m[37m.[0m[37m`roleAlias`[0m 
[94mAS[0m [37m`User_roleAlias`[0m [94mFROM[0m [37m`users`[0m [37m`User`[0m 
[94mWHERE[0m [37m`User`[0m[37m.[0m[37m`id`[0m [94mIN[0m 
[37m([0m[37m?[0m[37m)[0m [90m-- PARAMETERS: [64][0m

      at Function.logInfo (../src/platform/PlatformTools.ts:262:17)
          at async Promise.all (index 0)
          at async Promise.all (index 0)

    console.log
      [90m[4mquery:[24m[39m [37mSTART[0m [37mTRANSACTION[0m

      at Function.logInfo (../src/platform/PlatformTools.ts:262:17)

    console.log
      [90m[4mquery:[24m[39m [94mUPDATE[0m [37m`users`[0m [94mSET[0m 
[37m`password`[0m [37m=[0m [37m?[0m[37m,[0m [37m`updatedAt`[0m [37m=[0m 
[37mCURRENT_TIMESTAMP[0m [94mWHERE[0m [37m`id`[0m [94mIN[0m 
[37m([0m[37m?[0m[37m)[0m [90m-- PARAMETERS: 
["$2b$10$0JgLJAvGH.Mqh4tEfn6Yq.BZF5z1dPoy6aheJBwy63HKE3zwkz9R6",64][0m

      at Function.logInfo (../src/platform/PlatformTools.ts:262:17)
          at async Promise.all (index 0)

    console.log
      [90m[4mquery:[24m[39m [94mSELECT[0m [37m`User`[0m[37m.[0m[37m`id`[0m 
[94mAS[0m [37m`User_id`[0m[37m,[0m [37m`User`[0m[37m.[0m[37m`updatedAt`[0m 
[94mAS[0m [37m`User_updatedAt`[0m [94mFROM[0m [37m`users`[0m [37m`User`[0m 
[94mWHERE[0m [37m`User`[0m[37m.[0m[37m`id`[0m [37m=[0m [37m?[0m [90m-- PARAMETERS: 
[64][0m

      at Function.logInfo (../src/platform/PlatformTools.ts:262:17)
          at async Promise.all (index 0)
          at async Promise.all (index 0)

    console.log
      [90m[4mquery:[24m[39m [94mCOMMIT[0m

      at Function.logInfo (../src/platform/PlatformTools.ts:262:17)

    console.log
      [90m[4mquery:[24m[39m [94mSELECT DISTINCT[0m 
[37m`distinctAlias`[0m[37m.[0m[37m`User_id`[0m [94mAS[0m [37m`ids_User_id`[0m 
[94mFROM[0m [37m([0m[94mSELECT[0m [37m`User`[0m[37m.[0m[37m`id`[0m [94mAS[0m 
[37m`User_id`[0m[37m,[0m [37m`User`[0m[37m.[0m[37m`username`[0m [94mAS[0m 
[37m`User_username`[0m[37m,[0m [37m`User`[0m[37m.[0m[37m`email`[0m [94mAS[0m 
[37m`User_email`[0m[37m,[0m [37m`User`[0m[37m.[0m[37m`password`[0m [94mAS[0m 
[37m`User_password`[0m[37m,[0m [37m`User`[0m[37m.[0m[37m`createdAt`[0m [94mAS[0m 
[37m`User_createdAt`[0m[37m,[0m [37m`User`[0m[37m.[0m[37m`updatedAt`[0m [94mAS[0m 
[37m`User_updatedAt`[0m[37m,[0m [37m`User`[0m[37m.[0m[37m`deletedAt`[0m [94mAS[0m 
[37m`User_deletedAt`[0m[37m,[0m [37m`User`[0m[37m.[0m[37m`roleAlias`[0m [94mAS[0m 
[37m`User_roleAlias`[0m[37m,[0m [37m`User__User_role`[0m[37m.[0m[37m`alias`[0m 
[94mAS[0m [37m`User__User_role_alias`[0m[37m,[0m 
[37m`User__User_role`[0m[37m.[0m[37m`name`[0m [94mAS[0m 
[37m`User__User_role_name`[0m[37m,[0m 
[37m`User__User_role`[0m[37m.[0m[37m`description`[0m [94mAS[0m 
[37m`User__User_role_description`[0m[37m,[0m 
[37m`User__User_role`[0m[37m.[0m[37m`createdAt`[0m [94mAS[0m 
[37m`User__User_role_createdAt`[0m[37m,[0m 
[37m`User__User_role`[0m[37m.[0m[37m`updatedAt`[0m [94mAS[0m 
[37m`User__User_role_updatedAt`[0m [94mFROM[0m [37m`users`[0m [37m`User`[0m [94mLEFT 
JOIN[0m [37m`roles`[0m [37m`User__User_role`[0m [94mON[0m [37m`User__User_role`[0m[37m
.[0m[37m`alias`[0m[37m=[0m[37m`User`[0m[37m.[0m[37m`roleAlias`[0m [94mWHERE[0m 
[37m([0m [37m([0m[37m([0m[37m`User`[0m[37m.[0m[37m`username`[0m [37m=[0m 
[37m?[0m[37m)[0m[37m)[0m [37m)[0m [94mAND[0m [37m([0m 
[37m`User`[0m[37m.[0m[37m`deletedAt`[0m [94mIS NULL[0m [37m)[0m[37m)[0m 
[37m`distinctAlias`[0m [94mORDER BY[0m [37m`User_id`[0m [94mASC[0m [94mLIMIT[0m 
[32m1[0m [90m-- PARAMETERS: ["updateuser"][0m

      at Function.logInfo (../src/platform/PlatformTools.ts:262:17)

    console.log
      [90m[4mquery:[24m[39m [94mSELECT[0m [37m`User`[0m[37m.[0m[37m`id`[0m 
[94mAS[0m [37m`User_id`[0m[37m,[0m [37m`User`[0m[37m.[0m[37m`username`[0m 
[94mAS[0m [37m`User_username`[0m[37m,[0m [37m`User`[0m[37m.[0m[37m`email`[0m 
[94mAS[0m [37m`User_email`[0m[37m,[0m [37m`User`[0m[37m.[0m[37m`password`[0m 
[94mAS[0m [37m`User_password`[0m[37m,[0m [37m`User`[0m[37m.[0m[37m`createdAt`[0m 
[94mAS[0m [37m`User_createdAt`[0m[37m,[0m [37m`User`[0m[37m.[0m[37m`updatedAt`[0m 
[94mAS[0m [37m`User_updatedAt`[0m[37m,[0m [37m`User`[0m[37m.[0m[37m`deletedAt`[0m 
[94mAS[0m [37m`User_deletedAt`[0m[37m,[0m [37m`User`[0m[37m.[0m[37m`roleAlias`[0m 
[94mAS[0m [37m`User_roleAlias`[0m[37m,[0m 
[37m`User__User_role`[0m[37m.[0m[37m`alias`[0m [94mAS[0m 
[37m`User__User_role_alias`[0m[37m,[0m [37m`User__User_role`[0m[37m.[0m[37m`name`[0m 
[94mAS[0m [37m`User__User_role_name`[0m[37m,[0m 
[37m`User__User_role`[0m[37m.[0m[37m`description`[0m [94mAS[0m 
[37m`User__User_role_description`[0m[37m,[0m 
[37m`User__User_role`[0m[37m.[0m[37m`createdAt`[0m [94mAS[0m 
[37m`User__User_role_createdAt`[0m[37m,[0m 
[37m`User__User_role`[0m[37m.[0m[37m`updatedAt`[0m [94mAS[0m 
[37m`User__User_role_updatedAt`[0m [94mFROM[0m [37m`users`[0m [37m`User`[0m [94mLEFT 
JOIN[0m [37m`roles`[0m [37m`User__User_role`[0m [94mON[0m [37m`User__User_role`[0m[37m
.[0m[37m`alias`[0m[37m=[0m[37m`User`[0m[37m.[0m[37m`roleAlias`[0m [94mWHERE[0m 
[37m([0m [37m([0m[37m([0m[37m`User`[0m[37m.[0m[37m`username`[0m [37m=[0m 
[37m?[0m[37m)[0m[37m)[0m [37m)[0m [94mAND[0m [37m([0m 
[37m`User`[0m[37m.[0m[37m`deletedAt`[0m [94mIS NULL[0m [37m)[0m [94mAND[0m 
[37m([0m [37m`User`[0m[37m.[0m[37m`id`[0m [94mIN[0m [37m([0m[32m64[0m[37m)[0m 
[37m)[0m [90m-- PARAMETERS: ["updateuser"][0m

      at Function.logInfo (../src/platform/PlatformTools.ts:262:17)

    console.log
      [90m[4mquery:[24m[39m [94mSELECT DISTINCT[0m 
[37m`distinctAlias`[0m[37m.[0m[37m`User_id`[0m [94mAS[0m [37m`ids_User_id`[0m 
[94mFROM[0m [37m([0m[94mSELECT[0m [37m`User`[0m[37m.[0m[37m`id`[0m [94mAS[0m 
[37m`User_id`[0m[37m,[0m [37m`User`[0m[37m.[0m[37m`username`[0m [94mAS[0m 
[37m`User_username`[0m[37m,[0m [37m`User`[0m[37m.[0m[37m`email`[0m [94mAS[0m 
[37m`User_email`[0m[37m,[0m [37m`User`[0m[37m.[0m[37m`password`[0m [94mAS[0m 
[37m`User_password`[0m[37m,[0m [37m`User`[0m[37m.[0m[37m`createdAt`[0m [94mAS[0m 
[37m`User_createdAt`[0m[37m,[0m [37m`User`[0m[37m.[0m[37m`updatedAt`[0m [94mAS[0m 
[37m`User_updatedAt`[0m[37m,[0m [37m`User`[0m[37m.[0m[37m`deletedAt`[0m [94mAS[0m 
[37m`User_deletedAt`[0m[37m,[0m [37m`User`[0m[37m.[0m[37m`roleAlias`[0m [94mAS[0m 
[37m`User_roleAlias`[0m[37m,[0m [37m`User__User_role`[0m[37m.[0m[37m`alias`[0m 
[94mAS[0m [37m`User__User_role_alias`[0m[37m,[0m 
[37m`User__User_role`[0m[37m.[0m[37m`name`[0m [94mAS[0m 
[37m`User__User_role_name`[0m[37m,[0m 
[37m`User__User_role`[0m[37m.[0m[37m`description`[0m [94mAS[0m 
[37m`User__User_role_description`[0m[37m,[0m 
[37m`User__User_role`[0m[37m.[0m[37m`createdAt`[0m [94mAS[0m 
[37m`User__User_role_createdAt`[0m[37m,[0m 
[37m`User__User_role`[0m[37m.[0m[37m`updatedAt`[0m [94mAS[0m 
[37m`User__User_role_updatedAt`[0m [94mFROM[0m [37m`users`[0m [37m`User`[0m [94mLEFT 
JOIN[0m [37m`roles`[0m [37m`User__User_role`[0m [94mON[0m [37m`User__User_role`[0m[37m
.[0m[37m`alias`[0m[37m=[0m[37m`User`[0m[37m.[0m[37m`roleAlias`[0m [94mWHERE[0m 
[37m([0m [37m([0m[37m([0m[37m`User`[0m[37m.[0m[37m`id`[0m [37m=[0m 
[37m?[0m[37m)[0m[37m)[0m [37m)[0m [94mAND[0m [37m([0m 
[37m`User`[0m[37m.[0m[37m`deletedAt`[0m [94mIS NULL[0m [37m)[0m[37m)[0m 
[37m`distinctAlias`[0m [94mORDER BY[0m [37m`User_id`[0m [94mASC[0m [94mLIMIT[0m 
[32m1[0m [90m-- PARAMETERS: [99999][0m

      at Function.logInfo (../src/platform/PlatformTools.ts:262:17)

    console.log
      [90m[4mquery:[24m[39m [94mSELECT DISTINCT[0m 
[37m`distinctAlias`[0m[37m.[0m[37m`User_id`[0m [94mAS[0m [37m`ids_User_id`[0m 
[94mFROM[0m [37m([0m[94mSELECT[0m [37m`User`[0m[37m.[0m[37m`id`[0m [94mAS[0m 
[37m`User_id`[0m[37m,[0m [37m`User`[0m[37m.[0m[37m`username`[0m [94mAS[0m 
[37m`User_username`[0m[37m,[0m [37m`User`[0m[37m.[0m[37m`email`[0m [94mAS[0m 
[37m`User_email`[0m[37m,[0m [37m`User`[0m[37m.[0m[37m`password`[0m [94mAS[0m 
[37m`User_password`[0m[37m,[0m [37m`User`[0m[37m.[0m[37m`createdAt`[0m [94mAS[0m 
[37m`User_createdAt`[0m[37m,[0m [37m`User`[0m[37m.[0m[37m`updatedAt`[0m [94mAS[0m 
[37m`User_updatedAt`[0m[37m,[0m [37m`User`[0m[37m.[0m[37m`deletedAt`[0m [94mAS[0m 
[37m`User_deletedAt`[0m[37m,[0m [37m`User`[0m[37m.[0m[37m`roleAlias`[0m [94mAS[0m 
[37m`User_roleAlias`[0m[37m,[0m [37m`User__User_role`[0m[37m.[0m[37m`alias`[0m 
[94mAS[0m [37m`User__User_role_alias`[0m[37m,[0m 
[37m`User__User_role`[0m[37m.[0m[37m`name`[0m [94mAS[0m 
[37m`User__User_role_name`[0m[37m,[0m 
[37m`User__User_role`[0m[37m.[0m[37m`description`[0m [94mAS[0m 
[37m`User__User_role_description`[0m[37m,[0m 
[37m`User__User_role`[0m[37m.[0m[37m`createdAt`[0m [94mAS[0m 
[37m`User__User_role_createdAt`[0m[37m,[0m 
[37m`User__User_role`[0m[37m.[0m[37m`updatedAt`[0m [94mAS[0m 
[37m`User__User_role_updatedAt`[0m [94mFROM[0m [37m`users`[0m [37m`User`[0m [94mLEFT 
JOIN[0m [37m`roles`[0m [37m`User__User_role`[0m [94mON[0m [37m`User__User_role`[0m[37m
.[0m[37m`alias`[0m[37m=[0m[37m`User`[0m[37m.[0m[37m`roleAlias`[0m [94mWHERE[0m 
[37m([0m [37m([0m[37m([0m[37m`User`[0m[37m.[0m[37m`username`[0m [37m=[0m 
[37m?[0m[37m)[0m[37m)[0m [37m)[0m [94mAND[0m [37m([0m 
[37m`User`[0m[37m.[0m[37m`deletedAt`[0m [94mIS NULL[0m [37m)[0m[37m)[0m 
[37m`distinctAlias`[0m [94mORDER BY[0m [37m`User_id`[0m [94mASC[0m [94mLIMIT[0m 
[32m1[0m [90m-- PARAMETERS: ["todelete"][0m

      at Function.logInfo (../src/platform/PlatformTools.ts:262:17)

    console.log
      [90m[4mquery:[24m[39m [94mSELECT DISTINCT[0m 
[37m`distinctAlias`[0m[37m.[0m[37m`User_id`[0m [94mAS[0m [37m`ids_User_id`[0m 
[94mFROM[0m [37m([0m[94mSELECT[0m [37m`User`[0m[37m.[0m[37m`id`[0m [94mAS[0m 
[37m`User_id`[0m[37m,[0m [37m`User`[0m[37m.[0m[37m`username`[0m [94mAS[0m 
[37m`User_username`[0m[37m,[0m [37m`User`[0m[37m.[0m[37m`email`[0m [94mAS[0m 
[37m`User_email`[0m[37m,[0m [37m`User`[0m[37m.[0m[37m`password`[0m [94mAS[0m 
[37m`User_password`[0m[37m,[0m [37m`User`[0m[37m.[0m[37m`createdAt`[0m [94mAS[0m 
[37m`User_createdAt`[0m[37m,[0m [37m`User`[0m[37m.[0m[37m`updatedAt`[0m [94mAS[0m 
[37m`User_updatedAt`[0m[37m,[0m [37m`User`[0m[37m.[0m[37m`deletedAt`[0m [94mAS[0m 
[37m`User_deletedAt`[0m[37m,[0m [37m`User`[0m[37m.[0m[37m`roleAlias`[0m [94mAS[0m 
[37m`User_roleAlias`[0m[37m,[0m [37m`User__User_role`[0m[37m.[0m[37m`alias`[0m 
[94mAS[0m [37m`User__User_role_alias`[0m[37m,[0m 
[37m`User__User_role`[0m[37m.[0m[37m`name`[0m [94mAS[0m 
[37m`User__User_role_name`[0m[37m,[0m 
[37m`User__User_role`[0m[37m.[0m[37m`description`[0m [94mAS[0m 
[37m`User__User_role_description`[0m[37m,[0m 
[37m`User__User_role`[0m[37m.[0m[37m`createdAt`[0m [94mAS[0m 
[37m`User__User_role_createdAt`[0m[37m,[0m 
[37m`User__User_role`[0m[37m.[0m[37m`updatedAt`[0m [94mAS[0m 
[37m`User__User_role_updatedAt`[0m [94mFROM[0m [37m`users`[0m [37m`User`[0m [94mLEFT 
JOIN[0m [37m`roles`[0m [37m`User__User_role`[0m [94mON[0m [37m`User__User_role`[0m[37m
.[0m[37m`alias`[0m[37m=[0m[37m`User`[0m[37m.[0m[37m`roleAlias`[0m [94mWHERE[0m 
[37m([0m [37m([0m[37m([0m[37m`User`[0m[37m.[0m[37m`email`[0m [37m=[0m 
[37m?[0m[37m)[0m[37m)[0m [37m)[0m [94mAND[0m [37m([0m 
[37m`User`[0m[37m.[0m[37m`deletedAt`[0m [94mIS NULL[0m [37m)[0m[37m)[0m 
[37m`distinctAlias`[0m [94mORDER BY[0m [37m`User_id`[0m [94mASC[0m [94mLIMIT[0m 
[32m1[0m [90m-- PARAMETERS: ["todelete@example.com"][0m

      at Function.logInfo (../src/platform/PlatformTools.ts:262:17)

    console.log
      [90m[4mquery:[24m[39m [94mSELECT[0m [37m`Role`[0m[37m.[0m[37m`alias`[0m 
[94mAS[0m [37m`Role_alias`[0m[37m,[0m [37m`Role`[0m[37m.[0m[37m`name`[0m 
[94mAS[0m [37m`Role_name`[0m[37m,[0m [37m`Role`[0m[37m.[0m[37m`description`[0m 
[94mAS[0m [37m`Role_description`[0m[37m,[0m [37m`Role`[0m[37m.[0m[37m`createdAt`[0m 
[94mAS[0m [37m`Role_createdAt`[0m[37m,[0m [37m`Role`[0m[37m.[0m[37m`updatedAt`[0m 
[94mAS[0m [37m`Role_updatedAt`[0m [94mFROM[0m [37m`roles`[0m [37m`Role`[0m 
[94mWHERE[0m [37m([0m[37m([0m[37m`Role`[0m[37m.[0m[37m`alias`[0m [37m=[0m 
[37m?[0m[37m)[0m[37m)[0m [94mLIMIT[0m [32m1[0m [90m-- PARAMETERS: ["viewer"][0m

      at Function.logInfo (../src/platform/PlatformTools.ts:262:17)

    console.log
      [90m[4mquery:[24m[39m [37mSTART[0m [37mTRANSACTION[0m

      at Function.logInfo (../src/platform/PlatformTools.ts:262:17)

    console.log
      [90m[4mquery:[24m[39m [94mINSERT INTO[0m 
[37m`users`[0m[37m([0m[37m`id`[0m[37m,[0m [37m`username`[0m[37m,[0m 
[37m`email`[0m[37m,[0m [37m`password`[0m[37m,[0m [37m`createdAt`[0m[37m,[0m 
[37m`updatedAt`[0m[37m,[0m [37m`deletedAt`[0m[37m,[0m [37m`roleAlias`[0m[37m)[0m 
[94mVALUES[0m [37m([0m[94mDEFAULT[0m[37m,[0m [37m?[0m[37m,[0m [37m?[0m[37m,[0m 
[37m?[0m[37m,[0m [94mDEFAULT[0m[37m,[0m [94mDEFAULT[0m[37m,[0m 
[94mDEFAULT[0m[37m,[0m [37m?[0m[37m)[0m [90m-- PARAMETERS: ["todelete","todelete@exampl
e.com","$2b$10$2UXR4ukxg1nmZ6GmeQy64u/r/Q5RyVgqR3uTykQC6opNEyxYertfK","viewer"][0m

      at Function.logInfo (../src/platform/PlatformTools.ts:262:17)

    console.log
      [90m[4mquery:[24m[39m [94mSELECT[0m [37m`User`[0m[37m.[0m[37m`id`[0m 
[94mAS[0m [37m`User_id`[0m[37m,[0m [37m`User`[0m[37m.[0m[37m`createdAt`[0m 
[94mAS[0m [37m`User_createdAt`[0m[37m,[0m [37m`User`[0m[37m.[0m[37m`updatedAt`[0m 
[94mAS[0m [37m`User_updatedAt`[0m[37m,[0m [37m`User`[0m[37m.[0m[37m`deletedAt`[0m 
[94mAS[0m [37m`User_deletedAt`[0m [94mFROM[0m [37m`users`[0m [37m`User`[0m 
[94mWHERE[0m [37m([0m [37m`User`[0m[37m.[0m[37m`id`[0m [37m=[0m [37m?[0m 
[37m)[0m [94mAND[0m [37m([0m [37m`User`[0m[37m.[0m[37m`deletedAt`[0m [94mIS 
NULL[0m [37m)[0m [90m-- PARAMETERS: [66][0m

      at Function.logInfo (../src/platform/PlatformTools.ts:262:17)

    console.log
      [90m[4mquery:[24m[39m [94mCOMMIT[0m

      at Function.logInfo (../src/platform/PlatformTools.ts:262:17)

    console.log
      [90m[4mquery:[24m[39m [94mSELECT DISTINCT[0m 
[37m`distinctAlias`[0m[37m.[0m[37m`User_id`[0m [94mAS[0m [37m`ids_User_id`[0m 
[94mFROM[0m [37m([0m[94mSELECT[0m [37m`User`[0m[37m.[0m[37m`id`[0m [94mAS[0m 
[37m`User_id`[0m[37m,[0m [37m`User`[0m[37m.[0m[37m`username`[0m [94mAS[0m 
[37m`User_username`[0m[37m,[0m [37m`User`[0m[37m.[0m[37m`email`[0m [94mAS[0m 
[37m`User_email`[0m[37m,[0m [37m`User`[0m[37m.[0m[37m`password`[0m [94mAS[0m 
[37m`User_password`[0m[37m,[0m [37m`User`[0m[37m.[0m[37m`createdAt`[0m [94mAS[0m 
[37m`User_createdAt`[0m[37m,[0m [37m`User`[0m[37m.[0m[37m`updatedAt`[0m [94mAS[0m 
[37m`User_updatedAt`[0m[37m,[0m [37m`User`[0m[37m.[0m[37m`deletedAt`[0m [94mAS[0m 
[37m`User_deletedAt`[0m[37m,[0m [37m`User`[0m[37m.[0m[37m`roleAlias`[0m [94mAS[0m 
[37m`User_roleAlias`[0m[37m,[0m [37m`User__User_role`[0m[37m.[0m[37m`alias`[0m 
[94mAS[0m [37m`User__User_role_alias`[0m[37m,[0m 
[37m`User__User_role`[0m[37m.[0m[37m`name`[0m [94mAS[0m 
[37m`User__User_role_name`[0m[37m,[0m 
[37m`User__User_role`[0m[37m.[0m[37m`description`[0m [94mAS[0m 
[37m`User__User_role_description`[0m[37m,[0m 
[37m`User__User_role`[0m[37m.[0m[37m`createdAt`[0m [94mAS[0m 
[37m`User__User_role_createdAt`[0m[37m,[0m 
[37m`User__User_role`[0m[37m.[0m[37m`updatedAt`[0m [94mAS[0m 
[37m`User__User_role_updatedAt`[0m [94mFROM[0m [37m`users`[0m [37m`User`[0m [94mLEFT 
JOIN[0m [37m`roles`[0m [37m`User__User_role`[0m [94mON[0m [37m`User__User_role`[0m[37m
.[0m[37m`alias`[0m[37m=[0m[37m`User`[0m[37m.[0m[37m`roleAlias`[0m [94mWHERE[0m 
[37m([0m [37m([0m[37m([0m[37m`User`[0m[37m.[0m[37m`id`[0m [37m=[0m 
[37m?[0m[37m)[0m[37m)[0m [37m)[0m [94mAND[0m [37m([0m 
[37m`User`[0m[37m.[0m[37m`deletedAt`[0m [94mIS NULL[0m [37m)[0m[37m)[0m 
[37m`distinctAlias`[0m [94mORDER BY[0m [37m`User_id`[0m [94mASC[0m [94mLIMIT[0m 
[32m1[0m [90m-- PARAMETERS: [66][0m

      at Function.logInfo (../src/platform/PlatformTools.ts:262:17)

    console.log
      [90m[4mquery:[24m[39m [94mSELECT[0m [37m`User`[0m[37m.[0m[37m`id`[0m 
[94mAS[0m [37m`User_id`[0m[37m,[0m [37m`User`[0m[37m.[0m[37m`username`[0m 
[94mAS[0m [37m`User_username`[0m[37m,[0m [37m`User`[0m[37m.[0m[37m`email`[0m 
[94mAS[0m [37m`User_email`[0m[37m,[0m [37m`User`[0m[37m.[0m[37m`password`[0m 
[94mAS[0m [37m`User_password`[0m[37m,[0m [37m`User`[0m[37m.[0m[37m`createdAt`[0m 
[94mAS[0m [37m`User_createdAt`[0m[37m,[0m [37m`User`[0m[37m.[0m[37m`updatedAt`[0m 
[94mAS[0m [37m`User_updatedAt`[0m[37m,[0m [37m`User`[0m[37m.[0m[37m`deletedAt`[0m 
[94mAS[0m [37m`User_deletedAt`[0m[37m,[0m [37m`User`[0m[37m.[0m[37m`roleAlias`[0m 
[94mAS[0m [37m`User_roleAlias`[0m[37m,[0m 
[37m`User__User_role`[0m[37m.[0m[37m`alias`[0m [94mAS[0m 
[37m`User__User_role_alias`[0m[37m,[0m [37m`User__User_role`[0m[37m.[0m[37m`name`[0m 
[94mAS[0m [37m`User__User_role_name`[0m[37m,[0m 
[37m`User__User_role`[0m[37m.[0m[37m`description`[0m [94mAS[0m 
[37m`User__User_role_description`[0m[37m,[0m 
[37m`User__User_role`[0m[37m.[0m[37m`createdAt`[0m [94mAS[0m 
[37m`User__User_role_createdAt`[0m[37m,[0m 
[37m`User__User_role`[0m[37m.[0m[37m`updatedAt`[0m [94mAS[0m 
[37m`User__User_role_updatedAt`[0m [94mFROM[0m [37m`users`[0m [37m`User`[0m [94mLEFT 
JOIN[0m [37m`roles`[0m [37m`User__User_role`[0m [94mON[0m [37m`User__User_role`[0m[37m
.[0m[37m`alias`[0m[37m=[0m[37m`User`[0m[37m.[0m[37m`roleAlias`[0m [94mWHERE[0m 
[37m([0m [37m([0m[37m([0m[37m`User`[0m[37m.[0m[37m`id`[0m [37m=[0m 
[37m?[0m[37m)[0m[37m)[0m [37m)[0m [94mAND[0m [37m([0m 
[37m`User`[0m[37m.[0m[37m`deletedAt`[0m [94mIS NULL[0m [37m)[0m [94mAND[0m 
[37m([0m [37m`User`[0m[37m.[0m[37m`id`[0m [94mIN[0m [37m([0m[32m66[0m[37m)[0m 
[37m)[0m [90m-- PARAMETERS: [66][0m

      at Function.logInfo (../src/platform/PlatformTools.ts:262:17)

    console.log
      [90m[4mquery:[24m[39m [94mUPDATE[0m [37m`users`[0m [94mSET[0m 
[37m`deletedAt`[0m [37m=[0m [37mCURRENT_TIMESTAMP[0m[37m,[0m [37m`updatedAt`[0m 
[37m=[0m [37mCURRENT_TIMESTAMP[0m [94mWHERE[0m [37m`id`[0m [94mIN[0m 
[37m([0m[37m?[0m[37m)[0m [90m-- PARAMETERS: [66][0m

      at Function.logInfo (../src/platform/PlatformTools.ts:262:17)

    console.log
      [90m[4mquery:[24m[39m [94mSELECT[0m [37m*[0m [94mFROM[0m [37musers[0m 
[94mWHERE[0m [37mid[0m [37m=[0m [32m66[0m

      at Function.logInfo (../src/platform/PlatformTools.ts:262:17)

    console.log
      [90m[4mquery:[24m[39m [94mDELETE[0m [94mFROM[0m [37musers[0m [94mWHERE[0m 
[37mid[0m [37m=[0m [32m66[0m

      at Function.logInfo (../src/platform/PlatformTools.ts:262:17)

    console.log
      [90m[4mquery:[24m[39m [94mSELECT DISTINCT[0m 
[37m`distinctAlias`[0m[37m.[0m[37m`User_id`[0m [94mAS[0m [37m`ids_User_id`[0m 
[94mFROM[0m [37m([0m[94mSELECT[0m [37m`User`[0m[37m.[0m[37m`id`[0m [94mAS[0m 
[37m`User_id`[0m[37m,[0m [37m`User`[0m[37m.[0m[37m`username`[0m [94mAS[0m 
[37m`User_username`[0m[37m,[0m [37m`User`[0m[37m.[0m[37m`email`[0m [94mAS[0m 
[37m`User_email`[0m[37m,[0m [37m`User`[0m[37m.[0m[37m`password`[0m [94mAS[0m 
[37m`User_password`[0m[37m,[0m [37m`User`[0m[37m.[0m[37m`createdAt`[0m [94mAS[0m 
[37m`User_createdAt`[0m[37m,[0m [37m`User`[0m[37m.[0m[37m`updatedAt`[0m [94mAS[0m 
[37m`User_updatedAt`[0m[37m,[0m [37m`User`[0m[37m.[0m[37m`deletedAt`[0m [94mAS[0m 
[37m`User_deletedAt`[0m[37m,[0m [37m`User`[0m[37m.[0m[37m`roleAlias`[0m [94mAS[0m 
[37m`User_roleAlias`[0m[37m,[0m [37m`User__User_role`[0m[37m.[0m[37m`alias`[0m 
[94mAS[0m [37m`User__User_role_alias`[0m[37m,[0m 
[37m`User__User_role`[0m[37m.[0m[37m`name`[0m [94mAS[0m 
[37m`User__User_role_name`[0m[37m,[0m 
[37m`User__User_role`[0m[37m.[0m[37m`description`[0m [94mAS[0m 
[37m`User__User_role_description`[0m[37m,[0m 
[37m`User__User_role`[0m[37m.[0m[37m`createdAt`[0m [94mAS[0m 
[37m`User__User_role_createdAt`[0m[37m,[0m 
[37m`User__User_role`[0m[37m.[0m[37m`updatedAt`[0m [94mAS[0m 
[37m`User__User_role_updatedAt`[0m [94mFROM[0m [37m`users`[0m [37m`User`[0m [94mLEFT 
JOIN[0m [37m`roles`[0m [37m`User__User_role`[0m [94mON[0m [37m`User__User_role`[0m[37m
.[0m[37m`alias`[0m[37m=[0m[37m`User`[0m[37m.[0m[37m`roleAlias`[0m [94mWHERE[0m 
[37m([0m [37m([0m[37m([0m[37m`User`[0m[37m.[0m[37m`id`[0m [37m=[0m 
[37m?[0m[37m)[0m[37m)[0m [37m)[0m [94mAND[0m [37m([0m 
[37m`User`[0m[37m.[0m[37m`deletedAt`[0m [94mIS NULL[0m [37m)[0m[37m)[0m 
[37m`distinctAlias`[0m [94mORDER BY[0m [37m`User_id`[0m [94mASC[0m [94mLIMIT[0m 
[32m1[0m [90m-- PARAMETERS: [99999][0m

      at Function.logInfo (../src/platform/PlatformTools.ts:262:17)

    console.log
      [90m[4mquery:[24m[39m [94mSELECT DISTINCT[0m 
[37m`distinctAlias`[0m[37m.[0m[37m`User_id`[0m [94mAS[0m [37m`ids_User_id`[0m 
[94mFROM[0m [37m([0m[94mSELECT[0m [37m`User`[0m[37m.[0m[37m`id`[0m [94mAS[0m 
[37m`User_id`[0m[37m,[0m [37m`User`[0m[37m.[0m[37m`username`[0m [94mAS[0m 
[37m`User_username`[0m[37m,[0m [37m`User`[0m[37m.[0m[37m`email`[0m [94mAS[0m 
[37m`User_email`[0m[37m,[0m [37m`User`[0m[37m.[0m[37m`password`[0m [94mAS[0m 
[37m`User_password`[0m[37m,[0m [37m`User`[0m[37m.[0m[37m`createdAt`[0m [94mAS[0m 
[37m`User_createdAt`[0m[37m,[0m [37m`User`[0m[37m.[0m[37m`updatedAt`[0m [94mAS[0m 
[37m`User_updatedAt`[0m[37m,[0m [37m`User`[0m[37m.[0m[37m`deletedAt`[0m [94mAS[0m 
[37m`User_deletedAt`[0m[37m,[0m [37m`User`[0m[37m.[0m[37m`roleAlias`[0m [94mAS[0m 
[37m`User_roleAlias`[0m[37m,[0m [37m`User__User_role`[0m[37m.[0m[37m`alias`[0m 
[94mAS[0m [37m`User__User_role_alias`[0m[37m,[0m 
[37m`User__User_role`[0m[37m.[0m[37m`name`[0m [94mAS[0m 
[37m`User__User_role_name`[0m[37m,[0m 
[37m`User__User_role`[0m[37m.[0m[37m`description`[0m [94mAS[0m 
[37m`User__User_role_description`[0m[37m,[0m 
[37m`User__User_role`[0m[37m.[0m[37m`createdAt`[0m [94mAS[0m 
[37m`User__User_role_createdAt`[0m[37m,[0m 
[37m`User__User_role`[0m[37m.[0m[37m`updatedAt`[0m [94mAS[0m 
[37m`User__User_role_updatedAt`[0m [94mFROM[0m [37m`users`[0m [37m`User`[0m [94mLEFT 
JOIN[0m [37m`roles`[0m [37m`User__User_role`[0m [94mON[0m [37m`User__User_role`[0m[37m
.[0m[37m`alias`[0m[37m=[0m[37m`User`[0m[37m.[0m[37m`roleAlias`[0m [94mWHERE[0m 
[37m([0m [37m([0m[37m([0m[37m`User`[0m[37m.[0m[37m`id`[0m [37m=[0m 
[37m?[0m[37m)[0m[37m)[0m [37m)[0m [94mAND[0m [37m([0m 
[37m`User`[0m[37m.[0m[37m`deletedAt`[0m [94mIS NULL[0m [37m)[0m[37m)[0m 
[37m`distinctAlias`[0m [94mORDER BY[0m [37m`User_id`[0m [94mASC[0m [94mLIMIT[0m 
[32m1[0m [90m-- PARAMETERS: [64][0m

      at Function.logInfo (../src/platform/PlatformTools.ts:262:17)

    console.log
      [90m[4mquery:[24m[39m [94mSELECT[0m [37m`User`[0m[37m.[0m[37m`id`[0m 
[94mAS[0m [37m`User_id`[0m[37m,[0m [37m`User`[0m[37m.[0m[37m`username`[0m 
[94mAS[0m [37m`User_username`[0m[37m,[0m [37m`User`[0m[37m.[0m[37m`email`[0m 
[94mAS[0m [37m`User_email`[0m[37m,[0m [37m`User`[0m[37m.[0m[37m`password`[0m 
[94mAS[0m [37m`User_password`[0m[37m,[0m [37m`User`[0m[37m.[0m[37m`createdAt`[0m 
[94mAS[0m [37m`User_createdAt`[0m[37m,[0m [37m`User`[0m[37m.[0m[37m`updatedAt`[0m 
[94mAS[0m [37m`User_updatedAt`[0m[37m,[0m [37m`User`[0m[37m.[0m[37m`deletedAt`[0m 
[94mAS[0m [37m`User_deletedAt`[0m[37m,[0m [37m`User`[0m[37m.[0m[37m`roleAlias`[0m 
[94mAS[0m [37m`User_roleAlias`[0m[37m,[0m 
[37m`User__User_role`[0m[37m.[0m[37m`alias`[0m [94mAS[0m 
[37m`User__User_role_alias`[0m[37m,[0m [37m`User__User_role`[0m[37m.[0m[37m`name`[0m 
[94mAS[0m [37m`User__User_role_name`[0m[37m,[0m 
[37m`User__User_role`[0m[37m.[0m[37m`description`[0m [94mAS[0m 
[37m`User__User_role_description`[0m[37m,[0m 
[37m`User__User_role`[0m[37m.[0m[37m`createdAt`[0m [94mAS[0m 
[37m`User__User_role_createdAt`[0m[37m,[0m 
[37m`User__User_role`[0m[37m.[0m[37m`updatedAt`[0m [94mAS[0m 
[37m`User__User_role_updatedAt`[0m [94mFROM[0m [37m`users`[0m [37m`User`[0m [94mLEFT 
JOIN[0m [37m`roles`[0m [37m`User__User_role`[0m [94mON[0m [37m`User__User_role`[0m[37m
.[0m[37m`alias`[0m[37m=[0m[37m`User`[0m[37m.[0m[37m`roleAlias`[0m [94mWHERE[0m 
[37m([0m [37m([0m[37m([0m[37m`User`[0m[37m.[0m[37m`id`[0m [37m=[0m 
[37m?[0m[37m)[0m[37m)[0m [37m)[0m [94mAND[0m [37m([0m 
[37m`User`[0m[37m.[0m[37m`deletedAt`[0m [94mIS NULL[0m [37m)[0m [94mAND[0m 
[37m([0m [37m`User`[0m[37m.[0m[37m`id`[0m [94mIN[0m [37m([0m[32m64[0m[37m)[0m 
[37m)[0m [90m-- PARAMETERS: [64][0m

      at Function.logInfo (../src/platform/PlatformTools.ts:262:17)

    console.log
      [90m[4mquery:[24m[39m [94mSELECT[0m [37m`Role`[0m[37m.[0m[37m`alias`[0m 
[94mAS[0m [37m`Role_alias`[0m[37m,[0m [37m`Role`[0m[37m.[0m[37m`name`[0m 
[94mAS[0m [37m`Role_name`[0m[37m,[0m [37m`Role`[0m[37m.[0m[37m`description`[0m 
[94mAS[0m [37m`Role_description`[0m[37m,[0m [37m`Role`[0m[37m.[0m[37m`createdAt`[0m 
[94mAS[0m [37m`Role_createdAt`[0m[37m,[0m [37m`Role`[0m[37m.[0m[37m`updatedAt`[0m 
[94mAS[0m [37m`Role_updatedAt`[0m [94mFROM[0m [37m`roles`[0m [37m`Role`[0m 
[94mWHERE[0m [37m([0m[37m([0m[37m`Role`[0m[37m.[0m[37m`alias`[0m [37m=[0m 
[37m?[0m[37m)[0m[37m)[0m [94mLIMIT[0m [32m1[0m [90m-- PARAMETERS: ["manager"][0m

      at Function.logInfo (../src/platform/PlatformTools.ts:262:17)

    console.log
      [90m[4mquery:[24m[39m [94mSELECT[0m [37m`User`[0m[37m.[0m[37m`id`[0m 
[94mAS[0m [37m`User_id`[0m[37m,[0m [37m`User`[0m[37m.[0m[37m`username`[0m 
[94mAS[0m [37m`User_username`[0m[37m,[0m [37m`User`[0m[37m.[0m[37m`email`[0m 
[94mAS[0m [37m`User_email`[0m[37m,[0m [37m`User`[0m[37m.[0m[37m`password`[0m 
[94mAS[0m [37m`User_password`[0m[37m,[0m [37m`User`[0m[37m.[0m[37m`createdAt`[0m 
[94mAS[0m [37m`User_createdAt`[0m[37m,[0m [37m`User`[0m[37m.[0m[37m`updatedAt`[0m 
[94mAS[0m [37m`User_updatedAt`[0m[37m,[0m [37m`User`[0m[37m.[0m[37m`deletedAt`[0m 
[94mAS[0m [37m`User_deletedAt`[0m[37m,[0m [37m`User`[0m[37m.[0m[37m`roleAlias`[0m 
[94mAS[0m [37m`User_roleAlias`[0m [94mFROM[0m [37m`users`[0m [37m`User`[0m 
[94mWHERE[0m [37m`User`[0m[37m.[0m[37m`id`[0m [94mIN[0m 
[37m([0m[37m?[0m[37m)[0m [90m-- PARAMETERS: [64][0m

      at Function.logInfo (../src/platform/PlatformTools.ts:262:17)
          at async Promise.all (index 0)
          at async Promise.all (index 0)

    console.log
      [90m[4mquery:[24m[39m [37mSTART[0m [37mTRANSACTION[0m

      at Function.logInfo (../src/platform/PlatformTools.ts:262:17)

    console.log
      [90m[4mquery:[24m[39m [94mUPDATE[0m [37m`users`[0m [94mSET[0m 
[37m`roleAlias`[0m [37m=[0m [37m?[0m[37m,[0m [37m`updatedAt`[0m [37m=[0m 
[37mCURRENT_TIMESTAMP[0m [94mWHERE[0m [37m`id`[0m [94mIN[0m 
[37m([0m[37m?[0m[37m)[0m [90m-- PARAMETERS: ["manager",64][0m

      at Function.logInfo (../src/platform/PlatformTools.ts:262:17)
          at async Promise.all (index 0)

    console.log
      [90m[4mquery:[24m[39m [94mSELECT[0m [37m`User`[0m[37m.[0m[37m`id`[0m 
[94mAS[0m [37m`User_id`[0m[37m,[0m [37m`User`[0m[37m.[0m[37m`updatedAt`[0m 
[94mAS[0m [37m`User_updatedAt`[0m [94mFROM[0m [37m`users`[0m [37m`User`[0m 
[94mWHERE[0m [37m`User`[0m[37m.[0m[37m`id`[0m [37m=[0m [37m?[0m [90m-- PARAMETERS: 
[64][0m

      at Function.logInfo (../src/platform/PlatformTools.ts:262:17)
          at async Promise.all (index 0)
          at async Promise.all (index 0)

    console.log
      [90m[4mquery:[24m[39m [94mCOMMIT[0m

      at Function.logInfo (../src/platform/PlatformTools.ts:262:17)

    console.log
      [90m[4mquery:[24m[39m [94mDELETE[0m [94mFROM[0m [37musers[0m [94mWHERE[0m 
[37musername[0m [94mIN[0m [37m([0m[37m'testadmin'[0m[37m,[0m 
[37m'updateuser'[0m[37m)[0m

      at Function.logInfo (../src/platform/PlatformTools.ts:262:17)

PASS test/app.e2e-spec.ts
  ΓùÅ Console

    console.log
      [90m[4mquery:[24m[39m [94mSELECT[0m [95mversion[0m[37m([0m[37m)[0m

      at Function.logInfo (../src/platform/PlatformTools.ts:262:17)

    console.log
      [90m[4mquery:[24m[39m [37mSTART[0m [37mTRANSACTION[0m

      at Function.logInfo (../src/platform/PlatformTools.ts:262:17)

    console.log
      [90m[4mquery:[24m[39m [94mSELECT[0m [94mDATABASE[0m[37m([0m[37m)[0m 
[94mAS[0m [37m`db_name`[0m

      at Function.logInfo (../src/platform/PlatformTools.ts:262:17)

    console.log
      [90m[4mquery:[24m[39m [94mSELECT[0m [37m`TABLE_SCHEMA`[0m[37m,[0m 
[37m`TABLE_NAME`[0m[37m,[0m [37m`TABLE_COMMENT`[0m [94mFROM[0m 
[37m`INFORMATION_SCHEMA`[0m[37m.[0m[37m`TABLES`[0m [94mWHERE[0m [37m`TABLE_SCHEMA`[0m 
[37m=[0m [37m'inventory_db'[0m [94mAND[0m [37m`TABLE_NAME`[0m [37m=[0m 
[37m'roles'[0m [94mUNION[0m [94mSELECT[0m [37m`TABLE_SCHEMA`[0m[37m,[0m 
[37m`TABLE_NAME`[0m[37m,[0m [37m`TABLE_COMMENT`[0m [94mFROM[0m 
[37m`INFORMATION_SCHEMA`[0m[37m.[0m[37m`TABLES`[0m [94mWHERE[0m [37m`TABLE_SCHEMA`[0m 
[37m=[0m [37m'inventory_db'[0m [94mAND[0m [37m`TABLE_NAME`[0m [37m=[0m 
[37m'users'[0m

      at Function.logInfo (../src/platform/PlatformTools.ts:262:17)

    console.log
      [90m[4mquery:[24m[39m 
                      [94mSELECT[0m
                          [37m*[0m
                      [94mFROM[0m
                          [37m`INFORMATION_SCHEMA`[0m[37m.[0m[37m`COLUMNS`[0m
                      [94mWHERE[0m
                          [37m`TABLE_SCHEMA`[0m [37m=[0m [37m'inventory_db'[0m
                          [94mAND[0m
                          [37m`TABLE_NAME`[0m [37m=[0m [37m'roles'[0m
                       [94mUNION[0m 
                      [94mSELECT[0m
                          [37m*[0m
                      [94mFROM[0m
                          [37m`INFORMATION_SCHEMA`[0m[37m.[0m[37m`COLUMNS`[0m
                      [94mWHERE[0m
                          [37m`TABLE_SCHEMA`[0m [37m=[0m [37m'inventory_db'[0m
                          [94mAND[0m
                          [37m`TABLE_NAME`[0m [37m=[0m [37m'users'[0m

      at Function.logInfo (../src/platform/PlatformTools.ts:262:17)
          at async Promise.all (index 0)

    console.log
      [90m[4mquery:[24m[39m [94mSELECT[0m [37m*[0m [94mFROM[0m [37m([0m
                      [94mSELECT[0m
                          [37m*[0m
                      [94mFROM[0m 
[37m`INFORMATION_SCHEMA`[0m[37m.[0m[37m`KEY_COLUMN_USAGE`[0m [37m`kcu`[0m
                      [94mWHERE[0m
                          [37m`kcu`[0m[37m.[0m[37m`TABLE_SCHEMA`[0m [37m=[0m 
[37m'inventory_db'[0m
                          [94mAND[0m
                          [37m`kcu`[0m[37m.[0m[37m`TABLE_NAME`[0m [37m=[0m 
[37m'roles'[0m
                   [94mUNION[0m 
                      [94mSELECT[0m
                          [37m*[0m
                      [94mFROM[0m 
[37m`INFORMATION_SCHEMA`[0m[37m.[0m[37m`KEY_COLUMN_USAGE`[0m [37m`kcu`[0m
                      [94mWHERE[0m
                          [37m`kcu`[0m[37m.[0m[37m`TABLE_SCHEMA`[0m [37m=[0m 
[37m'inventory_db'[0m
                          [94mAND[0m
                          [37m`kcu`[0m[37m.[0m[37m`TABLE_NAME`[0m [37m=[0m 
[37m'users'[0m
                  [37m)[0m [37m`kcu`[0m [94mWHERE[0m [37m`CONSTRAINT_NAME`[0m 
[37m=[0m [37m'PRIMARY'[0m

      at Function.logInfo (../src/platform/PlatformTools.ts:262:17)
          at async Promise.all (index 1)

    console.log
      [90m[4mquery:[24m[39m 
                  [94mSELECT[0m
                      [37m`SCHEMA_NAME`[0m[37m,[0m
                      [37m`DEFAULT_CHARACTER_SET_NAME`[0m [94mas[0m 
[37m`CHARSET`[0m[37m,[0m
                      [37m`DEFAULT_COLLATION_NAME`[0m [94mAS[0m [37m`COLLATION`[0m
                  [94mFROM[0m [37m`INFORMATION_SCHEMA`[0m[37m.[0m[37m`SCHEMATA`[0m

      at Function.logInfo (../src/platform/PlatformTools.ts:262:17)
          at async Promise.all (index 2)

    console.log
      [90m[4mquery:[24m[39m 
                  [94mSELECT[0m
                      [37m`s`[0m[37m.[0m[37m*[0m
                  [94mFROM[0m [37m([0m
                      [94mSELECT[0m
                          [37m*[0m
                      [94mFROM[0m [37m`INFORMATION_SCHEMA`[0m[37m.[0m[37m`STATISTICS`[0m
                      [94mWHERE[0m
                          [37m`TABLE_SCHEMA`[0m [37m=[0m [37m'inventory_db'[0m
                          [94mAND[0m
                          [37m`TABLE_NAME`[0m [37m=[0m [37m'roles'[0m
                   [94mUNION[0m 
                      [94mSELECT[0m
                          [37m*[0m
                      [94mFROM[0m [37m`INFORMATION_SCHEMA`[0m[37m.[0m[37m`STATISTICS`[0m
                      [94mWHERE[0m
                          [37m`TABLE_SCHEMA`[0m [37m=[0m [37m'inventory_db'[0m
                          [94mAND[0m
                          [37m`TABLE_NAME`[0m [37m=[0m [37m'users'[0m
                  [37m)[0m [37m`s`[0m
                  [94mLEFT JOIN[0m [37m([0m
                      [94mSELECT[0m
                          [37m*[0m
                      [94mFROM[0m 
[37m`INFORMATION_SCHEMA`[0m[37m.[0m[37m`REFERENTIAL_CONSTRAINTS`[0m
                      [94mWHERE[0m
                          [37m`CONSTRAINT_SCHEMA`[0m [37m=[0m [37m'inventory_db'[0m
                          [94mAND[0m
                          [37m`TABLE_NAME`[0m [37m=[0m [37m'roles'[0m
                   [94mUNION[0m 
                      [94mSELECT[0m
                          [37m*[0m
                      [94mFROM[0m 
[37m`INFORMATION_SCHEMA`[0m[37m.[0m[37m`REFERENTIAL_CONSTRAINTS`[0m
                      [94mWHERE[0m
                          [37m`CONSTRAINT_SCHEMA`[0m [37m=[0m [37m'inventory_db'[0m
                          [94mAND[0m
                          [37m`TABLE_NAME`[0m [37m=[0m [37m'users'[0m
                  [37m)[0m [37m`rc`[0m
                      [94mON[0m
                          [37m`s`[0m[37m.[0m[37m`INDEX_NAME`[0m [37m=[0m 
[37m`rc`[0m[37m.[0m[37m`CONSTRAINT_NAME`[0m
                          [94mAND[0m
                          [37m`s`[0m[37m.[0m[37m`TABLE_SCHEMA`[0m [37m=[0m 
[37m`rc`[0m[37m.[0m[37m`CONSTRAINT_SCHEMA`[0m
                  [94mWHERE[0m
                      [37m`s`[0m[37m.[0m[37m`INDEX_NAME`[0m [37m!=[0m [37m'PRIMARY'[0m
                      [94mAND[0m
                      [37m`rc`[0m[37m.[0m[37m`CONSTRAINT_NAME`[0m [94mIS NULL[0m

      at Function.logInfo (../src/platform/PlatformTools.ts:262:17)
          at async Promise.all (index 3)

    console.log
      [90m[4mquery:[24m[39m 
                  [94mSELECT[0m
                      [37m`kcu`[0m[37m.[0m[37m`TABLE_SCHEMA`[0m[37m,[0m
                      [37m`kcu`[0m[37m.[0m[37m`TABLE_NAME`[0m[37m,[0m
                      [37m`kcu`[0m[37m.[0m[37m`CONSTRAINT_NAME`[0m[37m,[0m
                      [37m`kcu`[0m[37m.[0m[37m`COLUMN_NAME`[0m[37m,[0m
                      [37m`kcu`[0m[37m.[0m[37m`REFERENCED_TABLE_SCHEMA`[0m[37m,[0m
                      [37m`kcu`[0m[37m.[0m[37m`REFERENCED_TABLE_NAME`[0m[37m,[0m
                      [37m`kcu`[0m[37m.[0m[37m`REFERENCED_COLUMN_NAME`[0m[37m,[0m
                      [37m`rc`[0m[37m.[0m[37m`DELETE_RULE`[0m 
[37m`ON_DELETE`[0m[37m,[0m
                      [37m`rc`[0m[37m.[0m[37m`UPDATE_RULE`[0m [37m`ON_UPDATE`[0m
                  [94mFROM[0m [37m([0m
                      [94mSELECT[0m
                          [37m*[0m
                      [94mFROM[0m 
[37m`INFORMATION_SCHEMA`[0m[37m.[0m[37m`KEY_COLUMN_USAGE`[0m [37m`kcu`[0m
                      [94mWHERE[0m
                          [37m`kcu`[0m[37m.[0m[37m`TABLE_SCHEMA`[0m [37m=[0m 
[37m'inventory_db'[0m
                          [94mAND[0m
                          [37m`kcu`[0m[37m.[0m[37m`TABLE_NAME`[0m [37m=[0m 
[37m'roles'[0m
                   [94mUNION[0m 
                      [94mSELECT[0m
                          [37m*[0m
                      [94mFROM[0m 
[37m`INFORMATION_SCHEMA`[0m[37m.[0m[37m`KEY_COLUMN_USAGE`[0m [37m`kcu`[0m
                      [94mWHERE[0m
                          [37m`kcu`[0m[37m.[0m[37m`TABLE_SCHEMA`[0m [37m=[0m 
[37m'inventory_db'[0m
                          [94mAND[0m
                          [37m`kcu`[0m[37m.[0m[37m`TABLE_NAME`[0m [37m=[0m 
[37m'users'[0m
                  [37m)[0m [37m`kcu`[0m
                  [94mINNER JOIN[0m [37m([0m
                      [94mSELECT[0m
                          [37m*[0m
                      [94mFROM[0m 
[37m`INFORMATION_SCHEMA`[0m[37m.[0m[37m`REFERENTIAL_CONSTRAINTS`[0m
                      [94mWHERE[0m
                          [37m`CONSTRAINT_SCHEMA`[0m [37m=[0m [37m'inventory_db'[0m
                          [94mAND[0m
                          [37m`TABLE_NAME`[0m [37m=[0m [37m'roles'[0m
                   [94mUNION[0m 
                      [94mSELECT[0m
                          [37m*[0m
                      [94mFROM[0m 
[37m`INFORMATION_SCHEMA`[0m[37m.[0m[37m`REFERENTIAL_CONSTRAINTS`[0m
                      [94mWHERE[0m
                          [37m`CONSTRAINT_SCHEMA`[0m [37m=[0m [37m'inventory_db'[0m
                          [94mAND[0m
                          [37m`TABLE_NAME`[0m [37m=[0m [37m'users'[0m
                  [37m)[0m [37m`rc`[0m
                      [94mON[0m
                          [37m`rc`[0m[37m.[0m[37m`CONSTRAINT_SCHEMA`[0m [37m=[0m 
[37m`kcu`[0m[37m.[0m[37m`CONSTRAINT_SCHEMA`[0m
                          [94mAND[0m
                          [37m`rc`[0m[37m.[0m[37m`TABLE_NAME`[0m [37m=[0m 
[37m`kcu`[0m[37m.[0m[37m`TABLE_NAME`[0m
                          [94mAND[0m
                          [37m`rc`[0m[37m.[0m[37m`CONSTRAINT_NAME`[0m [37m=[0m 
[37m`kcu`[0m[37m.[0m[37m`CONSTRAINT_NAME`[0m

      at Function.logInfo (../src/platform/PlatformTools.ts:262:17)
          at async Promise.all (index 4)

    console.log
      [90m[4mquery:[24m[39m [94mSELECT[0m [37m*[0m [94mFROM[0m 
[37m`INFORMATION_SCHEMA`[0m[37m.[0m[37m`COLUMNS`[0m [94mWHERE[0m 
[37m`TABLE_SCHEMA`[0m [37m=[0m [37m'inventory_db'[0m [94mAND[0m [37m`TABLE_NAME`[0m 
[37m=[0m [37m'typeorm_metadata'[0m

      at Function.logInfo (../src/platform/PlatformTools.ts:262:17)

    console.log
      [90m[4mquery:[24m[39m [94mCOMMIT[0m

      at Function.logInfo (../src/platform/PlatformTools.ts:262:17)

PASS test/auth.e2e-spec.ts
  ΓùÅ Console

    console.log
      [90m[4mquery:[24m[39m [94mSELECT[0m [95mversion[0m[37m([0m[37m)[0m

      at Function.logInfo (../src/platform/PlatformTools.ts:262:17)

    console.log
      [90m[4mquery:[24m[39m [37mSTART[0m [37mTRANSACTION[0m

      at Function.logInfo (../src/platform/PlatformTools.ts:262:17)

    console.log
      [90m[4mquery:[24m[39m [94mSELECT[0m [94mDATABASE[0m[37m([0m[37m)[0m 
[94mAS[0m [37m`db_name`[0m

      at Function.logInfo (../src/platform/PlatformTools.ts:262:17)

    console.log
      [90m[4mquery:[24m[39m [94mSELECT[0m [37m`TABLE_SCHEMA`[0m[37m,[0m 
[37m`TABLE_NAME`[0m[37m,[0m [37m`TABLE_COMMENT`[0m [94mFROM[0m 
[37m`INFORMATION_SCHEMA`[0m[37m.[0m[37m`TABLES`[0m [94mWHERE[0m [37m`TABLE_SCHEMA`[0m 
[37m=[0m [37m'inventory_db'[0m [94mAND[0m [37m`TABLE_NAME`[0m [37m=[0m 
[37m'roles'[0m [94mUNION[0m [94mSELECT[0m [37m`TABLE_SCHEMA`[0m[37m,[0m 
[37m`TABLE_NAME`[0m[37m,[0m [37m`TABLE_COMMENT`[0m [94mFROM[0m 
[37m`INFORMATION_SCHEMA`[0m[37m.[0m[37m`TABLES`[0m [94mWHERE[0m [37m`TABLE_SCHEMA`[0m 
[37m=[0m [37m'inventory_db'[0m [94mAND[0m [37m`TABLE_NAME`[0m [37m=[0m 
[37m'users'[0m

      at Function.logInfo (../src/platform/PlatformTools.ts:262:17)

    console.log
      [90m[4mquery:[24m[39m 
                      [94mSELECT[0m
                          [37m*[0m
                      [94mFROM[0m
                          [37m`INFORMATION_SCHEMA`[0m[37m.[0m[37m`COLUMNS`[0m
                      [94mWHERE[0m
                          [37m`TABLE_SCHEMA`[0m [37m=[0m [37m'inventory_db'[0m
                          [94mAND[0m
                          [37m`TABLE_NAME`[0m [37m=[0m [37m'roles'[0m
                       [94mUNION[0m 
                      [94mSELECT[0m
                          [37m*[0m
                      [94mFROM[0m
                          [37m`INFORMATION_SCHEMA`[0m[37m.[0m[37m`COLUMNS`[0m
                      [94mWHERE[0m
                          [37m`TABLE_SCHEMA`[0m [37m=[0m [37m'inventory_db'[0m
                          [94mAND[0m
                          [37m`TABLE_NAME`[0m [37m=[0m [37m'users'[0m

      at Function.logInfo (../src/platform/PlatformTools.ts:262:17)
          at async Promise.all (index 0)

    console.log
      [90m[4mquery:[24m[39m [94mSELECT[0m [37m*[0m [94mFROM[0m [37m([0m
                      [94mSELECT[0m
                          [37m*[0m
                      [94mFROM[0m 
[37m`INFORMATION_SCHEMA`[0m[37m.[0m[37m`KEY_COLUMN_USAGE`[0m [37m`kcu`[0m
                      [94mWHERE[0m
                          [37m`kcu`[0m[37m.[0m[37m`TABLE_SCHEMA`[0m [37m=[0m 
[37m'inventory_db'[0m
                          [94mAND[0m
                          [37m`kcu`[0m[37m.[0m[37m`TABLE_NAME`[0m [37m=[0m 
[37m'roles'[0m
                   [94mUNION[0m 
                      [94mSELECT[0m
                          [37m*[0m
                      [94mFROM[0m 
[37m`INFORMATION_SCHEMA`[0m[37m.[0m[37m`KEY_COLUMN_USAGE`[0m [37m`kcu`[0m
                      [94mWHERE[0m
                          [37m`kcu`[0m[37m.[0m[37m`TABLE_SCHEMA`[0m [37m=[0m 
[37m'inventory_db'[0m
                          [94mAND[0m
                          [37m`kcu`[0m[37m.[0m[37m`TABLE_NAME`[0m [37m=[0m 
[37m'users'[0m
                  [37m)[0m [37m`kcu`[0m [94mWHERE[0m [37m`CONSTRAINT_NAME`[0m 
[37m=[0m [37m'PRIMARY'[0m

      at Function.logInfo (../src/platform/PlatformTools.ts:262:17)
          at async Promise.all (index 1)

    console.log
      [90m[4mquery:[24m[39m 
                  [94mSELECT[0m
                      [37m`SCHEMA_NAME`[0m[37m,[0m
                      [37m`DEFAULT_CHARACTER_SET_NAME`[0m [94mas[0m 
[37m`CHARSET`[0m[37m,[0m
                      [37m`DEFAULT_COLLATION_NAME`[0m [94mAS[0m [37m`COLLATION`[0m
                  [94mFROM[0m [37m`INFORMATION_SCHEMA`[0m[37m.[0m[37m`SCHEMATA`[0m

      at Function.logInfo (../src/platform/PlatformTools.ts:262:17)
          at async Promise.all (index 2)

    console.log
      [90m[4mquery:[24m[39m 
                  [94mSELECT[0m
                      [37m`s`[0m[37m.[0m[37m*[0m
                  [94mFROM[0m [37m([0m
                      [94mSELECT[0m
                          [37m*[0m
                      [94mFROM[0m [37m`INFORMATION_SCHEMA`[0m[37m.[0m[37m`STATISTICS`[0m
                      [94mWHERE[0m
                          [37m`TABLE_SCHEMA`[0m [37m=[0m [37m'inventory_db'[0m
                          [94mAND[0m
                          [37m`TABLE_NAME`[0m [37m=[0m [37m'roles'[0m
                   [94mUNION[0m 
                      [94mSELECT[0m
                          [37m*[0m
                      [94mFROM[0m [37m`INFORMATION_SCHEMA`[0m[37m.[0m[37m`STATISTICS`[0m
                      [94mWHERE[0m
                          [37m`TABLE_SCHEMA`[0m [37m=[0m [37m'inventory_db'[0m
                          [94mAND[0m
                          [37m`TABLE_NAME`[0m [37m=[0m [37m'users'[0m
                  [37m)[0m [37m`s`[0m
                  [94mLEFT JOIN[0m [37m([0m
                      [94mSELECT[0m
                          [37m*[0m
                      [94mFROM[0m 
[37m`INFORMATION_SCHEMA`[0m[37m.[0m[37m`REFERENTIAL_CONSTRAINTS`[0m
                      [94mWHERE[0m
                          [37m`CONSTRAINT_SCHEMA`[0m [37m=[0m [37m'inventory_db'[0m
                          [94mAND[0m
                          [37m`TABLE_NAME`[0m [37m=[0m [37m'roles'[0m
                   [94mUNION[0m 
                      [94mSELECT[0m
                          [37m*[0m
                      [94mFROM[0m 
[37m`INFORMATION_SCHEMA`[0m[37m.[0m[37m`REFERENTIAL_CONSTRAINTS`[0m
                      [94mWHERE[0m
                          [37m`CONSTRAINT_SCHEMA`[0m [37m=[0m [37m'inventory_db'[0m
                          [94mAND[0m
                          [37m`TABLE_NAME`[0m [37m=[0m [37m'users'[0m
                  [37m)[0m [37m`rc`[0m
                      [94mON[0m
                          [37m`s`[0m[37m.[0m[37m`INDEX_NAME`[0m [37m=[0m 
[37m`rc`[0m[37m.[0m[37m`CONSTRAINT_NAME`[0m
                          [94mAND[0m
                          [37m`s`[0m[37m.[0m[37m`TABLE_SCHEMA`[0m [37m=[0m 
[37m`rc`[0m[37m.[0m[37m`CONSTRAINT_SCHEMA`[0m
                  [94mWHERE[0m
                      [37m`s`[0m[37m.[0m[37m`INDEX_NAME`[0m [37m!=[0m [37m'PRIMARY'[0m
                      [94mAND[0m
                      [37m`rc`[0m[37m.[0m[37m`CONSTRAINT_NAME`[0m [94mIS NULL[0m

      at Function.logInfo (../src/platform/PlatformTools.ts:262:17)
          at async Promise.all (index 3)

    console.log
      [90m[4mquery:[24m[39m 
                  [94mSELECT[0m
                      [37m`kcu`[0m[37m.[0m[37m`TABLE_SCHEMA`[0m[37m,[0m
                      [37m`kcu`[0m[37m.[0m[37m`TABLE_NAME`[0m[37m,[0m
                      [37m`kcu`[0m[37m.[0m[37m`CONSTRAINT_NAME`[0m[37m,[0m
                      [37m`kcu`[0m[37m.[0m[37m`COLUMN_NAME`[0m[37m,[0m
                      [37m`kcu`[0m[37m.[0m[37m`REFERENCED_TABLE_SCHEMA`[0m[37m,[0m
                      [37m`kcu`[0m[37m.[0m[37m`REFERENCED_TABLE_NAME`[0m[37m,[0m
                      [37m`kcu`[0m[37m.[0m[37m`REFERENCED_COLUMN_NAME`[0m[37m,[0m
                      [37m`rc`[0m[37m.[0m[37m`DELETE_RULE`[0m 
[37m`ON_DELETE`[0m[37m,[0m
                      [37m`rc`[0m[37m.[0m[37m`UPDATE_RULE`[0m [37m`ON_UPDATE`[0m
                  [94mFROM[0m [37m([0m
                      [94mSELECT[0m
                          [37m*[0m
                      [94mFROM[0m 
[37m`INFORMATION_SCHEMA`[0m[37m.[0m[37m`KEY_COLUMN_USAGE`[0m [37m`kcu`[0m
                      [94mWHERE[0m
                          [37m`kcu`[0m[37m.[0m[37m`TABLE_SCHEMA`[0m [37m=[0m 
[37m'inventory_db'[0m
                          [94mAND[0m
                          [37m`kcu`[0m[37m.[0m[37m`TABLE_NAME`[0m [37m=[0m 
[37m'roles'[0m
                   [94mUNION[0m 
                      [94mSELECT[0m
                          [37m*[0m
                      [94mFROM[0m 
[37m`INFORMATION_SCHEMA`[0m[37m.[0m[37m`KEY_COLUMN_USAGE`[0m [37m`kcu`[0m
                      [94mWHERE[0m
                          [37m`kcu`[0m[37m.[0m[37m`TABLE_SCHEMA`[0m [37m=[0m 
[37m'inventory_db'[0m
                          [94mAND[0m
                          [37m`kcu`[0m[37m.[0m[37m`TABLE_NAME`[0m [37m=[0m 
[37m'users'[0m
                  [37m)[0m [37m`kcu`[0m
                  [94mINNER JOIN[0m [37m([0m
                      [94mSELECT[0m
                          [37m*[0m
                      [94mFROM[0m 
[37m`INFORMATION_SCHEMA`[0m[37m.[0m[37m`REFERENTIAL_CONSTRAINTS`[0m
                      [94mWHERE[0m
                          [37m`CONSTRAINT_SCHEMA`[0m [37m=[0m [37m'inventory_db'[0m
                          [94mAND[0m
                          [37m`TABLE_NAME`[0m [37m=[0m [37m'roles'[0m
                   [94mUNION[0m 
                      [94mSELECT[0m
                          [37m*[0m
                      [94mFROM[0m 
[37m`INFORMATION_SCHEMA`[0m[37m.[0m[37m`REFERENTIAL_CONSTRAINTS`[0m
                      [94mWHERE[0m
                          [37m`CONSTRAINT_SCHEMA`[0m [37m=[0m [37m'inventory_db'[0m
                          [94mAND[0m
                          [37m`TABLE_NAME`[0m [37m=[0m [37m'users'[0m
                  [37m)[0m [37m`rc`[0m
                      [94mON[0m
                          [37m`rc`[0m[37m.[0m[37m`CONSTRAINT_SCHEMA`[0m [37m=[0m 
[37m`kcu`[0m[37m.[0m[37m`CONSTRAINT_SCHEMA`[0m
                          [94mAND[0m
                          [37m`rc`[0m[37m.[0m[37m`TABLE_NAME`[0m [37m=[0m 
[37m`kcu`[0m[37m.[0m[37m`TABLE_NAME`[0m
                          [94mAND[0m
                          [37m`rc`[0m[37m.[0m[37m`CONSTRAINT_NAME`[0m [37m=[0m 
[37m`kcu`[0m[37m.[0m[37m`CONSTRAINT_NAME`[0m

      at Function.logInfo (../src/platform/PlatformTools.ts:262:17)
          at async Promise.all (index 4)

    console.log
      [90m[4mquery:[24m[39m [94mSELECT[0m [37m*[0m [94mFROM[0m 
[37m`INFORMATION_SCHEMA`[0m[37m.[0m[37m`COLUMNS`[0m [94mWHERE[0m 
[37m`TABLE_SCHEMA`[0m [37m=[0m [37m'inventory_db'[0m [94mAND[0m [37m`TABLE_NAME`[0m 
[37m=[0m [37m'typeorm_metadata'[0m

      at Function.logInfo (../src/platform/PlatformTools.ts:262:17)

    console.log
      [90m[4mquery:[24m[39m [94mCOMMIT[0m

      at Function.logInfo (../src/platform/PlatformTools.ts:262:17)

    console.log
      [90m[4mquery:[24m[39m [94mSELECT[0m [37m`Role`[0m[37m.[0m[37m`alias`[0m 
[94mAS[0m [37m`Role_alias`[0m[37m,[0m [37m`Role`[0m[37m.[0m[37m`name`[0m 
[94mAS[0m [37m`Role_name`[0m[37m,[0m [37m`Role`[0m[37m.[0m[37m`description`[0m 
[94mAS[0m [37m`Role_description`[0m[37m,[0m [37m`Role`[0m[37m.[0m[37m`createdAt`[0m 
[94mAS[0m [37m`Role_createdAt`[0m[37m,[0m [37m`Role`[0m[37m.[0m[37m`updatedAt`[0m 
[94mAS[0m [37m`Role_updatedAt`[0m [94mFROM[0m [37m`roles`[0m [37m`Role`[0m 
[94mWHERE[0m [37m([0m[37m([0m[37m`Role`[0m[37m.[0m[37m`alias`[0m [37m=[0m 
[37m?[0m[37m)[0m[37m)[0m [94mLIMIT[0m [32m1[0m [90m-- PARAMETERS: ["viewer"][0m

      at Function.logInfo (../src/platform/PlatformTools.ts:262:17)

    console.log
      [90m[4mquery:[24m[39m [94mSELECT[0m [37m`Role`[0m[37m.[0m[37m`alias`[0m 
[94mAS[0m [37m`Role_alias`[0m[37m,[0m [37m`Role`[0m[37m.[0m[37m`name`[0m 
[94mAS[0m [37m`Role_name`[0m[37m,[0m [37m`Role`[0m[37m.[0m[37m`description`[0m 
[94mAS[0m [37m`Role_description`[0m[37m,[0m [37m`Role`[0m[37m.[0m[37m`createdAt`[0m 
[94mAS[0m [37m`Role_createdAt`[0m[37m,[0m [37m`Role`[0m[37m.[0m[37m`updatedAt`[0m 
[94mAS[0m [37m`Role_updatedAt`[0m [94mFROM[0m [37m`roles`[0m [37m`Role`[0m 
[94mWHERE[0m [37m([0m[37m([0m[37m`Role`[0m[37m.[0m[37m`alias`[0m [37m=[0m 
[37m?[0m[37m)[0m[37m)[0m [94mLIMIT[0m [32m1[0m [90m-- PARAMETERS: ["manager"][0m

      at Function.logInfo (../src/platform/PlatformTools.ts:262:17)

    console.log
      [90m[4mquery:[24m[39m [94mSELECT[0m [37m`Role`[0m[37m.[0m[37m`alias`[0m 
[94mAS[0m [37m`Role_alias`[0m[37m,[0m [37m`Role`[0m[37m.[0m[37m`name`[0m 
[94mAS[0m [37m`Role_name`[0m[37m,[0m [37m`Role`[0m[37m.[0m[37m`description`[0m 
[94mAS[0m [37m`Role_description`[0m[37m,[0m [37m`Role`[0m[37m.[0m[37m`createdAt`[0m 
[94mAS[0m [37m`Role_createdAt`[0m[37m,[0m [37m`Role`[0m[37m.[0m[37m`updatedAt`[0m 
[94mAS[0m [37m`Role_updatedAt`[0m [94mFROM[0m [37m`roles`[0m [37m`Role`[0m 
[94mWHERE[0m [37m([0m[37m([0m[37m`Role`[0m[37m.[0m[37m`alias`[0m [37m=[0m 
[37m?[0m[37m)[0m[37m)[0m [94mLIMIT[0m [32m1[0m [90m-- PARAMETERS: ["admin"][0m

      at Function.logInfo (../src/platform/PlatformTools.ts:262:17)

    console.log
      [90m[4mquery:[24m[39m [94mSELECT DISTINCT[0m 
[37m`distinctAlias`[0m[37m.[0m[37m`User_id`[0m [94mAS[0m [37m`ids_User_id`[0m 
[94mFROM[0m [37m([0m[94mSELECT[0m [37m`User`[0m[37m.[0m[37m`id`[0m [94mAS[0m 
[37m`User_id`[0m[37m,[0m [37m`User`[0m[37m.[0m[37m`username`[0m [94mAS[0m 
[37m`User_username`[0m[37m,[0m [37m`User`[0m[37m.[0m[37m`email`[0m [94mAS[0m 
[37m`User_email`[0m[37m,[0m [37m`User`[0m[37m.[0m[37m`password`[0m [94mAS[0m 
[37m`User_password`[0m[37m,[0m [37m`User`[0m[37m.[0m[37m`createdAt`[0m [94mAS[0m 
[37m`User_createdAt`[0m[37m,[0m [37m`User`[0m[37m.[0m[37m`updatedAt`[0m [94mAS[0m 
[37m`User_updatedAt`[0m[37m,[0m [37m`User`[0m[37m.[0m[37m`deletedAt`[0m [94mAS[0m 
[37m`User_deletedAt`[0m[37m,[0m [37m`User`[0m[37m.[0m[37m`roleAlias`[0m [94mAS[0m 
[37m`User_roleAlias`[0m[37m,[0m [37m`User__User_role`[0m[37m.[0m[37m`alias`[0m 
[94mAS[0m [37m`User__User_role_alias`[0m[37m,[0m 
[37m`User__User_role`[0m[37m.[0m[37m`name`[0m [94mAS[0m 
[37m`User__User_role_name`[0m[37m,[0m 
[37m`User__User_role`[0m[37m.[0m[37m`description`[0m [94mAS[0m 
[37m`User__User_role_description`[0m[37m,[0m 
[37m`User__User_role`[0m[37m.[0m[37m`createdAt`[0m [94mAS[0m 
[37m`User__User_role_createdAt`[0m[37m,[0m 
[37m`User__User_role`[0m[37m.[0m[37m`updatedAt`[0m [94mAS[0m 
[37m`User__User_role_updatedAt`[0m [94mFROM[0m [37m`users`[0m [37m`User`[0m [94mLEFT 
JOIN[0m [37m`roles`[0m [37m`User__User_role`[0m [94mON[0m [37m`User__User_role`[0m[37m
.[0m[37m`alias`[0m[37m=[0m[37m`User`[0m[37m.[0m[37m`roleAlias`[0m [94mWHERE[0m 
[37m([0m [37m([0m[37m([0m[37m`User`[0m[37m.[0m[37m`username`[0m [37m=[0m 
[37m?[0m[37m)[0m[37m)[0m [37m)[0m [94mAND[0m [37m([0m 
[37m`User`[0m[37m.[0m[37m`deletedAt`[0m [94mIS NULL[0m [37m)[0m[37m)[0m 
[37m`distinctAlias`[0m [94mORDER BY[0m [37m`User_id`[0m [94mASC[0m [94mLIMIT[0m 
[32m1[0m [90m-- PARAMETERS: ["testuser"][0m

      at Function.logInfo (../src/platform/PlatformTools.ts:262:17)

    console.log
      [90m[4mquery:[24m[39m [94mSELECT DISTINCT[0m 
[37m`distinctAlias`[0m[37m.[0m[37m`User_id`[0m [94mAS[0m [37m`ids_User_id`[0m 
[94mFROM[0m [37m([0m[94mSELECT[0m [37m`User`[0m[37m.[0m[37m`id`[0m [94mAS[0m 
[37m`User_id`[0m[37m,[0m [37m`User`[0m[37m.[0m[37m`username`[0m [94mAS[0m 
[37m`User_username`[0m[37m,[0m [37m`User`[0m[37m.[0m[37m`email`[0m [94mAS[0m 
[37m`User_email`[0m[37m,[0m [37m`User`[0m[37m.[0m[37m`password`[0m [94mAS[0m 
[37m`User_password`[0m[37m,[0m [37m`User`[0m[37m.[0m[37m`createdAt`[0m [94mAS[0m 
[37m`User_createdAt`[0m[37m,[0m [37m`User`[0m[37m.[0m[37m`updatedAt`[0m [94mAS[0m 
[37m`User_updatedAt`[0m[37m,[0m [37m`User`[0m[37m.[0m[37m`deletedAt`[0m [94mAS[0m 
[37m`User_deletedAt`[0m[37m,[0m [37m`User`[0m[37m.[0m[37m`roleAlias`[0m [94mAS[0m 
[37m`User_roleAlias`[0m[37m,[0m [37m`User__User_role`[0m[37m.[0m[37m`alias`[0m 
[94mAS[0m [37m`User__User_role_alias`[0m[37m,[0m 
[37m`User__User_role`[0m[37m.[0m[37m`name`[0m [94mAS[0m 
[37m`User__User_role_name`[0m[37m,[0m 
[37m`User__User_role`[0m[37m.[0m[37m`description`[0m [94mAS[0m 
[37m`User__User_role_description`[0m[37m,[0m 
[37m`User__User_role`[0m[37m.[0m[37m`createdAt`[0m [94mAS[0m 
[37m`User__User_role_createdAt`[0m[37m,[0m 
[37m`User__User_role`[0m[37m.[0m[37m`updatedAt`[0m [94mAS[0m 
[37m`User__User_role_updatedAt`[0m [94mFROM[0m [37m`users`[0m [37m`User`[0m [94mLEFT 
JOIN[0m [37m`roles`[0m [37m`User__User_role`[0m [94mON[0m [37m`User__User_role`[0m[37m
.[0m[37m`alias`[0m[37m=[0m[37m`User`[0m[37m.[0m[37m`roleAlias`[0m [94mWHERE[0m 
[37m([0m [37m([0m[37m([0m[37m`User`[0m[37m.[0m[37m`email`[0m [37m=[0m 
[37m?[0m[37m)[0m[37m)[0m [37m)[0m [94mAND[0m [37m([0m 
[37m`User`[0m[37m.[0m[37m`deletedAt`[0m [94mIS NULL[0m [37m)[0m[37m)[0m 
[37m`distinctAlias`[0m [94mORDER BY[0m [37m`User_id`[0m [94mASC[0m [94mLIMIT[0m 
[32m1[0m [90m-- PARAMETERS: ["test@example.com"][0m

      at Function.logInfo (../src/platform/PlatformTools.ts:262:17)

    console.log
      [90m[4mquery:[24m[39m [94mSELECT[0m [37m`Role`[0m[37m.[0m[37m`alias`[0m 
[94mAS[0m [37m`Role_alias`[0m[37m,[0m [37m`Role`[0m[37m.[0m[37m`name`[0m 
[94mAS[0m [37m`Role_name`[0m[37m,[0m [37m`Role`[0m[37m.[0m[37m`description`[0m 
[94mAS[0m [37m`Role_description`[0m[37m,[0m [37m`Role`[0m[37m.[0m[37m`createdAt`[0m 
[94mAS[0m [37m`Role_createdAt`[0m[37m,[0m [37m`Role`[0m[37m.[0m[37m`updatedAt`[0m 
[94mAS[0m [37m`Role_updatedAt`[0m [94mFROM[0m [37m`roles`[0m [37m`Role`[0m 
[94mWHERE[0m [37m([0m[37m([0m[37m`Role`[0m[37m.[0m[37m`alias`[0m [37m=[0m 
[37m?[0m[37m)[0m[37m)[0m [94mLIMIT[0m [32m1[0m [90m-- PARAMETERS: ["viewer"][0m

      at Function.logInfo (../src/platform/PlatformTools.ts:262:17)

    console.log
      [90m[4mquery:[24m[39m [37mSTART[0m [37mTRANSACTION[0m

      at Function.logInfo (../src/platform/PlatformTools.ts:262:17)

    console.log
      [90m[4mquery:[24m[39m [94mINSERT INTO[0m 
[37m`users`[0m[37m([0m[37m`id`[0m[37m,[0m [37m`username`[0m[37m,[0m 
[37m`email`[0m[37m,[0m [37m`password`[0m[37m,[0m [37m`createdAt`[0m[37m,[0m 
[37m`updatedAt`[0m[37m,[0m [37m`deletedAt`[0m[37m,[0m [37m`roleAlias`[0m[37m)[0m 
[94mVALUES[0m [37m([0m[94mDEFAULT[0m[37m,[0m [37m?[0m[37m,[0m [37m?[0m[37m,[0m 
[37m?[0m[37m,[0m [94mDEFAULT[0m[37m,[0m [94mDEFAULT[0m[37m,[0m 
[94mDEFAULT[0m[37m,[0m [37m?[0m[37m)[0m [90m-- PARAMETERS: ["testuser","test@example.co
m","$2b$10$sB5L4hRjUkJ.RMIyz95pN.djcjJHCBm1JBSzSjYYWH.wkIBLUQ26q","viewer"][0m

      at Function.logInfo (../src/platform/PlatformTools.ts:262:17)

    console.log
      [90m[4mquery:[24m[39m [94mSELECT[0m [37m`User`[0m[37m.[0m[37m`id`[0m 
[94mAS[0m [37m`User_id`[0m[37m,[0m [37m`User`[0m[37m.[0m[37m`createdAt`[0m 
[94mAS[0m [37m`User_createdAt`[0m[37m,[0m [37m`User`[0m[37m.[0m[37m`updatedAt`[0m 
[94mAS[0m [37m`User_updatedAt`[0m[37m,[0m [37m`User`[0m[37m.[0m[37m`deletedAt`[0m 
[94mAS[0m [37m`User_deletedAt`[0m [94mFROM[0m [37m`users`[0m [37m`User`[0m 
[94mWHERE[0m [37m([0m [37m`User`[0m[37m.[0m[37m`id`[0m [37m=[0m [37m?[0m 
[37m)[0m [94mAND[0m [37m([0m [37m`User`[0m[37m.[0m[37m`deletedAt`[0m [94mIS 
NULL[0m [37m)[0m [90m-- PARAMETERS: [67][0m

      at Function.logInfo (../src/platform/PlatformTools.ts:262:17)

    console.log
      [90m[4mquery:[24m[39m [94mCOMMIT[0m

      at Function.logInfo (../src/platform/PlatformTools.ts:262:17)

    console.log
      [90m[4mquery:[24m[39m [94mSELECT DISTINCT[0m 
[37m`distinctAlias`[0m[37m.[0m[37m`User_id`[0m [94mAS[0m [37m`ids_User_id`[0m 
[94mFROM[0m [37m([0m[94mSELECT[0m [37m`User`[0m[37m.[0m[37m`id`[0m [94mAS[0m 
[37m`User_id`[0m[37m,[0m [37m`User`[0m[37m.[0m[37m`username`[0m [94mAS[0m 
[37m`User_username`[0m[37m,[0m [37m`User`[0m[37m.[0m[37m`email`[0m [94mAS[0m 
[37m`User_email`[0m[37m,[0m [37m`User`[0m[37m.[0m[37m`password`[0m [94mAS[0m 
[37m`User_password`[0m[37m,[0m [37m`User`[0m[37m.[0m[37m`createdAt`[0m [94mAS[0m 
[37m`User_createdAt`[0m[37m,[0m [37m`User`[0m[37m.[0m[37m`updatedAt`[0m [94mAS[0m 
[37m`User_updatedAt`[0m[37m,[0m [37m`User`[0m[37m.[0m[37m`deletedAt`[0m [94mAS[0m 
[37m`User_deletedAt`[0m[37m,[0m [37m`User`[0m[37m.[0m[37m`roleAlias`[0m [94mAS[0m 
[37m`User_roleAlias`[0m[37m,[0m [37m`User__User_role`[0m[37m.[0m[37m`alias`[0m 
[94mAS[0m [37m`User__User_role_alias`[0m[37m,[0m 
[37m`User__User_role`[0m[37m.[0m[37m`name`[0m [94mAS[0m 
[37m`User__User_role_name`[0m[37m,[0m 
[37m`User__User_role`[0m[37m.[0m[37m`description`[0m [94mAS[0m 
[37m`User__User_role_description`[0m[37m,[0m 
[37m`User__User_role`[0m[37m.[0m[37m`createdAt`[0m [94mAS[0m 
[37m`User__User_role_createdAt`[0m[37m,[0m 
[37m`User__User_role`[0m[37m.[0m[37m`updatedAt`[0m [94mAS[0m 
[37m`User__User_role_updatedAt`[0m [94mFROM[0m [37m`users`[0m [37m`User`[0m [94mLEFT 
JOIN[0m [37m`roles`[0m [37m`User__User_role`[0m [94mON[0m [37m`User__User_role`[0m[37m
.[0m[37m`alias`[0m[37m=[0m[37m`User`[0m[37m.[0m[37m`roleAlias`[0m [94mWHERE[0m 
[37m([0m [37m([0m[37m([0m[37m`User`[0m[37m.[0m[37m`username`[0m [37m=[0m 
[37m?[0m[37m)[0m[37m)[0m [37m)[0m [94mAND[0m [37m([0m 
[37m`User`[0m[37m.[0m[37m`deletedAt`[0m [94mIS NULL[0m [37m)[0m[37m)[0m 
[37m`distinctAlias`[0m [94mORDER BY[0m [37m`User_id`[0m [94mASC[0m [94mLIMIT[0m 
[32m1[0m [90m-- PARAMETERS: ["testuser"][0m

      at Function.logInfo (../src/platform/PlatformTools.ts:262:17)

    console.log
      [90m[4mquery:[24m[39m [94mSELECT[0m [37m`User`[0m[37m.[0m[37m`id`[0m 
[94mAS[0m [37m`User_id`[0m[37m,[0m [37m`User`[0m[37m.[0m[37m`username`[0m 
[94mAS[0m [37m`User_username`[0m[37m,[0m [37m`User`[0m[37m.[0m[37m`email`[0m 
[94mAS[0m [37m`User_email`[0m[37m,[0m [37m`User`[0m[37m.[0m[37m`password`[0m 
[94mAS[0m [37m`User_password`[0m[37m,[0m [37m`User`[0m[37m.[0m[37m`createdAt`[0m 
[94mAS[0m [37m`User_createdAt`[0m[37m,[0m [37m`User`[0m[37m.[0m[37m`updatedAt`[0m 
[94mAS[0m [37m`User_updatedAt`[0m[37m,[0m [37m`User`[0m[37m.[0m[37m`deletedAt`[0m 
[94mAS[0m [37m`User_deletedAt`[0m[37m,[0m [37m`User`[0m[37m.[0m[37m`roleAlias`[0m 
[94mAS[0m [37m`User_roleAlias`[0m[37m,[0m 
[37m`User__User_role`[0m[37m.[0m[37m`alias`[0m [94mAS[0m 
[37m`User__User_role_alias`[0m[37m,[0m [37m`User__User_role`[0m[37m.[0m[37m`name`[0m 
[94mAS[0m [37m`User__User_role_name`[0m[37m,[0m 
[37m`User__User_role`[0m[37m.[0m[37m`description`[0m [94mAS[0m 
[37m`User__User_role_description`[0m[37m,[0m 
[37m`User__User_role`[0m[37m.[0m[37m`createdAt`[0m [94mAS[0m 
[37m`User__User_role_createdAt`[0m[37m,[0m 
[37m`User__User_role`[0m[37m.[0m[37m`updatedAt`[0m [94mAS[0m 
[37m`User__User_role_updatedAt`[0m [94mFROM[0m [37m`users`[0m [37m`User`[0m [94mLEFT 
JOIN[0m [37m`roles`[0m [37m`User__User_role`[0m [94mON[0m [37m`User__User_role`[0m[37m
.[0m[37m`alias`[0m[37m=[0m[37m`User`[0m[37m.[0m[37m`roleAlias`[0m [94mWHERE[0m 
[37m([0m [37m([0m[37m([0m[37m`User`[0m[37m.[0m[37m`username`[0m [37m=[0m 
[37m?[0m[37m)[0m[37m)[0m [37m)[0m [94mAND[0m [37m([0m 
[37m`User`[0m[37m.[0m[37m`deletedAt`[0m [94mIS NULL[0m [37m)[0m [94mAND[0m 
[37m([0m [37m`User`[0m[37m.[0m[37m`id`[0m [94mIN[0m [37m([0m[32m67[0m[37m)[0m 
[37m)[0m [90m-- PARAMETERS: ["testuser"][0m

      at Function.logInfo (../src/platform/PlatformTools.ts:262:17)

    console.log
      [90m[4mquery:[24m[39m [94mSELECT DISTINCT[0m 
[37m`distinctAlias`[0m[37m.[0m[37m`User_id`[0m [94mAS[0m [37m`ids_User_id`[0m 
[94mFROM[0m [37m([0m[94mSELECT[0m [37m`User`[0m[37m.[0m[37m`id`[0m [94mAS[0m 
[37m`User_id`[0m[37m,[0m [37m`User`[0m[37m.[0m[37m`username`[0m [94mAS[0m 
[37m`User_username`[0m[37m,[0m [37m`User`[0m[37m.[0m[37m`email`[0m [94mAS[0m 
[37m`User_email`[0m[37m,[0m [37m`User`[0m[37m.[0m[37m`password`[0m [94mAS[0m 
[37m`User_password`[0m[37m,[0m [37m`User`[0m[37m.[0m[37m`createdAt`[0m [94mAS[0m 
[37m`User_createdAt`[0m[37m,[0m [37m`User`[0m[37m.[0m[37m`updatedAt`[0m [94mAS[0m 
[37m`User_updatedAt`[0m[37m,[0m [37m`User`[0m[37m.[0m[37m`deletedAt`[0m [94mAS[0m 
[37m`User_deletedAt`[0m[37m,[0m [37m`User`[0m[37m.[0m[37m`roleAlias`[0m [94mAS[0m 
[37m`User_roleAlias`[0m[37m,[0m [37m`User__User_role`[0m[37m.[0m[37m`alias`[0m 
[94mAS[0m [37m`User__User_role_alias`[0m[37m,[0m 
[37m`User__User_role`[0m[37m.[0m[37m`name`[0m [94mAS[0m 
[37m`User__User_role_name`[0m[37m,[0m 
[37m`User__User_role`[0m[37m.[0m[37m`description`[0m [94mAS[0m 
[37m`User__User_role_description`[0m[37m,[0m 
[37m`User__User_role`[0m[37m.[0m[37m`createdAt`[0m [94mAS[0m 
[37m`User__User_role_createdAt`[0m[37m,[0m 
[37m`User__User_role`[0m[37m.[0m[37m`updatedAt`[0m [94mAS[0m 
[37m`User__User_role_updatedAt`[0m [94mFROM[0m [37m`users`[0m [37m`User`[0m [94mLEFT 
JOIN[0m [37m`roles`[0m [37m`User__User_role`[0m [94mON[0m [37m`User__User_role`[0m[37m
.[0m[37m`alias`[0m[37m=[0m[37m`User`[0m[37m.[0m[37m`roleAlias`[0m [94mWHERE[0m 
[37m([0m [37m([0m[37m([0m[37m`User`[0m[37m.[0m[37m`username`[0m [37m=[0m 
[37m?[0m[37m)[0m[37m)[0m [37m)[0m [94mAND[0m [37m([0m 
[37m`User`[0m[37m.[0m[37m`deletedAt`[0m [94mIS NULL[0m [37m)[0m[37m)[0m 
[37m`distinctAlias`[0m [94mORDER BY[0m [37m`User_id`[0m [94mASC[0m [94mLIMIT[0m 
[32m1[0m [90m-- PARAMETERS: ["testuser"][0m

      at Function.logInfo (../src/platform/PlatformTools.ts:262:17)

    console.log
      [90m[4mquery:[24m[39m [94mSELECT[0m [37m`User`[0m[37m.[0m[37m`id`[0m 
[94mAS[0m [37m`User_id`[0m[37m,[0m [37m`User`[0m[37m.[0m[37m`username`[0m 
[94mAS[0m [37m`User_username`[0m[37m,[0m [37m`User`[0m[37m.[0m[37m`email`[0m 
[94mAS[0m [37m`User_email`[0m[37m,[0m [37m`User`[0m[37m.[0m[37m`password`[0m 
[94mAS[0m [37m`User_password`[0m[37m,[0m [37m`User`[0m[37m.[0m[37m`createdAt`[0m 
[94mAS[0m [37m`User_createdAt`[0m[37m,[0m [37m`User`[0m[37m.[0m[37m`updatedAt`[0m 
[94mAS[0m [37m`User_updatedAt`[0m[37m,[0m [37m`User`[0m[37m.[0m[37m`deletedAt`[0m 
[94mAS[0m [37m`User_deletedAt`[0m[37m,[0m [37m`User`[0m[37m.[0m[37m`roleAlias`[0m 
[94mAS[0m [37m`User_roleAlias`[0m[37m,[0m 
[37m`User__User_role`[0m[37m.[0m[37m`alias`[0m [94mAS[0m 
[37m`User__User_role_alias`[0m[37m,[0m [37m`User__User_role`[0m[37m.[0m[37m`name`[0m 
[94mAS[0m [37m`User__User_role_name`[0m[37m,[0m 
[37m`User__User_role`[0m[37m.[0m[37m`description`[0m [94mAS[0m 
[37m`User__User_role_description`[0m[37m,[0m 
[37m`User__User_role`[0m[37m.[0m[37m`createdAt`[0m [94mAS[0m 
[37m`User__User_role_createdAt`[0m[37m,[0m 
[37m`User__User_role`[0m[37m.[0m[37m`updatedAt`[0m [94mAS[0m 
[37m`User__User_role_updatedAt`[0m [94mFROM[0m [37m`users`[0m [37m`User`[0m [94mLEFT 
JOIN[0m [37m`roles`[0m [37m`User__User_role`[0m [94mON[0m [37m`User__User_role`[0m[37m
.[0m[37m`alias`[0m[37m=[0m[37m`User`[0m[37m.[0m[37m`roleAlias`[0m [94mWHERE[0m 
[37m([0m [37m([0m[37m([0m[37m`User`[0m[37m.[0m[37m`username`[0m [37m=[0m 
[37m?[0m[37m)[0m[37m)[0m [37m)[0m [94mAND[0m [37m([0m 
[37m`User`[0m[37m.[0m[37m`deletedAt`[0m [94mIS NULL[0m [37m)[0m [94mAND[0m 
[37m([0m [37m`User`[0m[37m.[0m[37m`id`[0m [94mIN[0m [37m([0m[32m67[0m[37m)[0m 
[37m)[0m [90m-- PARAMETERS: ["testuser"][0m

      at Function.logInfo (../src/platform/PlatformTools.ts:262:17)

    console.log
      [90m[4mquery:[24m[39m [94mSELECT DISTINCT[0m 
[37m`distinctAlias`[0m[37m.[0m[37m`User_id`[0m [94mAS[0m [37m`ids_User_id`[0m 
[94mFROM[0m [37m([0m[94mSELECT[0m [37m`User`[0m[37m.[0m[37m`id`[0m [94mAS[0m 
[37m`User_id`[0m[37m,[0m [37m`User`[0m[37m.[0m[37m`username`[0m [94mAS[0m 
[37m`User_username`[0m[37m,[0m [37m`User`[0m[37m.[0m[37m`email`[0m [94mAS[0m 
[37m`User_email`[0m[37m,[0m [37m`User`[0m[37m.[0m[37m`password`[0m [94mAS[0m 
[37m`User_password`[0m[37m,[0m [37m`User`[0m[37m.[0m[37m`createdAt`[0m [94mAS[0m 
[37m`User_createdAt`[0m[37m,[0m [37m`User`[0m[37m.[0m[37m`updatedAt`[0m [94mAS[0m 
[37m`User_updatedAt`[0m[37m,[0m [37m`User`[0m[37m.[0m[37m`deletedAt`[0m [94mAS[0m 
[37m`User_deletedAt`[0m[37m,[0m [37m`User`[0m[37m.[0m[37m`roleAlias`[0m [94mAS[0m 
[37m`User_roleAlias`[0m[37m,[0m [37m`User__User_role`[0m[37m.[0m[37m`alias`[0m 
[94mAS[0m [37m`User__User_role_alias`[0m[37m,[0m 
[37m`User__User_role`[0m[37m.[0m[37m`name`[0m [94mAS[0m 
[37m`User__User_role_name`[0m[37m,[0m 
[37m`User__User_role`[0m[37m.[0m[37m`description`[0m [94mAS[0m 
[37m`User__User_role_description`[0m[37m,[0m 
[37m`User__User_role`[0m[37m.[0m[37m`createdAt`[0m [94mAS[0m 
[37m`User__User_role_createdAt`[0m[37m,[0m 
[37m`User__User_role`[0m[37m.[0m[37m`updatedAt`[0m [94mAS[0m 
[37m`User__User_role_updatedAt`[0m [94mFROM[0m [37m`users`[0m [37m`User`[0m [94mLEFT 
JOIN[0m [37m`roles`[0m [37m`User__User_role`[0m [94mON[0m [37m`User__User_role`[0m[37m
.[0m[37m`alias`[0m[37m=[0m[37m`User`[0m[37m.[0m[37m`roleAlias`[0m [94mWHERE[0m 
[37m([0m [37m([0m[37m([0m[37m`User`[0m[37m.[0m[37m`username`[0m [37m=[0m 
[37m?[0m[37m)[0m[37m)[0m [37m)[0m [94mAND[0m [37m([0m 
[37m`User`[0m[37m.[0m[37m`deletedAt`[0m [94mIS NULL[0m [37m)[0m[37m)[0m 
[37m`distinctAlias`[0m [94mORDER BY[0m [37m`User_id`[0m [94mASC[0m [94mLIMIT[0m 
[32m1[0m [90m-- PARAMETERS: ["testuser"][0m

      at Function.logInfo (../src/platform/PlatformTools.ts:262:17)

    console.log
      [90m[4mquery:[24m[39m [94mSELECT[0m [37m`User`[0m[37m.[0m[37m`id`[0m 
[94mAS[0m [37m`User_id`[0m[37m,[0m [37m`User`[0m[37m.[0m[37m`username`[0m 
[94mAS[0m [37m`User_username`[0m[37m,[0m [37m`User`[0m[37m.[0m[37m`email`[0m 
[94mAS[0m [37m`User_email`[0m[37m,[0m [37m`User`[0m[37m.[0m[37m`password`[0m 
[94mAS[0m [37m`User_password`[0m[37m,[0m [37m`User`[0m[37m.[0m[37m`createdAt`[0m 
[94mAS[0m [37m`User_createdAt`[0m[37m,[0m [37m`User`[0m[37m.[0m[37m`updatedAt`[0m 
[94mAS[0m [37m`User_updatedAt`[0m[37m,[0m [37m`User`[0m[37m.[0m[37m`deletedAt`[0m 
[94mAS[0m [37m`User_deletedAt`[0m[37m,[0m [37m`User`[0m[37m.[0m[37m`roleAlias`[0m 
[94mAS[0m [37m`User_roleAlias`[0m[37m,[0m 
[37m`User__User_role`[0m[37m.[0m[37m`alias`[0m [94mAS[0m 
[37m`User__User_role_alias`[0m[37m,[0m [37m`User__User_role`[0m[37m.[0m[37m`name`[0m 
[94mAS[0m [37m`User__User_role_name`[0m[37m,[0m 
[37m`User__User_role`[0m[37m.[0m[37m`description`[0m [94mAS[0m 
[37m`User__User_role_description`[0m[37m,[0m 
[37m`User__User_role`[0m[37m.[0m[37m`createdAt`[0m [94mAS[0m 
[37m`User__User_role_createdAt`[0m[37m,[0m 
[37m`User__User_role`[0m[37m.[0m[37m`updatedAt`[0m [94mAS[0m 
[37m`User__User_role_updatedAt`[0m [94mFROM[0m [37m`users`[0m [37m`User`[0m [94mLEFT 
JOIN[0m [37m`roles`[0m [37m`User__User_role`[0m [94mON[0m [37m`User__User_role`[0m[37m
.[0m[37m`alias`[0m[37m=[0m[37m`User`[0m[37m.[0m[37m`roleAlias`[0m [94mWHERE[0m 
[37m([0m [37m([0m[37m([0m[37m`User`[0m[37m.[0m[37m`username`[0m [37m=[0m 
[37m?[0m[37m)[0m[37m)[0m [37m)[0m [94mAND[0m [37m([0m 
[37m`User`[0m[37m.[0m[37m`deletedAt`[0m [94mIS NULL[0m [37m)[0m [94mAND[0m 
[37m([0m [37m`User`[0m[37m.[0m[37m`id`[0m [94mIN[0m [37m([0m[32m67[0m[37m)[0m 
[37m)[0m [90m-- PARAMETERS: ["testuser"][0m

      at Function.logInfo (../src/platform/PlatformTools.ts:262:17)

    console.log
      [90m[4mquery:[24m[39m [94mSELECT DISTINCT[0m 
[37m`distinctAlias`[0m[37m.[0m[37m`User_id`[0m [94mAS[0m [37m`ids_User_id`[0m 
[94mFROM[0m [37m([0m[94mSELECT[0m [37m`User`[0m[37m.[0m[37m`id`[0m [94mAS[0m 
[37m`User_id`[0m[37m,[0m [37m`User`[0m[37m.[0m[37m`username`[0m [94mAS[0m 
[37m`User_username`[0m[37m,[0m [37m`User`[0m[37m.[0m[37m`email`[0m [94mAS[0m 
[37m`User_email`[0m[37m,[0m [37m`User`[0m[37m.[0m[37m`password`[0m [94mAS[0m 
[37m`User_password`[0m[37m,[0m [37m`User`[0m[37m.[0m[37m`createdAt`[0m [94mAS[0m 
[37m`User_createdAt`[0m[37m,[0m [37m`User`[0m[37m.[0m[37m`updatedAt`[0m [94mAS[0m 
[37m`User_updatedAt`[0m[37m,[0m [37m`User`[0m[37m.[0m[37m`deletedAt`[0m [94mAS[0m 
[37m`User_deletedAt`[0m[37m,[0m [37m`User`[0m[37m.[0m[37m`roleAlias`[0m [94mAS[0m 
[37m`User_roleAlias`[0m[37m,[0m [37m`User__User_role`[0m[37m.[0m[37m`alias`[0m 
[94mAS[0m [37m`User__User_role_alias`[0m[37m,[0m 
[37m`User__User_role`[0m[37m.[0m[37m`name`[0m [94mAS[0m 
[37m`User__User_role_name`[0m[37m,[0m 
[37m`User__User_role`[0m[37m.[0m[37m`description`[0m [94mAS[0m 
[37m`User__User_role_description`[0m[37m,[0m 
[37m`User__User_role`[0m[37m.[0m[37m`createdAt`[0m [94mAS[0m 
[37m`User__User_role_createdAt`[0m[37m,[0m 
[37m`User__User_role`[0m[37m.[0m[37m`updatedAt`[0m [94mAS[0m 
[37m`User__User_role_updatedAt`[0m [94mFROM[0m [37m`users`[0m [37m`User`[0m [94mLEFT 
JOIN[0m [37m`roles`[0m [37m`User__User_role`[0m [94mON[0m [37m`User__User_role`[0m[37m
.[0m[37m`alias`[0m[37m=[0m[37m`User`[0m[37m.[0m[37m`roleAlias`[0m [94mWHERE[0m 
[37m([0m [37m([0m[37m([0m[37m`User`[0m[37m.[0m[37m`username`[0m [37m=[0m 
[37m?[0m[37m)[0m[37m)[0m [37m)[0m [94mAND[0m [37m([0m 
[37m`User`[0m[37m.[0m[37m`deletedAt`[0m [94mIS NULL[0m [37m)[0m[37m)[0m 
[37m`distinctAlias`[0m [94mORDER BY[0m [37m`User_id`[0m [94mASC[0m [94mLIMIT[0m 
[32m1[0m [90m-- PARAMETERS: ["nonexistent"][0m

      at Function.logInfo (../src/platform/PlatformTools.ts:262:17)

    console.log
      [90m[4mquery:[24m[39m [94mDELETE[0m [94mFROM[0m [37musers[0m [94mWHERE[0m 
[37musername[0m [37m=[0m [37m'testuser'[0m

      at Function.logInfo (../src/platform/PlatformTools.ts:262:17)

A worker process has failed to exit gracefully and has been force exited. This is likely caused 
by tests leaking due to improper teardown. Try running with --detectOpenHandles to find leaks. 
Active timers can also cause this, ensure that .unref() was called on them.

Test Suites: 1 failed, 4 passed, 5 total
Tests:       13 failed, 18 passed, 31 total
Snapshots:   0 total
Time:        5.607 s, estimated 6 s
Ran all test suites.
